08-05 22:54:45.540     1     1 I i2c_geni 98c000.i2c: Dropping the link to c440000.qcom,spmi:qcom,pm8150@0:pinctrl@c000
08-05 22:54:45.540     1     1 I i2c_geni 98c000.i2c: Dropping the link to 18200000.rsc:rpmh-regulator-smpa5
08-05 22:54:45.540     1     1 I i2c_geni 98c000.i2c: Dropping the link to c440000.qcom,spmi:qcom,pm7250b@2:pinctrl@c000
08-05 22:54:45.540     1     1 I i2c_geni 98c000.i2c: Dropping the link to c440000.qcom,spmi:qcom,pm8150l@4:pinctrl@c000
08-05 22:54:45.540     1     1 I i2c_geni 98c000.i2c: Dropping the link to 18200000.rsc:rpmh-regulator-smpc8
08-05 22:54:45.540     1     1 I i2c_geni 98c000.i2c: Dropping the link to 18200000.rsc:rpmh-regulator-bobc1
08-05 22:54:45.541     1     1 I i2c 2-0020: Linked as a consumer to 1-0075
08-05 22:54:45.541     1     1 I vd6281 2-0020: Linked as a consumer to regulator.78
08-05 22:54:45.550     1     1 I vd6281 2-0020: probe success, device id 0x70 rc = 0
08-05 22:54:45.550     1     1 I i2c_geni 994000.i2c: Dropping the link to 1-0075
08-05 22:54:45.550     1     1 I vim2m.0 : Device registered as /dev/video0
08-05 22:54:45.550     1     1 I vicodec.0: Device registered as /dev/video1
08-05 22:54:45.550     1     1 I vicodec.0: Device registered as /dev/video2
08-05 22:54:45.551     1     1 E QG-K    : qpnp_qg_probe: Failed to get battery type, rc=-517
08-05 22:54:45.551     1     1 I google_bms: ref registered batt_eeprom at 0, dupes=0, refs=0
08-05 22:54:45.551     1     1 I google_bms: init done
08-05 22:54:45.551     1     1 I google_charger: renegotiate on full
08-05 22:54:45.551     1     1 I google_charger: charging profile in the battery
08-05 22:54:45.551     1     1 I logbuffer: id:pps registered
08-05 22:54:45.552     1     1 I logbuffer: id:ssoc registered
08-05 22:54:45.552     1     1 E google_battery: battery tz register failed. err:-19
08-05 22:54:45.552     1     1 E lito-pinctrl f000000.pinctrl: pin_config_group_set op failed for group 99
08-05 22:54:45.552     1     1 E p9221 1-003b: Error applying setting, reverse things back
08-05 22:54:45.552     1     1 I p9221 1-003b: enable gpio:1233
08-05 22:54:45.552     1     1 W p9221 1-003b: unable to read idt,gpio_slct from dt: -2
08-05 22:54:45.552     1     1 I p9221 1-003b: ben gpio:1131
08-05 22:54:45.552     1     1 I p9221 1-003b: switch gpio:1224
08-05 22:54:45.552     1     1 I p9221 1-003b: gpio:1234, gpio_irq:302
08-05 22:54:45.552     1     1 I p9221 1-003b: det gpio:1232, det gpio_irq:303
08-05 22:54:45.552     1     1 E p9221 1-003b: No dt fod provided (-22)
08-05 22:54:45.552     1     1 E p9221 1-003b: No dt fod epp provided (-22)
08-05 22:54:45.552     1     1 I p9221 1-003b: dt epp_rp_value: 24
08-05 22:54:45.552     1     1 I p9221 1-003b: dt needs_dcin_reset: 2
08-05 22:54:45.552     1     1 I p9221 1-003b: dt google,alignment_frequencies size = -22
08-05 22:54:45.552     1     1 I p9221 1-003b: google,alignment_hysteresis set to: 5000
08-05 22:54:45.552     1     1 I p9221 1-003b: google,alignment_scalar_low_current set to: 200
08-05 22:54:45.552     1     1 I p9221 1-003b: google,alignment_scalar_high_current set to: 118
08-05 22:54:45.552     1     1 I p9221 1-003b: google,alignment_offset_low_current set to: 125000
08-05 22:54:45.552     1     1 I p9221 1-003b: google,alignment_offset_high_current set to: 139000
08-05 22:54:45.552     1     1 W p9221 1-003b: Could not find DC_ICL votable
08-05 22:54:45.552     1     1 W p9221 1-003b: Could not find DC_SUSPEND votable
08-05 22:54:45.553     1     1 E i2c_geni 98c000.i2c: i2c error :-107
08-05 22:54:45.553     1     1 E p9221 1-003b: i2c read error, reg:0, ret:-107 (-19)
08-05 22:54:45.553     1     1 I p9221 1-003b: Charger rTX address :3b
08-05 22:54:45.553     1     1 E p9221 1-003b: Could not vote DC_ICL - no votable
08-05 22:54:45.553     1     1 I logbuffer: id:wireless registered
08-05 22:54:45.553     1     1 I logbuffer: id:rtx registered
08-05 22:54:45.553     1     1 I p9221 1-003b: p9221 Charger Driver Loaded
08-05 22:54:45.554     1     1 E qmi-therm-sensors soc: qmi-ts-sensors: Unknown sensor:BEAMER_W_THERM
08-05 22:54:45.554     1     1 W qmi-therm-sensors: probe of soc:qmi-ts-sensors failed with error -22
08-05 22:54:45.557     1     1 I softdog : initialized. soft_noboot=0 soft_margin=60 sec soft_panic=0 (nowayout=0)
08-05 22:54:45.558     1     1 I device-mapper: uevent: version 1.0.3
08-05 22:54:45.558     1     1 I device-mapper: ioctl: 4.39.0-ioctl (2018-04-03) initialised: dm-devel@redhat.com
08-05 22:54:45.558     1     1 I bt_power_populate_dt_pinfo: bt-reset-gpio not provided in devicetree
08-05 22:54:45.558     1     1 I bt_dt_parse_vreg_info: qca,bt-vdd-ldo: is not provided in device tree
08-05 22:54:45.558     1     1 I bt_dt_parse_vreg_info: qca,bt-chip-pwd: is not provided in device tree
08-05 22:54:45.558     1     1 I bt_dt_parse_vreg_info: qca,bt-vdd-aon: is not provided in device tree
08-05 22:54:45.558     1     1 I bt_dt_parse_vreg_info: qca,bt-vdd-dig: is not provided in device tree
08-05 22:54:45.558     1     1 I bt_dt_parse_vreg_info: qca,bt-vdd-rfa1: is not provided in device tree
08-05 22:54:45.558     1     1 I bt_dt_parse_vreg_info: qca,bt-vdd-rfa2: is not provided in device tree
08-05 22:54:45.558     1     1 I bt_dt_parse_vreg_info: qca,bt-vdd-asd: is not provided in device tree
08-05 22:54:45.558     1     1 I bt_dt_parse_clk_info: clocks is not provided in device tree
08-05 22:54:45.558     1     1 I EDAC DEVICE0: Giving out device to module soc:kryo-erp controller cache: DEV soc:kryo-erp (INTERRUPT)
08-05 22:54:45.558     1     1 I         : qcom_llcc_edac qcom_llcc_edac: No ECC IRQ; defaulting to polling mode
08-05 22:54:45.558     1     1 I EDAC DEVICE1: Giving out device to module qcom_llcc_edac controller llcc: DEV qcom_llcc_edac (POLLED)
08-05 22:54:45.558     1     1 I usbcore : registered new interface driver usbhid
08-05 22:54:45.558     1     1 I usbhid  : USB HID core driver
08-05 22:54:45.559     1     1 I ashmem  : initialized
08-05 22:54:45.559     1     1 I bimc-bwmon 90b6300.qcom,cpu-cpu-llcc-bwmon: BW HWmon governor registered.
08-05 22:54:45.559     1     1 I bimc-bwmon 90cd000.qcom,cpu-llcc-ddr-bwmon: BW HWmon governor registered.
08-05 22:54:45.559     1     1 I bimc-bwmon 60400.qcom,npu-npu-llcc-bwmon: BW HWmon governor registered.
08-05 22:54:45.559     1     1 I bimc-bwmon 90ce000.qcom,npu-llcc-ddr-bwmon: BW HWmon governor registered.
08-05 22:54:45.559     1     1 I bimc-bwmon 70300.qcom,npudsp-npu-ddr-bwmon: BW HWmon governor registered.
08-05 22:54:45.561     1     1 I arm-memlat-mon soc: qcom,cpu0-cpugrp:qcom,cpu0-cpu-l3-latmon: Memory Latency governor registered.
08-05 22:54:45.562     1     1 I arm-memlat-mon soc: qcom,cpu0-cpugrp:qcom,cpu0-cpu-llcc-latmon: Memory Latency governor registered.
08-05 22:54:45.563     1     1 I arm-memlat-mon soc: qcom,cpu0-cpugrp:qcom,cpu0-llcc-ddr-latmon: Memory Latency governor registered.
08-05 22:54:45.564     1     1 I arm-memlat-mon soc: qcom,cpu0-cpugrp:qcom,cpu0-computemon: Compute governor registered.
08-05 22:54:45.564     1     1 I arm-memlat-mon soc: qcom,cpu4-cpugrp:qcom,cpu6-cpu-l3-latmon: Memory Latency governor registered.
08-05 22:54:45.565     1     1 I arm-memlat-mon soc: qcom,cpu4-cpugrp:qcom,cpu7-cpu-l3-latmon: Memory Latency governor registered.
08-05 22:54:45.566     1     1 I arm-memlat-mon soc: qcom,cpu4-cpugrp:qcom,cpu6-cpu-llcc-latmon: Memory Latency governor registered.
08-05 22:54:45.567     1     1 I arm-memlat-mon soc: qcom,cpu4-cpugrp:qcom,cpu6-llcc-ddr-latmon: Memory Latency governor registered.
08-05 22:54:45.568     1     1 I arm-memlat-mon soc: qcom,cpu4-cpugrp:qcom,cpu6-computemon: Compute governor registered.
08-05 22:54:45.568     1     1 I arm-memlat-mon soc: qcom,cpu4-cpugrp:qcom,cpu7-computemon: Compute governor registered.
08-05 22:54:45.569     1     1 E register_client_adhoc: find path.src 1 dest 627
08-05 22:54:45.569     1     1 E register_client_adhoc: Client handle 20 soc:qcom,snoc_cnoc_keepalive
08-05 22:54:45.569     1     1 E register_client_adhoc: find path.src 1 dest 770
08-05 22:54:45.569     1     1 E register_client_adhoc: Client handle 21 soc:qcom,cpu-cpu-llcc-bw
08-05 22:54:45.570     1     1 E register_client_adhoc: find path.src 129 dest 512
08-05 22:54:45.570     1     1 E register_client_adhoc: Client handle 22 soc:qcom,cpu-llcc-ddr-bw
08-05 22:54:45.570     1     1 E register_client_adhoc: find path.src 154 dest 770
08-05 22:54:45.570     1     1 E register_client_adhoc: Client handle 23 soc:qcom,npu-npu-llcc-bw
08-05 22:54:45.570     1     1 E register_client_adhoc: find path.src 770 dest 512
08-05 22:54:45.570     1     1 E register_client_adhoc: Client handle 24 soc:qcom,npu-llcc-ddr-bw
08-05 22:54:45.570     1     1 E register_client_adhoc: find path.src 154 dest 512
08-05 22:54:45.571     1     1 E register_client_adhoc: Client handle 25 soc:qcom,npudsp-npu-ddr-bw
08-05 22:54:45.571     1     1 E register_client_adhoc: find path.src 1 dest 770
08-05 22:54:45.571     1     1 E register_client_adhoc: Client handle 26 soc:qcom,cpu0-cpu-llcc-lat
08-05 22:54:45.571     1     1 E register_client_adhoc: find path.src 129 dest 512
08-05 22:54:45.571     1     1 E register_client_adhoc: Client handle 27 soc:qcom,cpu0-llcc-ddr-lat
08-05 22:54:45.571     1     1 E register_client_adhoc: find path.src 129 dest 512
08-05 22:54:45.571     1     1 E register_client_adhoc: Client handle 28 soc:qcom,cpu0-cpu-ddr-latfloor
08-05 22:54:45.571     1     1 E register_client_adhoc: find path.src 1 dest 770
08-05 22:54:45.571     1     1 E register_client_adhoc: Client handle 29 soc:qcom,cpu6-cpu-llcc-lat
08-05 22:54:45.571     1     1 E register_client_adhoc: find path.src 129 dest 512
08-05 22:54:45.572     1     1 E register_client_adhoc: Client handle 30 soc:qcom,cpu6-llcc-ddr-lat
08-05 22:54:45.572     1     1 E register_client_adhoc: find path.src 129 dest 512
08-05 22:54:45.572     1     1 E register_client_adhoc: Client handle 31 soc:qcom,cpu6-cpu-ddr-latfloor
08-05 22:54:45.572     1     1 E register_client_adhoc: find path.src 129 dest 512
08-05 22:54:45.572     1     1 E register_client_adhoc: Client handle 32 soc:qcom,cpu7-cpu-ddr-latfloor
08-05 22:54:45.572     1     1 E register_client_adhoc: find path.src 26 dest 512
08-05 22:54:45.572     1     1 E register_client_adhoc: Client handle 33 soc:qcom,gpubw
08-05 22:54:45.573     1     1 E i2c_geni 98c000.i2c: i2c error :-107
08-05 22:54:45.573     1     1 E pac193x : failed reading data from register 0xFD
08-05 22:54:45.573     1     1 E pac193x : cannot read revision
08-05 22:54:45.573     1     1 W pac193x : probe of 1-0010 failed with error -22
08-05 22:54:45.573     1     1 E i2c_geni 98c000.i2c: i2c error :-107
08-05 22:54:45.573     1     1 E pac193x : failed reading data from register 0xFD
08-05 22:54:45.573     1     1 E pac193x : cannot read revision
08-05 22:54:45.573     1     1 W pac193x : probe of 1-0018 failed with error -22
08-05 22:54:45.574     1     1 E i2c_geni 98c000.i2c: i2c error :-107
08-05 22:54:45.574     1     1 E pac193x : failed reading data from register 0xFD
08-05 22:54:45.574     1     1 E pac193x : cannot read revision
08-05 22:54:45.574     1     1 W pac193x : probe of 1-001f failed with error -22
08-05 22:54:45.574     1     1 I qcom-llcc-pmu 90cc000.llcc-pmu: Registered llcc_pmu, type: 8
08-05 22:54:45.574     1     1 I usbcore : registered new interface driver snd-usb-audio
08-05 22:54:45.574     1     1 I iommu   : Adding device soc:usb_audio_qmi_dev to group 12
08-05 22:54:45.584     1     1 I rt5514 0-0057: rt5514_qmi initialized
08-05 22:54:45.584     1     1 I rt5514 0-0057: Register rt5514 success
08-05 22:54:45.584     1     1 I rt5514 spi1.0: handshake gpio 1200 property mnh-spi@0
08-05 22:54:45.585     1     1 I rt5514 spi1.0: rt5514-spi register component success.
08-05 22:54:45.585     1     1 E register_client_adhoc: find path.src 1 dest 590
08-05 22:54:45.585     1     1 E register_client_adhoc: Client handle 34 disp_rsc_reg
08-05 22:54:45.585     1     1 E register_client_adhoc: find path.src 20003 dest 20513
08-05 22:54:45.585     1     1 E register_client_adhoc: find path.src 20004 dest 20513
08-05 22:54:45.585     1     1 E register_client_adhoc: Client handle 35 disp_rsc_mnoc_llcc
08-05 22:54:45.585     1     1 E register_client_adhoc: find path.src 20000 dest 20512
08-05 22:54:45.585     1     1 E register_client_adhoc: Client handle 36 disp_rsc_ebi
08-05 22:54:45.585   329   329 W cs35l41 1-0040: 1-0040 supply VA not found, using dummy regulator
08-05 22:54:45.585     1     1 I sde_rsc af20000.qcom,sde_rscc: Linked as a consumer to regulator.67
08-05 22:54:45.585   329   329 I cs35l41 1-0040: Linked as a consumer to regulator.0
08-05 22:54:45.585   329   329 W cs35l41 1-0040: 1-0040 supply VP not found, using dummy regulator
08-05 22:54:45.585     1     1 I [sde_rsc_hw:rsc_hw_init_v3:537]: sde rsc init successfully done
08-05 22:54:45.585     1     1 I [sde_rsc:sde_rsc_probe:1594]: sde rsc index:0 probed successfully
08-05 22:54:45.585     1     1 W dsi_phy ae94400.qcom,mdss_dsi_phy0: ae94400.qcom,mdss_dsi_phy0 supply gdsc not found, using dummy regulator
08-05 22:54:45.585     1     1 I dsi_phy ae94400.qcom,mdss_dsi_phy0: Linked as a consumer to regulator.0
08-05 22:54:45.585     1     1 I dsi_phy ae94400.qcom,mdss_dsi_phy0: Linked as a consumer to regulator.11
08-05 22:54:45.586     1     1 I [drm:dsi_phy_driver_probe] [msm-dsi-info]: DSI_0: Probe successful
08-05 22:54:45.586     1     1 W dsi_phy ae96400.qcom,mdss_dsi_phy1: ae96400.qcom,mdss_dsi_phy1 supply gdsc not found, using dummy regulator
08-05 22:54:45.586     1     1 I dsi_phy ae96400.qcom,mdss_dsi_phy1: Linked as a consumer to regulator.0
08-05 22:54:45.586     1     1 I dsi_phy ae96400.qcom,mdss_dsi_phy1: Linked as a consumer to regulator.11
08-05 22:54:45.586     1     1 I [drm:dsi_phy_driver_probe] [msm-dsi-info]: DSI_1: Probe successful
08-05 22:54:45.587     1     1 E OF      : graph: no port node found in /soc/qcom,dsi-display-primary
08-05 22:54:45.587     1     1 E         : [drm:dsi_ctrl_get] *ERROR* [msm-dsi-error]: inv: Device with of node not found
08-05 22:54:45.587     1     1 E         : [drm:dsi_display_init] *ERROR* [msm-dsi-error]: failed to get dsi controller, rc=-517
08-05 22:54:45.587     1     1 E         : [drm:dsi_display_init] *ERROR* [msm-dsi-error]: [(null)] failed to initialize resources, rc=-517
08-05 22:54:45.587     1     1 E         : [drm:dsi_display_init] *ERROR* [msm-dsi-error]: device init failed, rc=-517
08-05 22:54:45.587     1     1 I msm_drm ae00000.qcom,mdss_mdp: Dropping the link to 15000000.apps-smmu
08-05 22:54:45.587     1     1 I msm_drm ae00000.qcom,mdss_mdp: Dropping the link to 16e0000.ad-hoc-bus
08-05 22:54:45.589     1     1 I platform soc: qcom,cam_smmu:msm_cam_smmu_ife: Linked as a consumer to 15000000.apps-smmu
08-05 22:54:45.589     1     1 I iommu   : Adding device soc:qcom,cam_smmu:msm_cam_smmu_ife to group 13
08-05 22:54:45.590     1     1 I platform soc: qcom,cam_smmu:msm_cam_smmu_jpeg: Linked as a consumer to 15000000.apps-smmu
08-05 22:54:45.590     1     1 I iommu   : Adding device soc:qcom,cam_smmu:msm_cam_smmu_jpeg to group 14
08-05 22:54:45.590     1     1 I platform soc: qcom,cam_smmu:msm_cam_icp_fw: assigned reserved memory node pil_camera_region@86000000
08-05 22:54:45.592     1     1 I platform soc: qcom,cam_smmu:msm_cam_smmu_icp: Linked as a consumer to 15000000.apps-smmu
08-05 22:54:45.592     1     1 I iommu   : Adding device soc:qcom,cam_smmu:msm_cam_smmu_icp to group 15
08-05 22:54:45.593     1     1 I platform soc: qcom,cam_smmu:msm_cam_smmu_cpas_cdm: Linked as a consumer to 15000000.apps-smmu
08-05 22:54:45.593     1     1 I iommu   : Adding device soc:qcom,cam_smmu:msm_cam_smmu_cpas_cdm to group 16
08-05 22:54:45.595     1     1 I platform soc: qcom,cam_smmu:msm_cam_smmu_fd: Linked as a consumer to 15000000.apps-smmu
08-05 22:54:45.595     1     1 I iommu   : Adding device soc:qcom,cam_smmu:msm_cam_smmu_fd to group 17
08-05 22:54:45.596     1     1 I platform soc: qcom,cam_smmu:msm_cam_smmu_lrme: Linked as a consumer to 15000000.apps-smmu
08-05 22:54:45.596     1     1 I iommu   : Adding device soc:qcom,cam_smmu:msm_cam_smmu_lrme to group 18
08-05 22:54:45.596     1     1 I msm_cam_smmu soc: qcom,cam_smmu: Dropping the link to 15000000.apps-smmu
08-05 22:54:45.598     1     1 I cam-cpas ac40000.qcom,cam-cpas: Linked as a consumer to regulator.66
08-05 22:54:45.598     1     1 I CAM_INFO: CAM-CPAS: cam_cpas_get_hw_features: 425 feature_bit 0x0 addr 0x780210, bit 29
08-05 22:54:45.598     1     1 I CAM_INFO: CAM-CPAS: cam_cpas_get_hw_features: 436 fuse 000000000b0f162b, fuse_val 7fef0298, feature_mask ffffffff
08-05 22:54:45.598     1     1 I CAM_INFO: CAM-CPAS: cam_cpas_get_hw_features: 425 feature_bit 0x1 addr 0x780210, bit 18
08-05 22:54:45.598     1     1 I CAM_INFO: CAM-CPAS: cam_cpas_get_hw_features: 436 fuse 000000003591796b, fuse_val 7fef0298, feature_mask ffffffff
08-05 22:54:45.599     1     1 E register_client_adhoc: find path.src 1 dest 589
08-05 22:54:45.599     1     1 E register_client_adhoc: Client handle 37 cam_ahb
08-05 22:54:45.599     1     1 E register_client_adhoc: find path.src 145 dest 512
08-05 22:54:45.599     1     1 E register_client_adhoc: Client handle 38 cam_hf_3_mnoc
08-05 22:54:45.599     1     1 E register_client_adhoc: find path.src 136 dest 512
08-05 22:54:45.599     1     1 E register_client_adhoc: Client handle 39 cam_hf_1_mnoc
08-05 22:54:45.599     1     1 E register_client_adhoc: find path.src 137 dest 512
08-05 22:54:45.599     1     1 E register_client_adhoc: Client handle 40 cam_sf_0_mnoc
08-05 22:54:45.599     1     1 E register_client_adhoc: find path.src 171 dest 512
08-05 22:54:45.599     1     1 E register_client_adhoc: Client handle 41 cam_hf_4_mnoc
08-05 22:54:45.601     1     1 I msm_cam_cdm ac48000.qcom,cpas-cdm0: Linked as a consumer to regulator.66
08-05 22:54:45.602     1     1 I csid_17x acb3000.qcom,csid0: Linked as a consumer to regulator.66
08-05 22:54:45.602     1     1 I csid_17x acb3000.qcom,csid0: Linked as a consumer to regulator.64
08-05 22:54:45.602     1     1 I csid_17x acba000.qcom,csid1: Linked as a consumer to regulator.66
08-05 22:54:45.602     1     1 I csid_17x acba000.qcom,csid1: Linked as a consumer to regulator.65
08-05 22:54:45.602     1     1 I csid_lite acc8000.qcom,csid-lite0: Linked as a consumer to regulator.66
08-05 22:54:45.602     1     1 I cam_vfe acaf000.qcom,vfe0: Linked as a consumer to regulator.66
08-05 22:54:45.602     1     1 I cam_vfe acaf000.qcom,vfe0: Linked as a consumer to regulator.64
08-05 22:54:45.603     1     1 I cam_vfe acb6000.qcom,vfe1: Linked as a consumer to regulator.66
08-05 22:54:45.603     1     1 I cam_vfe acb6000.qcom,vfe1: Linked as a consumer to regulator.65
08-05 22:54:45.605     1     1 I CAM_INFO: CAM-UTIL: cam_soc_util_get_option_clk_by_name: 564 No clk data for ife_dsp_clk
08-05 22:54:45.605     1     1 I CAM_WARN: CAM-ISP: cam_vfe_init_soc_resources: 154 Option clk get failed with rc -22
08-05 22:54:45.605     1     1 I cam_vfe acc4000.qcom,vfe-lite0: Linked as a consumer to regulator.66
08-05 22:54:45.606     1     1 I CAM_ERR : CAM-ISP: cam_isp_context_debug_register: 5214 failed to create dentry
08-05 22:54:45.606     1     1 I chatty  : uid=1036(auditd) identical 5 lines
08-05 22:54:45.606     1     1 I CAM_ERR : CAM-ISP: cam_isp_context_debug_register: 5214 failed to create dentry
08-05 22:54:45.606     1     1 I CAM_INFO: CAM-ISP: cam_isp_dev_probe: 189 Camera ISP probe complete
08-05 22:54:45.606     1     1 I CAM_INFO: CAM: cam_res_mgr_probe: 682 Disable shared gpio support.
08-05 22:54:45.607     1     1 I cam-cci-driver ac4a000.qcom,cci0: Linked as a consumer to regulator.66
08-05 22:54:45.608     1     1 I platform ac4a000.qcom,cci0: qcom,actuator@0: Linked as a consumer to 0.gpio-regulator
08-05 22:54:45.609     1     1 I platform ac4a000.qcom,cci0: qcom,eeprom@0: Linked as a consumer to 1-0075
08-05 22:54:45.609     1     1 I platform ac4a000.qcom,cci0: qcom,eeprom@0: Linked as a consumer to 0.gpio-regulator
08-05 22:54:45.609     1     1 I platform ac4a000.qcom,cci0: qcom,eeprom@0: Linked as a consumer to ad0c1c4.qcom,gdsc
08-05 22:54:45.609     1     1 I platform ac4a000.qcom,cci0: qcom,eeprom@0: Linked as a consumer to f000000.pinctrl
08-05 22:54:45.609     1     1 I platform ac4a000.qcom,cci0: qcom,eeprom@0: Linked as a consumer to ad00000.qcom,camcc
08-05 22:54:45.609     1     1 I platform ac4a000.qcom,cci0: qcom,ois@0: Linked as a consumer to 0.gpio-regulator
08-05 22:54:45.610     1     1 I platform ac4a000.qcom,cci0: qcom,eeprom@1: Linked as a consumer to 1-0075
08-05 22:54:45.610     1     1 I platform ac4a000.qcom,cci0: qcom,eeprom@1: Linked as a consumer to ad0c1c4.qcom,gdsc
08-05 22:54:45.610     1     1 I platform ac4a000.qcom,cci0: qcom,eeprom@1: Linked as a consumer to f000000.pinctrl
08-05 22:54:45.610     1     1 I platform ac4a000.qcom,cci0: qcom,eeprom@1: Linked as a consumer to ad00000.qcom,camcc
08-05 22:54:45.611     1     1 I platform ac4a000.qcom,cci0: qcom,cam-sensor@0: Linked as a consumer to 1-0075
08-05 22:54:45.611     1     1 I platform ac4a000.qcom,cci0: qcom,cam-sensor@0: Linked as a consumer to 0.gpio-regulator
08-05 22:54:45.611     1     1 I platform ac4a000.qcom,cci0: qcom,cam-sensor@0: Linked as a consumer to ad0c1c4.qcom,gdsc
08-05 22:54:45.611     1     1 I platform ac4a000.qcom,cci0: qcom,cam-sensor@0: Linked as a consumer to f000000.pinctrl
08-05 22:54:45.611     1     1 I platform ac4a000.qcom,cci0: qcom,cam-sensor@0: Linked as a consumer to ad00000.qcom,camcc
08-05 22:54:45.612     1     1 I platform ac4a000.qcom,cci0: qcom,cam-sensor@1: Linked as a consumer to 1-0075
08-05 22:54:45.612     1     1 I platform ac4a000.qcom,cci0: qcom,cam-sensor@1: Linked as a consumer to ad0c1c4.qcom,gdsc
08-05 22:54:45.612     1     1 I platform ac4a000.qcom,cci0: qcom,cam-sensor@1: Linked as a consumer to f000000.pinctrl
08-05 22:54:45.612     1     1 I platform ac4a000.qcom,cci0: qcom,cam-sensor@1: Linked as a consumer to ad00000.qcom,camcc
08-05 22:54:45.613     1     1 I CAM_INFO: CAM-CCI: cam_cci_platform_probe: 457 Device Type :0
08-05 22:54:45.613     1     1 I cam-cci-driver ac4a000.qcom,cci0: Dropping the link to 0.gpio-regulator
08-05 22:54:45.613     1     1 I cam-cci-driver ac4a000.qcom,cci0: Dropping the link to 1-0075
08-05 22:54:45.613     1     1 I cam-cci-driver ac4b000.qcom,cci1: Linked as a consumer to regulator.66
08-05 22:54:45.614     1     1 I platform ac4b000.qcom,cci1: qcom,eeprom@2: Linked as a consumer to 1-0075
08-05 22:54:45.614     1     1 I platform ac4b000.qcom,cci1: qcom,eeprom@2: Linked as a consumer to ad0c1c4.qcom,gdsc
08-05 22:54:45.614     1     1 I platform ac4b000.qcom,cci1: qcom,eeprom@2: Linked as a consumer to f000000.pinctrl
08-05 22:54:45.614     1     1 I platform ac4b000.qcom,cci1: qcom,eeprom@2: Linked as a consumer to ad00000.qcom,camcc
08-05 22:54:45.615     1     1 I platform ac4b000.qcom,cci1: qcom,cam-sensor@2: Linked as a consumer to 1-0075
08-05 22:54:45.615     1     1 I platform ac4b000.qcom,cci1: qcom,cam-sensor@2: Linked as a consumer to ad0c1c4.qcom,gdsc
08-05 22:54:45.615     1     1 I platform ac4b000.qcom,cci1: qcom,cam-sensor@2: Linked as a consumer to f000000.pinctrl
08-05 22:54:45.615     1     1 I platform ac4b000.qcom,cci1: qcom,cam-sensor@2: Linked as a consumer to ad00000.qcom,camcc
08-05 22:54:45.615     1     1 I CAM_INFO: CAM-CCI: cam_cci_platform_probe: 457 Device Type :1
08-05 22:54:45.615     1     1 I cam-cci-driver ac4b000.qcom,cci1: Dropping the link to 1-0075
08-05 22:54:45.615     1     1 I cam-csiphy-driver ace0000.qcom,csiphy0: Linked as a consumer to regulator.66
08-05 22:54:45.615     1     1 I cam-csiphy-driver ace0000.qcom,csiphy0: Linked as a consumer to regulator.52
08-05 22:54:45.615     1     1 I cam-csiphy-driver ace2000.qcom,csiphy1: Linked as a consumer to regulator.66
08-05 22:54:45.615     1     1 I cam-csiphy-driver ace2000.qcom,csiphy1: Linked as a consumer to regulator.52
08-05 22:54:45.615     1     1 I cam-csiphy-driver ace4000.qcom,csiphy2: Linked as a consumer to regulator.66
08-05 22:54:45.615     1     1 I cam-csiphy-driver ace4000.qcom,csiphy2: Linked as a consumer to regulator.52
08-05 22:54:45.616     1     1 I cam-csiphy-driver ace6000.qcom,csiphy3: Linked as a consumer to regulator.66
08-05 22:54:45.616     1     1 I cam-csiphy-driver ace6000.qcom,csiphy3: Linked as a consumer to regulator.52
08-05 22:54:45.616   361   361 I google_bms: storage registered batt_eeprom at 0, dupes=0, refs=0
08-05 22:54:45.616   361   361 I at24 1-0050: gbms_storage_register done:0
08-05 22:54:45.617     1     1 I cam-a5 ac00000.qcom,a5: Linked as a consumer to regulator.66
08-05 22:54:45.617     1     1 I cam-ipe ac87000.qcom,ipe0: Linked as a consumer to regulator.62
08-05 22:54:45.617     1     1 I cam-ipe ac91000.qcom,ipe1: Linked as a consumer to regulator.63
08-05 22:54:45.617     1     1 I cam-bps ac6f000.qcom,bps: Linked as a consumer to regulator.61
08-05 22:54:45.618     1     1 I cam-jpeg-enc ac4e000.qcom,jpegenc: Linked as a consumer to regulator.66
08-05 22:54:45.618     1     1 I cam-jpeg-dma ac52000.qcom,jpegdma: Linked as a consumer to regulator.66
08-05 22:54:45.619     1     1 I CAM_INFO: CAM-JPEG: cam_jpeg_dev_probe: 162 Camera JPEG probe complete
08-05 22:54:45.619     1     1 I cam_fd_hw ac5a000.qcom,fd: Linked as a consumer to regulator.66
08-05 22:54:45.621     1     1 I cam_lrme_hw ac6b000.qcom,lrme: Linked as a consumer to regulator.66
08-05 22:54:45.623     1     1 I         : GACT probability NOT on
08-05 22:54:45.623     1     1 I         : Mirror/redirect action on
08-05 22:54:45.623     1     1 I netem   : version 1.3
08-05 22:54:45.623     1     1 I         : u32 classifier
08-05 22:54:45.623     1     1 I         : Actions configured
08-05 22:54:45.623     1     1 I xt_time : kernel timezone is -0000
08-05 22:54:45.623     1     1 I gre     : GRE over IPv4 demultiplexor driver
08-05 22:54:45.623     1     1 I         : IPv4 over IPsec tunneling driver
08-05 22:54:45.623     1     1 I         : Initializing XFRM netlink socket
08-05 22:54:45.623     1     1 I         : IPsec XFRM device driver
08-05 22:54:45.624     1     1 I NET     : Registered protocol family 10
08-05 22:54:45.624     1     1 I         : Segment Routing with IPv6
08-05 22:54:45.624     1     1 I mip6    : Mobile IPv6
08-05 22:54:45.624     1     1 I sit     : IPv6, IPv4 and MPLS over IPv4 tunneling driver
08-05 22:54:45.624     1     1 I NET     : Registered protocol family 17
08-05 22:54:45.624     1     1 I NET     : Registered protocol family 15
08-05 22:54:45.624     1     1 I l2tp_core: L2TP core driver, V2.0
08-05 22:54:45.624     1     1 I l2tp_ppp: PPPoL2TP kernel driver, V2.0
08-05 22:54:45.624     1     1 I l2tp_ip : L2TP IP encapsulation support (L2TPv3)
08-05 22:54:45.624     1     1 I l2tp_netlink: L2TP netlink interface
08-05 22:54:45.624     1     1 I l2tp_eth: L2TP ethernet pseudowire support (L2TPv3)
08-05 22:54:45.624     1     1 I l2tp_ip6: L2TP IP encapsulation support for IPv6 (L2TPv3)
08-05 22:54:45.624     1     1 I sctp    : Hash tables configured (bind 256/256)
08-05 22:54:45.624     1     1 I tipc    : Activated (version 2.0.0)
08-05 22:54:45.624     1     1 I NET     : Registered protocol family 30
08-05 22:54:45.624     1     1 I tipc    : Started in single node mode
08-05 22:54:45.624     1     1 I         : Key type dns_resolver registered
08-05 22:54:45.625    79    79 I lito_npucc 9980000.qcom,npucc: Linked as a consumer to regulator.1
08-05 22:54:45.627    79    79 I lito_npucc 9980000.qcom,npucc: Registered NPU_CC clocks
08-05 22:54:45.627    79    79 I lito-videocc ab00000.qcom,videocc: Linked as a consumer to regulator.1
08-05 22:54:45.627    79    79 I lito-videocc ab00000.qcom,videocc: Registered Video CC clocks
08-05 22:54:45.628    79    79 I reg-dual-voltage-tps soc: ext_boost: Dropping the link to f000000.pinctrl
08-05 22:54:45.628    79    79 I subsys-pil-tz aae0000.qcom,venus: Linked as a consumer to regulator.68
08-05 22:54:45.628    79    79 E register_client_adhoc: find path.src 63 dest 512
08-05 22:54:45.628    79    79 E register_client_adhoc: Client handle 42 pil-venus
08-05 22:54:45.628    79    79 E         : minidump-id not found for venus
08-05 22:54:45.628    79    79 I subsys-pil-tz aae0000.qcom,venus: for venus segments only will be dumped.
08-05 22:54:45.628    79    79 I subsys-pil-tz aae0000.qcom,venus: for md_venus segments only will be dumped.
08-05 22:54:45.628    79    79 E         : minidump-id not found for npu
08-05 22:54:45.628    79    79 I subsys-pil-tz 9800000.qcom,npu: for npu segments only will be dumped.
08-05 22:54:45.628    79    79 I subsys-pil-tz 9800000.qcom,npu: for md_npu segments only will be dumped.
08-05 22:54:45.628    79    79 E subsys-restart: __get_smem_state(): Could not get smem-states qcom,force-stop
08-05 22:54:45.629    79    79 I kgsl-3d 3d6a000.qcom,gmu: Linked as a consumer to regulator.58
08-05 22:54:45.629    79    79 I kgsl-3d 3d6a000.qcom,gmu: Linked as a consumer to regulator.59
08-05 22:54:45.629    79    79 E kgsl-3d 3d6a000.qcom,gmu: dt: too many GMU clocks defined
08-05 22:54:45.629    79    79 I kgsl-3d 3d6a000.qcom,gmu: Dropping the link to regulator.59
08-05 22:54:45.629    79    79 I kgsl-3d 3d6a000.qcom,gmu: Dropping the link to regulator.58
08-05 22:54:45.629    79    79 W kgsl-3d : probe of 3d00000.qcom,kgsl-3d0 failed with error -22
08-05 22:54:45.630    79    79 I iommu   : Adding device 9900000.qcom,msm_npu to group 19
08-05 22:54:45.630    79    79 I msm_npu 9900000.qcom,msm_npu: Linked as a consumer to regulator.60
08-05 22:54:45.630    79    79 I msm_npu 9900000.qcom,msm_npu: Linked as a consumer to regulator.1
08-05 22:54:45.630    79    79 E register_client_adhoc: find path.src 154 dest 512
08-05 22:54:45.630    79    79 E register_client_adhoc: find path.src 154 dest 620
08-05 22:54:45.630    79    79 E register_client_adhoc: Client handle 43 9900000.qcom,msm_npu
08-05 22:54:45.630    79    79 I NPU_INFO: npu_parse_dt_bw: 1875 NPU BW client sets up successfully
08-05 22:54:45.631    79    79 I NPU_INFO: npu_adjust_max_power_level: 1971 Adjust max_pwrlevel to 4[49]
08-05 22:54:45.633    79    79 I logbuffer: id:smblib registered
08-05 22:54:45.635    79    79 W         : Requested disable of battery power supply
08-05 22:54:45.635    79    79 I qcom,qpnp-smb5 c440000.qcom,spmi: qcom,pm7250b@2:qcom,qpnp-smb5: Linked as a consumer to regulator.81
08-05 22:54:45.635    79    79 I qcom,qpnp-smb5 c440000.qcom,spmi: qcom,pm7250b@2:qcom,qpnp-smb5: Linked as a consumer to regulator.71
08-05 22:54:45.637    89    89 E         : Couldn't get temp USB port thermal zone rc=-22
08-05 22:54:45.647    79    79 I qcom,qpnp-smb5 c440000.qcom,spmi: qcom,pm7250b@2:qcom,qpnp-smb5: typec_attach_detach_irq_handler lpd_stage=2 lpd_reason=0
08-05 22:54:45.647   393   393 E qcom,qpnp-smb5 c440000.qcom,spmi: qcom,pm7250b@2:qcom,qpnp-smb5: Couldn't get POWER_SUPPLY_PROP_VOLTAGE_REGULATION, rc=-22
08-05 22:54:45.648   393   393 E qcom,qpnp-smb5 c440000.qcom,spmi: qcom,pm7250b@2:qcom,qpnp-smb5: Couldn't get VOLTAGE_MAX, rc=-19
08-05 22:54:45.648   393   393 E qcom,qpnp-smb5 c440000.qcom,spmi: qcom,pm7250b@2:qcom,qpnp-smb5: Couldn't get POWER_SUPPLY_PROP_VOLTAGE_REGULATION, rc=-22
08-05 22:54:45.649   393   393 E         : Couldn't get temp USB port thermal zone rc=-22
08-05 22:54:45.649   395   395 E QCOM-BATT: handle_main_charge_type: Couldn't get batt charge type rc=-11
08-05 22:54:45.649   395   395 E QCOM-BATT: handle_settled_icl_change: Couldn't get aicl settled value rc=-11
08-05 22:54:45.651    79    79 I         : SMB5 status - usb:present=1 type=4 batt:present = 1 health = 1 charge = 3
08-05 22:54:45.651    79    79 I         : QPNP SMB5 probed successfully
08-05 22:54:45.652    79    79 I QG-K    : qg_get_batt_type: eeprom ID=82300172013, len=10, defer_cnt=1
08-05 22:54:45.656   391   391 E qcom,qpnp-smb5 c440000.qcom,spmi: qcom,pm7250b@2:qcom,qpnp-smb5: Couldn't get POWER_SUPPLY_PROP_VOLTAGE_REGULATION, rc=-22
08-05 22:54:45.656   391   391 E qcom,qpnp-smb5 c440000.qcom,spmi: qcom,pm7250b@2:qcom,qpnp-smb5: Couldn't get VOLTAGE_MAX, rc=-19
08-05 22:54:45.656   391   391 E qcom,qpnp-smb5 c440000.qcom,spmi: qcom,pm7250b@2:qcom,qpnp-smb5: Couldn't get POWER_SUPPLY_PROP_VOLTAGE_REGULATION, rc=-22
08-05 22:54:45.657   391   391 E QCOM-BATT: handle_main_charge_type: Couldn't get batt charge type rc=-11
08-05 22:54:45.657   391   391 E QCOM-BATT: handle_settled_icl_change: Couldn't get aicl settled value rc=-11
08-05 22:54:45.659   329   329 I cs35l41 1-0040: No override bin and fw name used, ret: -22
08-05 22:54:45.660   329   329 I cs35l41 1-0040: Cirrus Logic CS35L41 (35a40), Revision: B2
08-05 22:54:45.660   329   329 W cs35l41 1-0041: 1-0041 supply VA not found, using dummy regulator
08-05 22:54:45.660   329   329 I cs35l41 1-0041: Linked as a consumer to regulator.0
08-05 22:54:45.660   329   329 W cs35l41 1-0041: 1-0041 supply VP not found, using dummy regulator
08-05 22:54:45.661   329   329 I cs35l41 1-0041: Reset line busy, assuming shared reset
08-05 22:54:45.666    79    79 I of_batterydata_get_best_profile: 82300172013 found
08-05 22:54:45.666    79    79 I QG-K    : qg_batterydata_init: QG Battery-profile loaded
08-05 22:54:45.667   392   392 E         : Couldn't get temp USB port thermal zone rc=-22
08-05 22:54:45.669    79    79 I QG-K    : qg_determine_pon_soc: using SHUTDOWN_SOC @ PON ocv_uv=3810500uV soc=31
08-05 22:54:45.669    79    79 I google_bms: storage registered qg at 1, dupes=0, refs=0
08-05 22:54:45.669    79    79 I QG-K    : qpnp_qg_probe: QG initialized! battery_profile=82300172013 SOC=31 QG_subtype=4 QG_version=QG_PMIC5 QG_mode=QG_V_I
08-05 22:54:45.671    79    79 I sm7250_bms: batt_id = 9971
08-05 22:54:45.671    79    79 I sm7250_bms: node qpnp,qg PMIC subtype 46 Digital major 1
08-05 22:54:45.671    79    79 I sm7250_bms: QG_TYPE 13
08-05 22:54:45.671    79    79 I sm7250_bms: QG_TYPE 13
08-05 22:54:45.671    79    79 I sm7250_bms c440000.qcom,spmi: qcom,pm7250b@2:google,bms: Linked as a consumer to regulator.50
08-05 22:54:45.672    79    79 I sm7250_bms: BMS driver probed successfully
08-05 22:54:45.672    79    79 I google,overheat_mitigation soc: google,overheat_mitigation: found usbc virtual sensor usbc-virt
08-05 22:54:45.672    79    79 I google,overheat_mitigation soc: google,overheat_mitigation: found usbc virtual sensor usbc-virt-monitor
08-05 22:54:45.674    79    79 E spmi-temp-alarm c440000.qcom,spmi: qcom,pm7250b@2:qcom,temp-alarm@2400: failed to register sensor
08-05 22:54:45.674    79    79 E spmi-temp-alarm c440000.qcom,spmi: qcom,pm8150l@4:qcom,temp-alarm@2400: failed to register sensor
08-05 22:54:45.676   391   391 I         : battery type=82300172013
08-05 22:54:45.676   391   391 I of_batterydata_get_best_profile: 82300172013 found
08-05 22:54:45.677   392   392 I sm7250_bms: CHGR_ENG_CHARGING_CFG_REG = 0x04
08-05 22:54:45.680   392   392 I sm7250_bms: MSC_PCS chg_state=1c20ebb03010005 [0x5:3:1:3771:450] chg=u
08-05 22:54:45.680   392   392 I sm7250_bms: CHGR_ENG_CHARGING_CFG_REG = 0x04
08-05 22:54:45.693    79    79 I drm_dsi_ctrl ae94000.qcom,mdss_dsi0_ctrl: Linked as a consumer to regulator.52
08-05 22:54:45.693    79    79 I drm_dsi_ctrl ae94000.qcom,mdss_dsi0_ctrl: Linked as a consumer to regulator.17
08-05 22:54:45.693    79    79 E AXI     : get_pdata(): Error: Client name not found
08-05 22:54:45.693    79    79 E AXI     : msm_bus_cl_get_pdata(): client has to provide missing entry for successful registration
08-05 22:54:45.693    79    79 I [drm:dsi_ctrl_dev_probe] [msm-dsi-info]: dsi-ctrl-0: Probe successful
08-05 22:54:45.693    79    79 I drm_dsi_ctrl ae96000.qcom,mdss_dsi1_ctrl: Linked as a consumer to regulator.52
08-05 22:54:45.693    79    79 I drm_dsi_ctrl ae96000.qcom,mdss_dsi1_ctrl: Linked as a consumer to regulator.17
08-05 22:54:45.693    79    79 E AXI     : get_pdata(): Error: Client name not found
08-05 22:54:45.693    79    79 E AXI     : msm_bus_cl_get_pdata(): client has to provide missing entry for successful registration
08-05 22:54:45.693    79    79 I [drm:dsi_ctrl_dev_probe] [msm-dsi-info]: dsi-ctrl-1: Probe successful
08-05 22:54:45.694    79    79 E OF      : graph: no port node found in /soc/qcom,dsi-display-primary
08-05 22:54:45.695    79    79 E register_client_adhoc: find path.src 1 dest 590
08-05 22:54:45.695    79    79 E register_client_adhoc: Client handle 44 mdss_reg
08-05 22:54:45.695    79    79 E register_client_adhoc: find path.src 22 dest 512
08-05 22:54:45.695    79    79 E register_client_adhoc: find path.src 23 dest 512
08-05 22:54:45.695    79    79 E register_client_adhoc: Client handle 45 mdss_sde
08-05 22:54:45.695    79    79 I [drm:sde_dbg_init:4676] evtlog_status: enable:11, panic:1, dump:2
08-05 22:54:45.695    79    79 I msm_drm ae00000.qcom,mdss_mdp: bound soc:qcom,wb-display@0 (ops 0xffffff9b95cb0a10)
08-05 22:54:45.695    79    79 I msm-dsi-display soc: qcom,dsi-display-primary: Linked as a consumer to regulator.39
08-05 22:54:45.695    79    79 I msm-dsi-display soc: qcom,dsi-display-primary: Linked as a consumer to regulator.29
08-05 22:54:45.695    79    79 I msm-dsi-display soc: qcom,dsi-display-primary: Linked as a consumer to regulator.26
08-05 22:54:45.695    79    79 I dsi_backlight_register: 863: LAB regulator found
08-05 22:54:45.695    79    79 I [drm:dsi_display_bind] [msm-dsi-info]: Successfully bind display panel 'qcom,mdss_dsi_s6e3hc2_dvt_dsc_1080p_cmd'
08-05 22:54:45.696    79    79 I msm_drm ae00000.qcom,mdss_mdp: bound soc:qcom,dsi-display-primary (ops 0xffffff9b95cb2208)
08-05 22:54:45.696    79    79 I msm_drm ae00000.qcom,mdss_mdp: bound af20000.qcom,sde_rscc (ops 0xffffff9b95cb0f30)
08-05 22:54:45.696    79    79 I         : [drm] mapped mdp address space @0000000042185018
08-05 22:54:45.696    79    79 I         : [drm:_sde_kms_hw_init_blocks:3732] sde hardware revision:0x60010000
08-05 22:54:45.697    79    79 I         : [drm:_sde_kms_update_tcsr_glitch_mask:3714] tcsr glitch programmed read_val:4 write_val:4
08-05 22:54:45.697    79    79 I platform ae00000.qcom,mdss_mdp: qcom,smmu_sde_unsec_cb: Linked as a consumer to 15000000.apps-smmu
08-05 22:54:45.698    79    79 I iommu   : Adding device ae00000.qcom,mdss_mdp:qcom,smmu_sde_unsec_cb to group 20
08-05 22:54:45.698    79    79 I         : [drm] probing device qcom,smmu_sde_unsec
08-05 22:54:45.698    79    79 I         : [drm] Created domain mdp_ns, secure=0
08-05 22:54:45.699    79    79 I platform ae00000.qcom,mdss_mdp: qcom,smmu_sde_sec_cb: Linked as a consumer to 15000000.apps-smmu
08-05 22:54:45.699    79    79 I iommu   : Adding device ae00000.qcom,mdss_mdp:qcom,smmu_sde_sec_cb to group 21
08-05 22:54:45.699    79    79 I         : [drm] probing device qcom,smmu_sde_sec
08-05 22:54:45.699    79    79 I         : [drm] Created domain mdp_s, secure=1
08-05 22:54:45.700    79    79 I [drm:dsi_panel_get_mode] [msm-dsi-info]: default topology: lm: 2 comp_enc:2 intf: 1
08-05 22:54:45.700    79    79 I [drm:dsi_panel_get_mode] [msm-dsi-info]: roi alignment: [540, 540, 65, 65, 540, 65]
08-05 22:54:45.700    79    79 I [drm:dsi_panel_get_mode] [msm-dsi-info]: default topology: lm: 2 comp_enc:2 intf: 1
08-05 22:54:45.700    79    79 I [drm:dsi_panel_get_mode] [msm-dsi-info]: roi alignment: [540, 540, 65, 65, 540, 65]
08-05 22:54:45.701    79    79 I         : [drm] Supports vblank timestamp caching Rev 2 (21.10.2013).
08-05 22:54:45.701    79    79 I         : [drm] No driver support for vblank timestamp query.
08-05 22:54:45.701    79    79 I         : [drm] Initialized msm_drm 1.3.0 20130625 for ae00000.qcom,mdss_mdp on minor 0
08-05 22:54:45.701    79    79 I         : [drm] cont_splash enabled in 1 of 1 display(s)
08-05 22:54:45.701    79    79 I [drm:dsi_ctrl_isr_configure] [msm-dsi-info]: dsi-ctrl-0: IRQ 361 registered
08-05 22:54:45.702    79    79 I msm_vidc: err : ffffffff: .....: no device Registered
08-05 22:54:45.703    79    79 I platform aa00000.qcom,vidc0: bus_cnoc: Linked as a consumer to 16e0000.ad-hoc-bus
08-05 22:54:45.704    79    79 I platform aa00000.qcom,vidc0: venus_bus_ddr: Linked as a consumer to 16e0000.ad-hoc-bus
08-05 22:54:45.705    79    79 I platform aa00000.qcom,vidc0: arm9_bus_ddr: Linked as a consumer to 16e0000.ad-hoc-bus
08-05 22:54:45.706    79    79 I platform aa00000.qcom,vidc0: non_secure_cb: Linked as a consumer to 15000000.apps-smmu
08-05 22:54:45.706    79    79 I iommu   : Adding device aa00000.qcom,vidc0:non_secure_cb to group 22
08-05 22:54:45.707    79    79 I platform aa00000.qcom,vidc0: secure_non_pixel_cb: Linked as a consumer to 15000000.apps-smmu
08-05 22:54:45.707    79    79 I iommu   : Adding device aa00000.qcom,vidc0:secure_non_pixel_cb to group 23
08-05 22:54:45.708    79    79 I platform aa00000.qcom,vidc0: secure_bitstream_cb: Linked as a consumer to 15000000.apps-smmu
08-05 22:54:45.708    79    79 I iommu   : Adding device aa00000.qcom,vidc0:secure_bitstream_cb to group 24
08-05 22:54:45.709    79    79 I platform aa00000.qcom,vidc0: secure_pixel_cb: Linked as a consumer to 15000000.apps-smmu
08-05 22:54:45.710    79    79 I iommu   : Adding device aa00000.qcom,vidc0:secure_pixel_cb to group 25
08-05 22:54:45.710    79    79 I platform aa00000.qcom,vidc0: qcom,msm-vidc,mem_cdsp: assigned reserved memory node cdsp_region
08-05 22:54:45.711    79    79 I msm_vidc_v4l2 aa00000.qcom,vidc0: Dropping the link to 16e0000.ad-hoc-bus
08-05 22:54:45.711    79    79 I msm_vidc_v4l2 aa00000.qcom,vidc0: Dropping the link to 15000000.apps-smmu
08-05 22:54:45.711    79    79 I msm_vidc_v4l2 aa00000.qcom,vidc1: Dropping the link to 16e0000.ad-hoc-bus
08-05 22:54:45.711    79    79 I msm_vidc_v4l2 aa00000.qcom,vidc1: Dropping the link to 15000000.apps-smmu
08-05 22:54:45.711    79    79 I CAM_INFO: CAM-ACTUATOR: cam_actuator_parse_dt: 60 No GPIO found
08-05 22:54:45.711    79    79 I CAM_INFO: CAM-SENSOR: cam_sensor_driver_get_dt_data: 210 custom-gyro-support param defined
08-05 22:54:45.711    79    79 I CAM_INFO: CAM-OIS: cam_ois_get_dt_data: 45 No GPIO found
08-05 22:54:45.711   391   391 W NPU_WARN: npu_bridge_mbox_work: 1159 NPU fw is not loaded
08-05 22:54:45.711    79    79 E         : minidump-id not found for npu
08-05 22:54:45.711    79    79 I subsys-pil-tz 9800000.qcom,npu: for npu segments only will be dumped.
08-05 22:54:45.711    79    79 I subsys-pil-tz 9800000.qcom,npu: for md_npu segments only will be dumped.
08-05 22:54:45.712    79    79 I qpnp-pdphy c440000.qcom,spmi: qcom,pm7250b@2:qcom,usb-pdphy@1700: Linked as a consumer to regulator.8
08-05 22:54:45.712    79    79 I logbuffer: id:usbpd registered
08-05 22:54:45.712    79    79 I qpnp-pdphy c440000.qcom,spmi: qcom,pm7250b@2:qcom,usb-pdphy@1700: Linked as a consumer to regulator.82
08-05 22:54:45.712    79    79 I qpnp-pdphy c440000.qcom,spmi: qcom,pm7250b@2:qcom,usb-pdphy@1700: Linked as a consumer to regulator.83
08-05 22:54:45.712    79    79 I qpnp-pdphy c440000.qcom,spmi: qcom,pm7250b@2:qcom,usb-pdphy@1700: Linked as a consumer to regulator.81
08-05 22:54:45.716   392   392 E QCOM-STEPCHG: handle_battery_insertion: Get battery present status failed, rc=-11
08-05 22:54:45.716    79    79 E i2c_geni 98c000.i2c: i2c error :-107
08-05 22:54:45.716   415   415 E QCOM-BATT: pl_disable_vote_callback: Couldn't read FCC step update status, rc=-11
08-05 22:54:45.716   415   415 I qcom,qpnp-smb5 c440000.qcom,spmi: qcom,pm7250b@2:qcom,qpnp-smb5: typec_attach_detach_irq_handler lpd_stage=2 lpd_reason=0
08-05 22:54:45.716   315   315 I sm7250_bms: MSC_PCS chg_state=ebb01020000 [0x0:1:2:3771:0] chg=
08-05 22:54:45.717   315   315 I sm7250_bms: CHGR_ENG_CHARGING_CFG_REG = 0x04
08-05 22:54:45.717    79    79 E i2c_geni 98c000.i2c: i2c error :-107
08-05 22:54:45.719    79    79 I chatty  : uid=1036(auditd) identical 4 lines
08-05 22:54:45.719    79    79 E i2c_geni 98c000.i2c: i2c error :-107
08-05 22:54:45.719    89    89 I google,overheat_mitigation soc: google,overheat_mitigation: Update USB port temp:256
08-05 22:54:45.719    89    89 I google,overheat_mitigation soc: google,overheat_mitigation: USB is connected
08-05 22:54:45.720    79    79 E i2c_geni 98c000.i2c: i2c error :-107
08-05 22:54:45.720    79    79 I chatty  : uid=1036(auditd) identical 1 line
08-05 22:54:45.720    79    79 E i2c_geni 98c000.i2c: i2c error :-107
08-05 22:54:45.721    79    79 I msm-usb-ssphy-qmp 88e8000.ssphy: Linked as a consumer to regulator.79
08-05 22:54:45.721    79    79 I msm-usb-ssphy-qmp 88e8000.ssphy: Linked as a consumer to regulator.17
08-05 22:54:45.721    79    79 I msm-usb-ssphy-qmp 88e8000.ssphy: No separate ID extcon device
08-05 22:54:45.721    79    79 I iommu   : Adding device a600000.ssusb to group 26
08-05 22:54:45.721    79    79 I msm-dwc3 a600000.ssusb: Linked as a consumer to regulator.54
08-05 22:54:45.722    79    79 E dwc3 a600000.dwc3: Failed to get clk 'ref': -2
08-05 22:54:45.722    79    79 I dwc3 a600000.dwc3: changing max_speed on rev 00000000
08-05 22:54:45.723    79    79 E register_client_adhoc: find path.src 61 dest 512
08-05 22:54:45.723    79    79 E register_client_adhoc: find path.src 61 dest 676
08-05 22:54:45.723    79    79 E register_client_adhoc: find path.src 1 dest 583
08-05 22:54:45.723    79    79 E register_client_adhoc: Client handle 46 usb0
08-05 22:54:45.723    79    79 I msm-dwc3 a600000.ssusb: Linked as a consumer to regulator.71
08-05 22:54:45.725    79    79 E QCOM-STEPCHG: handle_battery_insertion: Get battery present status failed, rc=-11
08-05 22:54:45.727    89    89 I google,overheat_mitigation soc: google,overheat_mitigation: Update USB port temp:256
08-05 22:54:45.733   329   329 I cs35l41 1-0041: No override bin and fw name used, ret: -22
08-05 22:54:45.734   329   329 I cs35l41 1-0041: Cirrus Logic CS35L41 (35a40), Revision: B2
08-05 22:54:45.734     1     1 I         : registered taskstats version 1
08-05 22:54:45.734     1     1 I         : Loading compiled-in X.509 certificates
08-05 22:54:45.734     1     1 I         : Key type ._fscrypt registered
08-05 22:54:45.734     1     1 I         : Key type .fscrypt registered
08-05 22:54:45.734     1     1 I         : Key type fscrypt-provisioning registered
08-05 22:54:45.734     1     1 I pstore  : Using compression: deflate
08-05 22:54:45.735     1     1 I niap_test_hash: hmac(sha512) passed
08-05 22:54:45.735     1     1 I niap_test_hash: sha256 passed
08-05 22:54:45.735     1     1 I niap_test_cipher: cbc(aes) encryption passed
08-05 22:54:45.735     1     1 I niap_test_cipher: cbc(aes) decryption passed
08-05 22:54:45.743     1     1 I adsprpc : init_secure_vmid_list: secure VMID = 22
08-05 22:54:45.743     1     1 I adsprpc : init_secure_vmid_list: secure VMID = 37
08-05 22:54:45.743     1     1 I adsprpc : fastrpc_probe: service location enabled for avs/audio (audio_pdr_adsprpc)
08-05 22:54:45.743     1     1 I adsprpc : fastrpc_probe: service location enabled for tms/servreg (sensors_pdr_adsprpc)
08-05 22:54:45.744     1     1 I platform soc: qcom,msm_fastrpc:qcom,msm_fastrpc_compute_cb1: Linked as a consumer to 15000000.apps-smmu
08-05 22:54:45.744     1     1 I iommu   : Adding device soc:qcom,msm_fastrpc:qcom,msm_fastrpc_compute_cb1 to group 27
08-05 22:54:45.745     1     1 I platform soc: qcom,msm_fastrpc:qcom,msm_fastrpc_compute_cb2: Linked as a consumer to 15000000.apps-smmu
08-05 22:54:45.745     1     1 I iommu   : Adding device soc:qcom,msm_fastrpc:qcom,msm_fastrpc_compute_cb2 to group 28
08-05 22:54:45.746     1     1 W         : Error: swapper/0: fastrpc_cb_probe: failed to create debugfs global file
08-05 22:54:45.746    79    79 I p9221 1-003b: Notifier work: on:0 ben:0 dc:1 np:0 det:0
08-05 22:54:45.746    79    79 E i2c_geni 98c000.i2c: i2c error :-107
08-05 22:54:45.746    79    79 E p9221 1-003b: p9221_reg_write_n: i2c write error, reg: 0x8d, n: 1 ret: -107 (-19)
08-05 22:54:45.746    79    79 E p9221 1-003b: cannot write to EPP_NEG_POWER=24 (-19)
08-05 22:54:45.746    79    79 E i2c_geni 98c000.i2c: i2c error :-107
08-05 22:54:45.746    79    79 E p9221 1-003b: i2c read error, reg:40, ret:-107 (-19)
08-05 22:54:45.746    79    79 I p9221 1-003b: dc status is 0
08-05 22:54:45.746    79    79 E i2c_geni 98c000.i2c: i2c error :-107
08-05 22:54:45.746    79    79 E p9221 1-003b: i2c read error, reg:42, ret:-107 (-19)
08-05 22:54:45.746    79    79 I p9221 1-003b: trigger wc changed on:0 in:0
08-05 22:54:45.747     1     1 I platform soc: qcom,msm_fastrpc:qcom,msm_fastrpc_compute_cb3: Linked as a consumer to 15000000.apps-smmu
08-05 22:54:45.748     1     1 I iommu   : Adding device soc:qcom,msm_fastrpc:qcom,msm_fastrpc_compute_cb3 to group 29
08-05 22:54:45.748     1     1 W         : Error: swapper/0: fastrpc_cb_probe: failed to create debugfs global file
08-05 22:54:45.750     1     1 I platform soc: qcom,msm_fastrpc:qcom,msm_fastrpc_compute_cb4: Linked as a consumer to 15000000.apps-smmu
08-05 22:54:45.750     1     1 I iommu   : Adding device soc:qcom,msm_fastrpc:qcom,msm_fastrpc_compute_cb4 to group 30
08-05 22:54:45.750     1     1 W         : Error: swapper/0: fastrpc_cb_probe: failed to create debugfs global file
08-05 22:54:45.752     1     1 I platform soc: qcom,msm_fastrpc:qcom,msm_fastrpc_compute_cb5: Linked as a consumer to 15000000.apps-smmu
08-05 22:54:45.752     1     1 I iommu   : Adding device soc:qcom,msm_fastrpc:qcom,msm_fastrpc_compute_cb5 to group 31
08-05 22:54:45.752     1     1 W         : Error: swapper/0: fastrpc_cb_probe: failed to create debugfs global file
08-05 22:54:45.754     1     1 I platform soc: qcom,msm_fastrpc:qcom,msm_fastrpc_compute_cb6: Linked as a consumer to 15000000.apps-smmu
08-05 22:54:45.754     1     1 I iommu   : Adding device soc:qcom,msm_fastrpc:qcom,msm_fastrpc_compute_cb6 to group 32
