08-05 22:54:47.080   529   529 I recovery: type=1400 audit(0.0:70): avc: denied { open } for path="/dev/__properties__/u:object_r:cpu_variant_prop:s0" dev="tmpfs" ino=32512 scontext=u:r:recovery:s0 tcontext=u:object_r:cpu_variant_prop:s0 tclass=file permissive=1
08-05 22:54:47.080   529   529 I recovery: type=1400 audit(0.0:71): avc: denied { getattr } for path="/dev/__properties__/u:object_r:cpu_variant_prop:s0" dev="tmpfs" ino=32512 scontext=u:r:recovery:s0 tcontext=u:object_r:cpu_variant_prop:s0 tclass=file permissive=1
08-05 22:54:47.080   529   529 I recovery: type=1400 audit(0.0:72): avc: denied { map } for path="/dev/__properties__/u:object_r:cpu_variant_prop:s0" dev="tmpfs" ino=32512 scontext=u:r:recovery:s0 tcontext=u:object_r:cpu_variant_prop:s0 tclass=file permissive=1
08-05 22:54:47.080   529   529 I recovery: type=1400 audit(0.0:73): avc: denied { open } for path="/dev/__properties__/u:object_r:ctl_adbd_prop:s0" dev="tmpfs" ino=32513 scontext=u:r:recovery:s0 tcontext=u:object_r:ctl_adbd_prop:s0 tclass=file permissive=1
08-05 22:54:47.080   529   529 I recovery: type=1400 audit(0.0:74): avc: denied { getattr } for path="/dev/__properties__/u:object_r:ctl_adbd_prop:s0" dev="tmpfs" ino=32513 scontext=u:r:recovery:s0 tcontext=u:object_r:ctl_adbd_prop:s0 tclass=file permissive=1
08-05 22:54:47.080   529   529 I recovery: type=1400 audit(0.0:75): avc: denied { map } for path="/dev/__properties__/u:object_r:ctl_adbd_prop:s0" dev="tmpfs" ino=32513 scontext=u:r:recovery:s0 tcontext=u:object_r:ctl_adbd_prop:s0 tclass=file permissive=1
08-05 22:54:47.080   529   529 I recovery: type=1400 audit(0.0:76): avc: denied { open } for path="/dev/__properties__/u:object_r:ctl_apexd_prop:s0" dev="tmpfs" ino=32514 scontext=u:r:recovery:s0 tcontext=u:object_r:ctl_apexd_prop:s0 tclass=file permissive=1
08-05 22:54:47.080   529   529 I recovery: type=1400 audit(0.0:77): avc: denied { getattr } for path="/dev/__properties__/u:object_r:ctl_apexd_prop:s0" dev="tmpfs" ino=32514 scontext=u:r:recovery:s0 tcontext=u:object_r:ctl_apexd_prop:s0 tclass=file permissive=1
08-05 22:54:47.080   529   529 I recovery: type=1400 audit(0.0:78): avc: denied { map } for path="/dev/__properties__/u:object_r:ctl_apexd_prop:s0" dev="tmpfs" ino=32514 scontext=u:r:recovery:s0 tcontext=u:object_r:ctl_apexd_prop:s0 tclass=file permissive=1
08-05 22:54:47.080   529   529 I recovery: type=1400 audit(0.0:79): avc: denied { open } for path="/dev/__properties__/u:object_r:ctl_bootanim_prop:s0" dev="tmpfs" ino=32515 scontext=u:r:recovery:s0 tcontext=u:object_r:ctl_bootanim_prop:s0 tclass=file permissive=1
08-05 22:54:47.080   529   529 I recovery: type=1400 audit(0.0:80): avc: denied { getattr } for path="/dev/__properties__/u:object_r:ctl_bootanim_prop:s0" dev="tmpfs" ino=32515 scontext=u:r:recovery:s0 tcontext=u:object_r:ctl_bootanim_prop:s0 tclass=file permissive=1
08-05 22:54:47.080   529   529 I recovery: type=1400 audit(0.0:81): avc: denied { map } for path="/dev/__properties__/u:object_r:ctl_bootanim_prop:s0" dev="tmpfs" ino=32515 scontext=u:r:recovery:s0 tcontext=u:object_r:ctl_bootanim_prop:s0 tclass=file permissive=1
08-05 22:54:47.080   529   529 I recovery: type=1400 audit(0.0:82): avc: denied { open } for path="/dev/__properties__/u:object_r:ctl_bugreport_prop:s0" dev="tmpfs" ino=32516 scontext=u:r:recovery:s0 tcontext=u:object_r:ctl_bugreport_prop:s0 tclass=file permissive=1
08-05 22:54:47.080   529   529 I recovery: type=1400 audit(0.0:83): avc: denied { getattr } for path="/dev/__properties__/u:object_r:ctl_bugreport_prop:s0" dev="tmpfs" ino=32516 scontext=u:r:recovery:s0 tcontext=u:object_r:ctl_bugreport_prop:s0 tclass=file permissive=1
08-05 22:54:47.080   529   529 I recovery: type=1400 audit(0.0:84): avc: denied { map } for path="/dev/__properties__/u:object_r:ctl_bugreport_prop:s0" dev="tmpfs" ino=32516 scontext=u:r:recovery:s0 tcontext=u:object_r:ctl_bugreport_prop:s0 tclass=file permissive=1
08-05 22:54:47.080   529   529 I recovery: type=1400 audit(0.0:85): avc: denied { open } for path="/dev/__properties__/u:object_r:ctl_console_prop:s0" dev="tmpfs" ino=32517 scontext=u:r:recovery:s0 tcontext=u:object_r:ctl_console_prop:s0 tclass=file permissive=1
08-05 22:54:47.080   529   529 I recovery: type=1400 audit(0.0:86): avc: denied { getattr } for path="/dev/__properties__/u:object_r:ctl_console_prop:s0" dev="tmpfs" ino=32517 scontext=u:r:recovery:s0 tcontext=u:object_r:ctl_console_prop:s0 tclass=file permissive=1
08-05 22:54:47.080   529   529 I recovery: type=1400 audit(0.0:87): avc: denied { map } for path="/dev/__properties__/u:object_r:ctl_console_prop:s0" dev="tmpfs" ino=32517 scontext=u:r:recovery:s0 tcontext=u:object_r:ctl_console_prop:s0 tclass=file permissive=1
08-05 22:54:47.080   529   529 I recovery: type=1400 audit(0.0:88): avc: denied { open } for path="/dev/__properties__/u:object_r:ctl_default_prop:s0" dev="tmpfs" ino=32518 scontext=u:r:recovery:s0 tcontext=u:object_r:ctl_default_prop:s0 tclass=file permissive=1
08-05 22:54:47.080   529   529 I recovery: type=1400 audit(0.0:89): avc: denied { getattr } for path="/dev/__properties__/u:object_r:ctl_default_prop:s0" dev="tmpfs" ino=32518 scontext=u:r:recovery:s0 tcontext=u:object_r:ctl_default_prop:s0 tclass=file permissive=1
08-05 22:54:47.080   529   529 I recovery: type=1400 audit(0.0:90): avc: denied { map } for path="/dev/__properties__/u:object_r:ctl_default_prop:s0" dev="tmpfs" ino=32518 scontext=u:r:recovery:s0 tcontext=u:object_r:ctl_default_prop:s0 tclass=file permissive=1
08-05 22:54:47.080   529   529 I recovery: type=1400 audit(0.0:91): avc: denied { open } for path="/dev/__properties__/u:object_r:ctl_dumpstate_prop:s0" dev="tmpfs" ino=32519 scontext=u:r:recovery:s0 tcontext=u:object_r:ctl_dumpstate_prop:s0 tclass=file permissive=1
08-05 22:54:47.080   529   529 I recovery: type=1400 audit(0.0:92): avc: denied { getattr } for path="/dev/__properties__/u:object_r:ctl_dumpstate_prop:s0" dev="tmpfs" ino=32519 scontext=u:r:recovery:s0 tcontext=u:object_r:ctl_dumpstate_prop:s0 tclass=file permissive=1
08-05 22:54:47.080   529   529 I recovery: type=1400 audit(0.0:93): avc: denied { map } for path="/dev/__properties__/u:object_r:ctl_dumpstate_prop:s0" dev="tmpfs" ino=32519 scontext=u:r:recovery:s0 tcontext=u:object_r:ctl_dumpstate_prop:s0 tclass=file permissive=1
08-05 22:54:47.080   529   529 I recovery: type=1400 audit(0.0:94): avc: denied { open } for path="/dev/__properties__/u:object_r:ctl_fuse_prop:s0" dev="tmpfs" ino=32520 scontext=u:r:recovery:s0 tcontext=u:object_r:ctl_fuse_prop:s0 tclass=file permissive=1
08-05 22:54:47.080   529   529 I recovery: type=1400 audit(0.0:95): avc: denied { getattr } for path="/dev/__properties__/u:object_r:ctl_fuse_prop:s0" dev="tmpfs" ino=32520 scontext=u:r:recovery:s0 tcontext=u:object_r:ctl_fuse_prop:s0 tclass=file permissive=1
08-05 22:54:47.080   529   529 I recovery: type=1400 audit(0.0:96): avc: denied { map } for path="/dev/__properties__/u:object_r:ctl_fuse_prop:s0" dev="tmpfs" ino=32520 scontext=u:r:recovery:s0 tcontext=u:object_r:ctl_fuse_prop:s0 tclass=file permissive=1
08-05 22:54:47.080   529   529 I recovery: type=1400 audit(0.0:97): avc: denied { open } for path="/dev/__properties__/u:object_r:ctl_gsid_prop:s0" dev="tmpfs" ino=32521 scontext=u:r:recovery:s0 tcontext=u:object_r:ctl_gsid_prop:s0 tclass=file permissive=1
08-05 22:54:47.080   529   529 I recovery: type=1400 audit(0.0:98): avc: denied { getattr } for path="/dev/__properties__/u:object_r:ctl_gsid_prop:s0" dev="tmpfs" ino=32521 scontext=u:r:recovery:s0 tcontext=u:object_r:ctl_gsid_prop:s0 tclass=file permissive=1
08-05 22:54:47.080   529   529 I recovery: type=1400 audit(0.0:99): avc: denied { map } for path="/dev/__properties__/u:object_r:ctl_gsid_prop:s0" dev="tmpfs" ino=32521 scontext=u:r:recovery:s0 tcontext=u:object_r:ctl_gsid_prop:s0 tclass=file permissive=1
08-05 22:54:47.080   529   529 I recovery: type=1400 audit(0.0:100): avc: denied { open } for path="/dev/__properties__/u:object_r:ctl_interface_restart_prop:s0" dev="tmpfs" ino=32522 scontext=u:r:recovery:s0 tcontext=u:object_r:ctl_interface_restart_prop:s0 tclass=file permissive=1
08-05 22:54:47.080   529   529 I recovery: type=1400 audit(0.0:101): avc: denied { getattr } for path="/dev/__properties__/u:object_r:ctl_interface_restart_prop:s0" dev="tmpfs" ino=32522 scontext=u:r:recovery:s0 tcontext=u:object_r:ctl_interface_restart_prop:s0 tclass=file permissive=1
08-05 22:54:47.080   529   529 I recovery: type=1400 audit(0.0:102): avc: denied { map } for path="/dev/__properties__/u:object_r:ctl_interface_restart_prop:s0" dev="tmpfs" ino=32522 scontext=u:r:recovery:s0 tcontext=u:object_r:ctl_interface_restart_prop:s0 tclass=file permissive=1
08-05 22:54:47.080   529   529 I recovery: type=1400 audit(0.0:103): avc: denied { open } for path="/dev/__properties__/u:object_r:ctl_interface_start_prop:s0" dev="tmpfs" ino=32523 scontext=u:r:recovery:s0 tcontext=u:object_r:ctl_interface_start_prop:s0 tclass=file permissive=1
08-05 22:54:47.080   529   529 I recovery: type=1400 audit(0.0:104): avc: denied { getattr } for path="/dev/__properties__/u:object_r:ctl_interface_start_prop:s0" dev="tmpfs" ino=32523 scontext=u:r:recovery:s0 tcontext=u:object_r:ctl_interface_start_prop:s0 tclass=file permissive=1
08-05 22:54:47.080   529   529 I recovery: type=1400 audit(0.0:105): avc: denied { map } for path="/dev/__properties__/u:object_r:ctl_interface_start_prop:s0" dev="tmpfs" ino=32523 scontext=u:r:recovery:s0 tcontext=u:object_r:ctl_interface_start_prop:s0 tclass=file permissive=1
08-05 22:54:47.080   529   529 I recovery: type=1400 audit(0.0:106): avc: denied { open } for path="/dev/__properties__/u:object_r:ctl_interface_stop_prop:s0" dev="tmpfs" ino=32524 scontext=u:r:recovery:s0 tcontext=u:object_r:ctl_interface_stop_prop:s0 tclass=file permissive=1
08-05 22:54:47.080   529   529 I recovery: type=1400 audit(0.0:107): avc: denied { getattr } for path="/dev/__properties__/u:object_r:ctl_interface_stop_prop:s0" dev="tmpfs" ino=32524 scontext=u:r:recovery:s0 tcontext=u:object_r:ctl_interface_stop_prop:s0 tclass=file permissive=1
08-05 22:54:47.080   529   529 I recovery: type=1400 audit(0.0:108): avc: denied { map } for path="/dev/__properties__/u:object_r:device_config_media_native_prop:s0" dev="tmpfs" ino=32539 scontext=u:r:recovery:s0 tcontext=u:object_r:device_config_media_native_prop:s0 tclass=file permissive=1
08-05 22:54:47.080   529   529 I recovery: type=1400 audit(0.0:109): avc: denied { open } for path="/dev/__properties__/u:object_r:device_config_netd_native_prop:s0" dev="tmpfs" ino=32540 scontext=u:r:recovery:s0 tcontext=u:object_r:device_config_netd_native_prop:s0 tclass=file permissive=1
08-05 22:54:47.080   529   529 I recovery: type=1400 audit(0.0:110): avc: denied { getattr } for path="/dev/__properties__/u:object_r:device_config_netd_native_prop:s0" dev="tmpfs" ino=32540 scontext=u:r:recovery:s0 tcontext=u:object_r:device_config_netd_native_prop:s0 tclass=file permissive=1
08-05 22:54:47.080   529   529 I recovery: type=1400 audit(0.0:111): avc: denied { map } for path="/dev/__properties__/u:object_r:device_config_netd_native_prop:s0" dev="tmpfs" ino=32540 scontext=u:r:recovery:s0 tcontext=u:object_r:device_config_netd_native_prop:s0 tclass=file permissive=1
08-05 22:54:47.080   529   529 I recovery: type=1400 audit(0.0:112): avc: denied { open } for path="/dev/__properties__/u:object_r:device_config_reset_performed_prop:s0" dev="tmpfs" ino=32541 scontext=u:r:recovery:s0 tcontext=u:object_r:device_config_reset_performed_prop:s0 tclass=file permissive=1
08-05 22:54:47.080   529   529 I recovery: type=1400 audit(0.0:113): avc: denied { getattr } for path="/dev/__properties__/u:object_r:device_config_reset_performed_prop:s0" dev="tmpfs" ino=32541 scontext=u:r:recovery:s0 tcontext=u:object_r:device_config_reset_performed_prop:s0 tclass=file permissive=1
08-05 22:54:47.080   529   529 I recovery: type=1400 audit(0.0:114): avc: denied { map } for path="/dev/__properties__/u:object_r:device_config_reset_performed_prop:s0" dev="tmpfs" ino=32541 scontext=u:r:recovery:s0 tcontext=u:object_r:device_config_reset_performed_prop:s0 tclass=file permissive=1
08-05 22:54:47.090   529   529 I EXT4-fs (sda2): mounted filesystem with ordered data mode. Opts:
08-05 22:54:47.115   529   529 E ufshcd-qcom 1d84000.ufshc: ufshcd_ioctl: User buffer is NULL!
08-05 22:54:47.123   529   529 I EXT4-fs (dm-1): mounted filesystem without journal. Opts: barrier=1
08-05 22:54:47.131   529   529 E ufshcd-qcom 1d84000.ufshc: ufshcd_ioctl: User buffer is NULL!
08-05 22:54:47.138   529   529 I EXT4-fs (dm-3): mounted filesystem without journal. Opts: barrier=1
08-05 22:54:47.139   529   529 E ufshcd-qcom 1d84000.ufshc: ufshcd_ioctl: User buffer is NULL!
08-05 22:54:47.146   529   529 I EXT4-fs (dm-4): mounted filesystem without journal. Opts: barrier=1
08-05 22:54:47.147   529   529 E ufshcd-qcom 1d84000.ufshc: ufshcd_ioctl: User buffer is NULL!
08-05 22:54:47.155   529   529 I EXT4-fs (dm-2): mounted filesystem without journal. Opts: barrier=1
08-05 22:54:47.159   529   529 I F2FS-fs (sda19): Magic Mismatch, valid(0xf2f52010) - read(0x29ecd5c4)
08-05 22:54:47.159   529   529 E F2FS-fs (sda19): Can't find valid F2FS filesystem in 1th superblock
08-05 22:54:47.159   529   529 I F2FS-fs (sda19): Magic Mismatch, valid(0xf2f52010) - read(0x6ad5337)
08-05 22:54:47.159   529   529 E F2FS-fs (sda19): Can't find valid F2FS filesystem in 2th superblock
08-05 22:54:47.160   529   529 I F2FS-fs (sda19): Magic Mismatch, valid(0xf2f52010) - read(0x29ecd5c4)
08-05 22:54:47.160   529   529 E F2FS-fs (sda19): Can't find valid F2FS filesystem in 1th superblock
08-05 22:54:47.160   529   529 I F2FS-fs (sda19): Magic Mismatch, valid(0xf2f52010) - read(0x6ad5337)
08-05 22:54:47.160   529   529 E F2FS-fs (sda19): Can't find valid F2FS filesystem in 2th superblock
08-05 22:54:47.160   529   529 E ufshcd-qcom 1d84000.ufshc: ufshcd_ioctl: User buffer is NULL!
08-05 22:54:47.167   529   529 I EXT4-fs (dm-1): mounted filesystem without journal. Opts: barrier=1
08-05 22:54:47.167   529   529 E ufshcd-qcom 1d84000.ufshc: ufshcd_ioctl: User buffer is NULL!
08-05 22:54:47.174   529   529 I EXT4-fs (dm-4): mounted filesystem without journal. Opts: barrier=1
08-05 22:54:47.210   529   529 I EXT4-fs (loop0): mounted filesystem without journal. Opts: (null)
08-05 22:54:47.244   529   529 I EXT4-fs (loop1): mounted filesystem without journal. Opts: (null)
08-05 22:54:47.245     1     1 I init    : processing action (twrp.apex.loaded=true) from (/init.recovery.redfin.rc:60)
08-05 22:54:47.246     1     1 I init    : starting service 'prepdecrypt'...
08-05 22:54:47.255   529   529 I F2FS-fs (sda19): Magic Mismatch, valid(0xf2f52010) - read(0x29ecd5c4)
08-05 22:54:47.255   529   529 E F2FS-fs (sda19): Can't find valid F2FS filesystem in 1th superblock
08-05 22:54:47.255   529   529 I F2FS-fs (sda19): Magic Mismatch, valid(0xf2f52010) - read(0x6ad5337)
08-05 22:54:47.255   529   529 E F2FS-fs (sda19): Can't find valid F2FS filesystem in 2th superblock
08-05 22:54:47.255   529   529 I F2FS-fs (sda19): Magic Mismatch, valid(0xf2f52010) - read(0x29ecd5c4)
08-05 22:54:47.255   529   529 E F2FS-fs (sda19): Can't find valid F2FS filesystem in 1th superblock
08-05 22:54:47.255   529   529 I F2FS-fs (sda19): Magic Mismatch, valid(0xf2f52010) - read(0x6ad5337)
08-05 22:54:47.255   529   529 E F2FS-fs (sda19): Can't find valid F2FS filesystem in 2th superblock
08-05 22:54:47.262   529   529 I EXT4-fs (sda15): mounted filesystem with ordered data mode. Opts: discard
08-05 22:54:47.263     1     1 I init    : processing action (ro.crypto.state=encrypted && ro.crypto.type=file) from (/init.recovery.redfin.rc:48)
08-05 22:54:47.263     1     1 I init    : Keyring created with id 119998099 in process 1
08-05 22:54:47.288     1     1 I init    : processing action (prep.decrypt=1) from (/init.recovery.redfin.rc:71)
08-05 22:54:47.288     1     1 I init    : starting service 'boot-hal-1-1'...
08-05 22:54:47.290     1     1 I init    : starting service 'qseecomd'...
08-05 22:54:47.292     1     1 I init    : starting service 'vendor.citadeld'...
08-05 22:54:47.294     1     1 I init    : Service 'qseecomd' (pid 568) exited with status 1
08-05 22:54:47.294     1     1 I init    : Sending signal 9 to service 'qseecomd' (pid 568) process group...
08-05 22:54:47.294     1     1 I libprocessgroup: Successfully killed process cgroup uid 0 pid 568 in 0ms
08-05 22:54:47.295     1     1 I init    : starting service 'vendor.weaver_hal'...
08-05 22:54:47.297     1     1 I init    : starting service 'gatekeeper-1-0'...
08-05 22:54:47.299     1     1 I init    : starting service 'vendor.keymaster-4-1-citadel'...
08-05 22:54:47.301     1     1 I init    : starting service 'keymaster-4-0'...
08-05 22:54:47.304     1     1 I init    : Service 'prepdecrypt' (pid 555) exited with status 0 oneshot service took 0.056000 seconds in background
08-05 22:54:47.304     1     1 I init    : Sending signal 9 to service 'prepdecrypt' (pid 555) process group...
08-05 22:54:47.304     1     1 I libprocessgroup: Successfully killed process cgroup uid 0 pid 555 in 0ms
08-05 22:54:47.305     1     1 I init    : Service 'gatekeeper-1-0' (pid 571) exited with status 1
08-05 22:54:47.305     1     1 I init    : Sending signal 9 to service 'gatekeeper-1-0' (pid 571) process group...
08-05 22:54:47.305     1     1 I libprocessgroup: Successfully killed process cgroup uid 0 pid 571 in 0ms
08-05 22:54:47.311     1     1 I init    : Service 'keymaster-4-0' (pid 573) exited with status 1
08-05 22:54:47.311     1     1 I init    : Sending signal 9 to service 'keymaster-4-0' (pid 573) process group...
08-05 22:54:47.311     1     1 I libprocessgroup: Successfully killed process cgroup uid 0 pid 573 in 0ms
08-05 22:54:47.321   577   577 I spi_geni 980000.spi: tx_fifo 16 rx_fifo 16 tx_width 32
08-05 22:54:47.516   493   493 I sm7250_bms: MSC_PCS chg_state=640ec203010005 [0x5:3:1:3778:100] chg=u
08-05 22:54:47.516   493   493 I sm7250_bms: CHGR_ENG_CHARGING_CFG_REG = 0x04
08-05 22:54:47.521   493   493 I google_charger: usbchg=USB typec=C usbv=5016 usbc=393 usbMv=5000 usbMc=100
08-05 22:54:47.521   493   493 I sm7250_bms: MSC_PCS chg_state=640ec203010005 [0x5:3:1:3778:100] chg=u
08-05 22:54:47.521   493   493 I google_battery: MSC_DIN chg_state=640ec203010005 f=0x5 chg_s=Charging chg_t=Fast vchg=3778 icl=100
08-05 22:54:47.522   493   493 I google_battery: MSC_DSG vbatt_idx:0->0 vbatt=3778293 ibatt=101623 fv_uv=4200000 cv_cnt=3 ov_cnt=0
08-05 22:54:47.522   493   493 I google_battery: MSC_LOGIC cv_cnt=3 ov_cnt=0 temp_idx:2->2, vbatt_idx:0->0, fv=4200000->4200000, cc_max=4000000
08-05 22:54:47.522   493   493 I google_battery: MSC_VOTE fv_uv=4200000 cc_max=4000000 update_interval=30000
08-05 22:54:47.522   493   493 I google_charger: MSC_CHG fv_uv=4200000, cc_max=4000000, rerun in 30000 ms (0)
08-05 22:54:47.830    79    79 I QCOM-STEPCHG: get_step_chg_jeita_setting_from_profile: battery type=82300172013
08-05 22:54:47.830    79    79 I of_batterydata_get_best_profile: 82300172013 found
08-05 22:54:47.830    79    79 E QCOM-STEPCHG: read_range_data_from_node: Count qcom,step-chg-ranges failed, rc=-22
08-05 22:54:47.830    79    79 E QCOM-STEPCHG: read_range_data_from_node: Count qcom,jeita-fcc-ranges failed, rc=-22
08-05 22:54:47.830    79    79 E QCOM-STEPCHG: read_range_data_from_node: Count qcom,jeita-fv-ranges failed, rc=-22
08-05 22:54:48.267     1     1 E init    : Control message: Could not find 'android.hardware.keymaster@4.0::IKeymasterDevice/default' for ctl.interface_start from pid: 519 (/system/bin/hwservicemanager)
08-05 22:54:48.268     1     1 I chatty  : uid=1036(auditd) identical 1 line
08-05 22:54:49.270     1     1 E init    : Control message: Could not find 'android.hardware.keymaster@4.0::IKeymasterDevice/default' for ctl.interface_start from pid: 519 (/system/bin/hwservicemanager)
08-05 22:54:49.355   536   536 I google_charger: usbchg=USB typec=C usbv=5017 usbc=392 usbMv=5000 usbMc=100
08-05 22:54:49.355   536   536 I sm7250_bms: MSC_PCS chg_state=640eb803010015 [0x15:3:1:3768:100] chg=u
08-05 22:54:49.355   536   536 I google_battery: MSC_DIN chg_state=640eb803010015 f=0x15 chg_s=Charging chg_t=Fast vchg=3768 icl=100
08-05 22:54:49.357   536   536 I google_battery: MSC_DSG vbatt_idx:0->0 vbatt=3768172 ibatt=122070 fv_uv=4200000 cv_cnt=3 ov_cnt=0
08-05 22:54:49.357   536   536 I google_battery: MSC_LOGIC cv_cnt=3 ov_cnt=0 temp_idx:2->2, vbatt_idx:0->0, fv=4200000->4200000, cc_max=4000000
08-05 22:54:49.357   536   536 I google_battery: MSC_VOTE fv_uv=4200000 cc_max=4000000 update_interval=30000
08-05 22:54:49.357   536   536 I google_charger: MSC_CHG fv_uv=4200000, cc_max=4000000, rerun in 30000 ms (0)
08-05 22:54:50.272     1     1 E init    : Control message: Could not find 'android.hardware.keymaster@4.0::IKeymasterDevice/default' for ctl.interface_start from pid: 519 (/system/bin/hwservicemanager)
08-05 22:54:50.393   536   536 I google_battery: ttf_soc: estimate=157104
08-05 22:54:50.397   534   534 I google_battery: ttf_soc: estimate=157104
08-05 22:54:50.400   533   533 I google_charger: usbchg=USB typec=C usbv=5022 usbc=393 usbMv=5000 usbMc=100
08-05 22:54:50.400   533   533 I sm7250_bms: MSC_PCS chg_state=640ec303010015 [0x15:3:1:3779:100] chg=u
08-05 22:54:50.400   533   533 I google_battery: MSC_DIN chg_state=640ec303010015 f=0x15 chg_s=Charging chg_t=Fast vchg=3779 icl=100
08-05 22:54:50.401   533   533 I google_battery: MSC_DSG vbatt_idx:0->0 vbatt=3779266 ibatt=77819 fv_uv=4200000 cv_cnt=3 ov_cnt=0
08-05 22:54:50.401   533   533 I google_battery: MSC_LOGIC cv_cnt=3 ov_cnt=0 temp_idx:2->2, vbatt_idx:0->0, fv=4200000->4200000, cc_max=4000000
08-05 22:54:50.401   533   533 I google_battery: MSC_VOTE fv_uv=4200000 cc_max=4000000 update_interval=30000
08-05 22:54:50.401   533   533 I google_charger: MSC_CHG fv_uv=4200000, cc_max=4000000, rerun in 30000 ms (0)
08-05 22:54:51.164     1     1 I init    : starting service 'adbd'...
08-05 22:54:51.165     1     1 I init    : Created socket '/dev/socket/adbd', mode 660, user 1000, group 1000
08-05 22:54:51.178   591   591 I         : read descriptors
08-05 22:54:51.178   591   591 I         : read strings
08-05 22:54:51.178     1     1 I init    : processing action (sys.usb.config=adb && sys.usb.configfs=1 && sys.usb.ffs.ready=1) from (/system/etc/init/hw/init.rc:199)
08-05 22:54:51.240   533   533 I android_work: did not send uevent (0 0 0000000000000000)
08-05 22:54:51.240     1     1 I init    : Command 'write /config/usb_gadget/g1/UDC ${sys.usb.controller}' action=sys.usb.config=adb && sys.usb.configfs=1 && sys.usb.ffs.ready=1 (/system/etc/init/hw/init.rc:203) took 60ms and succeeded
08-05 22:54:51.274     1     1 E init    : Control message: Could not find 'android.hardware.keymaster@4.0::IKeymasterDevice/default' for ctl.interface_start from pid: 519 (/system/bin/hwservicemanager)
08-05 22:54:51.320   533   533 I msm-dwc3 a600000.ssusb: Avail curr from USB = 100
08-05 22:54:51.459    79    79 I android_work: did not send uevent (0 0 0000000000000000)
08-05 22:54:51.606     7     7 I android_work: sent uevent USB_STATE=CONNECTED
08-05 22:54:51.611   595   595 I configfs-gadget gadget: super-speed config #1: b
08-05 22:54:51.612     7     7 I msm-dwc3 a600000.ssusb: Avail curr from USB = 900
08-05 22:54:51.612     7     7 I android_work: sent uevent USB_STATE=CONFIGURED
08-05 22:54:52.276     1     1 E init    : Control message: Could not find 'android.hardware.keymaster@4.0::IKeymasterDevice/default' for ctl.interface_start from pid: 519 (/system/bin/hwservicemanager)
08-05 22:54:52.291     1     1 I init    : starting service 'qseecomd'...
08-05 22:54:52.294     1     1 I init    : Service 'qseecomd' (pid 598) exited with status 1
08-05 22:54:52.294     1     1 I init    : Sending signal 9 to service 'qseecomd' (pid 598) process group...
08-05 22:54:52.295     1     1 I libprocessgroup: Successfully killed process cgroup uid 0 pid 598 in 0ms
08-05 22:54:52.298     1     1 I init    : starting service 'gatekeeper-1-0'...
08-05 22:54:52.303     1     1 I init    : starting service 'keymaster-4-0'...
08-05 22:54:52.305     1     1 I init    : Service 'gatekeeper-1-0' (pid 599) exited with status 1
08-05 22:54:52.305     1     1 I init    : Sending signal 9 to service 'gatekeeper-1-0' (pid 599) process group...
08-05 22:54:52.305     1     1 I libprocessgroup: Successfully killed process cgroup uid 0 pid 599 in 0ms
08-05 22:54:52.306     1     1 I init    : Service 'keymaster-4-0' (pid 600) exited with status 1
08-05 22:54:52.306     1     1 I init    : Sending signal 9 to service 'keymaster-4-0' (pid 600) process group...
08-05 22:54:52.306     1     1 I libprocessgroup: Successfully killed process cgroup uid 0 pid 600 in 0ms
08-05 22:54:53.278     1     1 E init    : Control message: Could not find 'android.hardware.keymaster@4.0::IKeymasterDevice/default' for ctl.interface_start from pid: 519 (/system/bin/hwservicemanager)
08-05 22:54:56.284     1     1 I chatty  : uid=1036(auditd) identical 3 lines
08-05 22:54:57.286     1     1 E init    : Control message: Could not find 'android.hardware.keymaster@4.0::IKeymasterDevice/default' for ctl.interface_start from pid: 519 (/system/bin/hwservicemanager)
08-05 22:54:57.293     1     1 I init    : starting service 'qseecomd'...
08-05 22:54:57.296     1     1 I init    : Service 'qseecomd' (pid 606) exited with status 1
08-05 22:54:57.297     1     1 I init    : Sending signal 9 to service 'qseecomd' (pid 606) process group...
08-05 22:54:57.297     1     1 I libprocessgroup: Successfully killed process cgroup uid 0 pid 606 in 0ms
08-05 22:54:57.300     1     1 I init    : starting service 'gatekeeper-1-0'...
08-05 22:54:57.305     1     1 I init    : starting service 'keymaster-4-0'...
08-05 22:54:57.307     1     1 I init    : Service 'gatekeeper-1-0' (pid 607) exited with status 1
08-05 22:54:57.307     1     1 I init    : Sending signal 9 to service 'gatekeeper-1-0' (pid 607) process group...
08-05 22:54:57.307     1     1 I libprocessgroup: Successfully killed process cgroup uid 0 pid 607 in 0ms
08-05 22:54:57.308     1     1 I init    : Service 'keymaster-4-0' (pid 608) exited with status 1
08-05 22:54:57.308     1     1 I init    : Sending signal 9 to service 'keymaster-4-0' (pid 608) process group...
08-05 22:54:57.308     1     1 I libprocessgroup: Successfully killed process cgroup uid 0 pid 608 in 0ms
08-05 22:54:58.287     1     1 E init    : Control message: Could not find 'android.hardware.keymaster@4.0::IKeymasterDevice/default' for ctl.interface_start from pid: 519 (/system/bin/hwservicemanager)
08-05 22:55:01.293     1     1 I chatty  : uid=1036(auditd) identical 3 lines
08-05 22:55:02.295     1     1 E init    : Control message: Could not find 'android.hardware.keymaster@4.0::IKeymasterDevice/default' for ctl.interface_start from pid: 519 (/system/bin/hwservicemanager)
08-05 22:55:02.295     1     1 I init    : starting service 'qseecomd'...
08-05 22:55:02.298     1     1 I init    : Service 'qseecomd' (pid 614) exited with status 1
08-05 22:55:02.298     1     1 I init    : Sending signal 9 to service 'qseecomd' (pid 614) process group...
08-05 22:55:02.298     1     1 I libprocessgroup: Successfully killed process cgroup uid 0 pid 614 in 0ms
08-05 22:55:02.302     1     1 I init    : starting service 'gatekeeper-1-0'...
08-05 22:55:02.307     1     1 I init    : starting service 'keymaster-4-0'...
08-05 22:55:02.309     1     1 I init    : Service 'gatekeeper-1-0' (pid 615) exited with status 1
08-05 22:55:02.309     1     1 I init    : Sending signal 9 to service 'gatekeeper-1-0' (pid 615) process group...
08-05 22:55:02.309     1     1 I libprocessgroup: Successfully killed process cgroup uid 0 pid 615 in 0ms
08-05 22:55:02.310     1     1 I init    : Service 'keymaster-4-0' (pid 616) exited with status 1
08-05 22:55:02.310     1     1 I init    : Sending signal 9 to service 'keymaster-4-0' (pid 616) process group...
08-05 22:55:02.310     1     1 I libprocessgroup: Successfully killed process cgroup uid 0 pid 616 in 0ms
08-05 22:55:03.297     1     1 E init    : Control message: Could not find 'android.hardware.keymaster@4.0::IKeymasterDevice/default' for ctl.interface_start from pid: 519 (/system/bin/hwservicemanager)
08-05 22:55:05.300     1     1 I chatty  : uid=1036(auditd) identical 2 lines
08-05 22:55:06.302     1     1 E init    : Control message: Could not find 'android.hardware.keymaster@4.0::IKeymasterDevice/default' for ctl.interface_start from pid: 519 (/system/bin/hwservicemanager)
08-05 22:55:07.298     1     1 I init    : starting service 'qseecomd'...
08-05 22:55:07.302     1     1 I init    : Service 'qseecomd' (pid 621) exited with status 1
08-05 22:55:07.302     1     1 I init    : Sending signal 9 to service 'qseecomd' (pid 621) process group...
08-05 22:55:07.302     1     1 I libprocessgroup: Successfully killed process cgroup uid 0 pid 621 in 0ms
08-05 22:55:07.303     1     1 E init    : Control message: Could not find 'android.hardware.keymaster@4.0::IKeymasterDevice/default' for ctl.interface_start from pid: 519 (/system/bin/hwservicemanager)
08-05 22:55:07.303     1     1 I init    : starting service 'gatekeeper-1-0'...
08-05 22:55:07.308     1     1 I init    : starting service 'keymaster-4-0'...
08-05 22:55:07.310     1     1 I init    : Service 'gatekeeper-1-0' (pid 623) exited with status 1
08-05 22:55:07.310     1     1 I init    : Sending signal 9 to service 'gatekeeper-1-0' (pid 623) process group...
08-05 22:55:07.311     1     1 I libprocessgroup: Successfully killed process cgroup uid 0 pid 623 in 0ms
08-05 22:55:07.311     1     1 I init    : Service 'keymaster-4-0' (pid 624) exited with status 1
08-05 22:55:07.311     1     1 I init    : Sending signal 9 to service 'keymaster-4-0' (pid 624) process group...
08-05 22:55:07.311     1     1 I libprocessgroup: Successfully killed process cgroup uid 0 pid 624 in 0ms
08-05 22:55:08.305     1     1 E init    : Control message: Could not find 'android.hardware.keymaster@4.0::IKeymasterDevice/default' for ctl.interface_start from pid: 519 (/system/bin/hwservicemanager)
08-05 22:55:10.309     1     1 I chatty  : uid=1036(auditd) identical 2 lines
08-05 22:55:11.311     1     1 E init    : Control message: Could not find 'android.hardware.keymaster@4.0::IKeymasterDevice/default' for ctl.interface_start from pid: 519 (/system/bin/hwservicemanager)
08-05 22:55:12.303     1     1 I init    : starting service 'qseecomd'...
08-05 22:55:12.305     1     1 I init    : starting service 'gatekeeper-1-0'...
08-05 22:55:12.307     1     1 I init    : Service 'qseecomd' (pid 629) exited with status 1
08-05 22:55:12.307     1     1 I init    : Sending signal 9 to service 'qseecomd' (pid 629) process group...
08-05 22:55:12.307     1     1 I libprocessgroup: Successfully killed process cgroup uid 0 pid 629 in 0ms
08-05 22:55:12.311     1     1 I init    : starting service 'keymaster-4-0'...
08-05 22:55:12.313     1     1 I init    : Service 'gatekeeper-1-0' (pid 630) exited with status 1
08-05 22:55:12.313     1     1 I init    : Sending signal 9 to service 'gatekeeper-1-0' (pid 630) process group...
08-05 22:55:12.313     1     1 I libprocessgroup: Successfully killed process cgroup uid 0 pid 630 in 0ms
08-05 22:55:12.314     1     1 E init    : Control message: Could not find 'android.hardware.keymaster@4.0::IKeymasterDevice/default' for ctl.interface_start from pid: 519 (/system/bin/hwservicemanager)
08-05 22:55:12.315     1     1 I init    : Service 'keymaster-4-0' (pid 632) exited with status 1
08-05 22:55:12.315     1     1 I init    : Sending signal 9 to service 'keymaster-4-0' (pid 632) process group...
08-05 22:55:12.315     1     1 I libprocessgroup: Successfully killed process cgroup uid 0 pid 632 in 0ms
03-09 21:49:31.149   529   529 I recovery: type=1400 audit(0.0:208): avc: denied { search } for name="/" dev="sda2" ino=2 scontext=u:r:recovery:s0 tcontext=u:object_r:persist_file:s0 tclass=dir permissive=1
03-09 21:49:31.149   529   529 I recovery: type=1400 audit(0.0:209): avc: denied { read } for name="time" dev="sda2" ino=176 scontext=u:r:recovery:s0 tcontext=u:object_r:persist_time_file:s0 tclass=dir permissive=1
03-09 21:49:31.149   529   529 I recovery: type=1400 audit(0.0:210): avc: denied { open } for path="/persist/time" dev="sda2" ino=176 scontext=u:r:recovery:s0 tcontext=u:object_r:persist_time_file:s0 tclass=dir permissive=1
03-09 21:49:31.149   529   529 I recovery: type=1400 audit(0.0:211): avc: denied { search } for name="time" dev="sda2" ino=176 scontext=u:r:recovery:s0 tcontext=u:object_r:persist_time_file:s0 tclass=dir permissive=1
03-09 21:49:31.149   529   529 I recovery: type=1400 audit(0.0:212): avc: denied { read } for name="ats_2" dev="sda2" ino=178 scontext=u:r:recovery:s0 tcontext=u:object_r:persist_time_file:s0 tclass=file permissive=1
03-09 21:49:31.149   529   529 I recovery: type=1400 audit(0.0:213): avc: denied { open } for path="/persist/time/ats_2" dev="sda2" ino=178 scontext=u:r:recovery:s0 tcontext=u:object_r:persist_time_file:s0 tclass=file permissive=1
03-09 21:49:31.149   529   529 I recovery: type=1400 audit(0.0:214): avc: denied { getattr } for path="/persist/time/ats_2" dev="sda2" ino=178 scontext=u:r:recovery:s0 tcontext=u:object_r:persist_time_file:s0 tclass=file permissive=1
03-09 21:49:31.229   529   529 I recovery: type=1400 audit(0.0:115): avc: denied { open } for path="/dev/__properties__/u:object_r:device_config_runtime_native_boot_prop:s0" dev="tmpfs" ino=32542 scontext=u:r:recovery:s0 tcontext=u:object_r:device_config_runtime_native_boot_prop:s0 tclass=file permissive=1
03-09 21:49:31.229   529   529 I recovery: type=1400 audit(0.0:116): avc: denied { getattr } for path="/dev/__properties__/u:object_r:device_config_runtime_native_boot_prop:s0" dev="tmpfs" ino=32542 scontext=u:r:recovery:s0 tcontext=u:object_r:device_config_runtime_native_boot_prop:s0 tclass=file permissive=1
03-09 21:49:31.229   529   529 I recovery: type=1400 audit(0.0:117): avc: denied { map } for path="/dev/__properties__/u:object_r:device_config_runtime_native_boot_prop:s0" dev="tmpfs" ino=32542 scontext=u:r:recovery:s0 tcontext=u:object_r:device_config_runtime_native_boot_prop:s0 tclass=file permissive=1
03-09 21:49:31.229   529   529 I recovery: type=1400 audit(0.0:118): avc: denied { open } for path="/dev/__properties__/u:object_r:device_config_runtime_native_prop:s0" dev="tmpfs" ino=32543 scontext=u:r:recovery:s0 tcontext=u:object_r:device_config_runtime_native_prop:s0 tclass=file permissive=1
03-09 21:49:31.229   529   529 I recovery: type=1400 audit(0.0:119): avc: denied { getattr } for path="/dev/__properties__/u:object_r:device_config_runtime_native_prop:s0" dev="tmpfs" ino=32543 scontext=u:r:recovery:s0 tcontext=u:object_r:device_config_runtime_native_prop:s0 tclass=file permissive=1
03-09 21:49:31.229   529   529 I recovery: type=1400 audit(0.0:120): avc: denied { map } for path="/dev/__properties__/u:object_r:device_config_runtime_native_prop:s0" dev="tmpfs" ino=32543 scontext=u:r:recovery:s0 tcontext=u:object_r:device_config_runtime_native_prop:s0 tclass=file permissive=1
03-09 21:49:31.229   529   529 I recovery: type=1400 audit(0.0:121): avc: denied { open } for path="/dev/__properties__/u:object_r:device_config_storage_native_boot_prop:s0" dev="tmpfs" ino=32544 scontext=u:r:recovery:s0 tcontext=u:object_r:device_config_storage_native_boot_prop:s0 tclass=file permissive=1
03-09 21:49:31.229   529   529 I recovery: type=1400 audit(0.0:122): avc: denied { getattr } for path="/dev/__properties__/u:object_r:device_config_storage_native_boot_prop:s0" dev="tmpfs" ino=32544 scontext=u:r:recovery:s0 tcontext=u:object_r:device_config_storage_native_boot_prop:s0 tclass=file permissive=1
03-09 21:49:31.229   529   529 I recovery: type=1400 audit(0.0:123): avc: denied { map } for path="/dev/__properties__/u:object_r:device_config_storage_native_boot_prop:s0" dev="tmpfs" ino=32544 scontext=u:r:recovery:s0 tcontext=u:object_r:device_config_storage_native_boot_prop:s0 tclass=file permissive=1
03-09 21:49:31.229   529   529 I recovery: type=1400 audit(0.0:124): avc: denied { open } for path="/dev/__properties__/u:object_r:device_config_sys_traced_prop:s0" dev="tmpfs" ino=32545 scontext=u:r:recovery:s0 tcontext=u:object_r:device_config_sys_traced_prop:s0 tclass=file permissive=1
03-09 21:49:31.229   529   529 I recovery: type=1400 audit(0.0:125): avc: denied { getattr } for path="/dev/__properties__/u:object_r:device_config_sys_traced_prop:s0" dev="tmpfs" ino=32545 scontext=u:r:recovery:s0 tcontext=u:object_r:device_config_sys_traced_prop:s0 tclass=file permissive=1
03-09 21:49:31.229   529   529 I recovery: type=1400 audit(0.0:126): avc: denied { map } for path="/dev/__properties__/u:object_r:device_config_sys_traced_prop:s0" dev="tmpfs" ino=32545 scontext=u:r:recovery:s0 tcontext=u:object_r:device_config_sys_traced_prop:s0 tclass=file permissive=1
03-09 21:49:31.229   529   529 I recovery: type=1400 audit(0.0:127): avc: denied { open } for path="/dev/__properties__/u:object_r:device_config_window_manager_native_boot_prop:s0" dev="tmpfs" ino=32546 scontext=u:r:recovery:s0 tcontext=u:object_r:device_config_window_manager_native_boot_prop:s0 tclass=file permissive=1
03-09 21:49:31.229   529   529 I recovery: type=1400 audit(0.0:128): avc: denied { getattr } for path="/dev/__properties__/u:object_r:device_config_window_manager_native_boot_prop:s0" dev="tmpfs" ino=32546 scontext=u:r:recovery:s0 tcontext=u:object_r:device_config_window_manager_native_boot_prop:s0 tclass=file permissive=1
03-09 21:49:31.229   529   529 I recovery: type=1400 audit(0.0:129): avc: denied { map } for path="/dev/__properties__/u:object_r:device_config_window_manager_native_boot_prop:s0" dev="tmpfs" ino=32546 scontext=u:r:recovery:s0 tcontext=u:object_r:device_config_window_manager_native_boot_prop:s0 tclass=file permissive=1
03-09 21:49:31.229   529   529 I recovery: type=1400 audit(0.0:130): avc: denied { open } for path="/dev/__properties__/u:object_r:device_logging_prop:s0" dev="tmpfs" ino=32547 scontext=u:r:recovery:s0 tcontext=u:object_r:device_logging_prop:s0 tclass=file permissive=1
03-09 21:49:31.229   529   529 I recovery: type=1400 audit(0.0:131): avc: denied { getattr } for path="/dev/__properties__/u:object_r:device_logging_prop:s0" dev="tmpfs" ino=32547 scontext=u:r:recovery:s0 tcontext=u:object_r:device_logging_prop:s0 tclass=file permissive=1
03-09 21:49:31.229   529   529 I recovery: type=1400 audit(0.0:132): avc: denied { map } for path="/dev/__properties__/u:object_r:device_logging_prop:s0" dev="tmpfs" ino=32547 scontext=u:r:recovery:s0 tcontext=u:object_r:device_logging_prop:s0 tclass=file permissive=1
03-09 21:49:31.229   529   529 I recovery: type=1400 audit(0.0:133): avc: denied { open } for path="/dev/__properties__/u:object_r:dumpstate_options_prop:s0" dev="tmpfs" ino=32549 scontext=u:r:recovery:s0 tcontext=u:object_r:dumpstate_options_prop:s0 tclass=file permissive=1
03-09 21:49:31.229   529   529 I recovery: type=1400 audit(0.0:134): avc: denied { getattr } for path="/dev/__properties__/u:object_r:dumpstate_options_prop:s0" dev="tmpfs" ino=32549 scontext=u:r:recovery:s0 tcontext=u:object_r:dumpstate_options_prop:s0 tclass=file permissive=1
03-09 21:49:31.229   529   529 I recovery: type=1400 audit(0.0:135): avc: denied { map } for path="/dev/__properties__/u:object_r:dumpstate_options_prop:s0" dev="tmpfs" ino=32549 scontext=u:r:recovery:s0 tcontext=u:object_r:dumpstate_options_prop:s0 tclass=file permissive=1
03-09 21:49:31.229   529   529 I recovery: type=1400 audit(0.0:136): avc: denied { open } for path="/dev/__properties__/u:object_r:dynamic_system_prop:s0" dev="tmpfs" ino=32551 scontext=u:r:recovery:s0 tcontext=u:object_r:dynamic_system_prop:s0 tclass=file permissive=1
03-09 21:49:31.229   529   529 I recovery: type=1400 audit(0.0:137): avc: denied { getattr } for path="/dev/__properties__/u:object_r:dynamic_system_prop:s0" dev="tmpfs" ino=32551 scontext=u:r:recovery:s0 tcontext=u:object_r:dynamic_system_prop:s0 tclass=file permissive=1
03-09 21:49:31.229   529   529 I recovery: type=1400 audit(0.0:138): avc: denied { map } for path="/dev/__properties__/u:object_r:dynamic_system_prop:s0" dev="tmpfs" ino=32551 scontext=u:r:recovery:s0 tcontext=u:object_r:dynamic_system_prop:s0 tclass=file permissive=1
03-09 21:49:31.229   529   529 I recovery: type=1400 audit(0.0:139): avc: denied { open } for path="/dev/__properties__/u:object_r:exported_audio_prop:s0" dev="tmpfs" ino=32560 scontext=u:r:recovery:s0 tcontext=u:object_r:exported_audio_prop:s0 tclass=file permissive=1
03-09 21:49:31.229   529   529 I recovery: type=1400 audit(0.0:140): avc: denied { getattr } for path="/dev/__properties__/u:object_r:exported_audio_prop:s0" dev="tmpfs" ino=32560 scontext=u:r:recovery:s0 tcontext=u:object_r:exported_audio_prop:s0 tclass=file permissive=1
03-09 21:49:31.229   529   529 I recovery: type=1400 audit(0.0:141): avc: denied { map } for path="/dev/__properties__/u:object_r:exported_audio_prop:s0" dev="tmpfs" ino=32560 scontext=u:r:recovery:s0 tcontext=u:object_r:exported_audio_prop:s0 tclass=file permissive=1
03-09 21:49:31.229   529   529 I recovery: type=1400 audit(0.0:142): avc: denied { open } for path="/dev/__properties__/u:object_r:exported_bluetooth_prop:s0" dev="tmpfs" ino=32561 scontext=u:r:recovery:s0 tcontext=u:object_r:exported_bluetooth_prop:s0 tclass=file permissive=1
03-09 21:49:31.229   529   529 I recovery: type=1400 audit(0.0:143): avc: denied { getattr } for path="/dev/__properties__/u:object_r:exported_bluetooth_prop:s0" dev="tmpfs" ino=32561 scontext=u:r:recovery:s0 tcontext=u:object_r:exported_bluetooth_prop:s0 tclass=file permissive=1
03-09 21:49:31.229   529   529 I recovery: type=1400 audit(0.0:144): avc: denied { map } for path="/dev/__properties__/u:object_r:exported_bluetooth_prop:s0" dev="tmpfs" ino=32561 scontext=u:r:recovery:s0 tcontext=u:object_r:exported_bluetooth_prop:s0 tclass=file permissive=1
03-09 21:49:31.229   529   529 I recovery: type=1400 audit(0.0:145): avc: denied { open } for path="/dev/__properties__/u:object_r:exported_camera_prop:s0" dev="tmpfs" ino=32562 scontext=u:r:recovery:s0 tcontext=u:object_r:exported_camera_prop:s0 tclass=file permissive=1
03-09 21:49:31.229   529   529 I recovery: type=1400 audit(0.0:146): avc: denied { getattr } for path="/dev/__properties__/u:object_r:exported_camera_prop:s0" dev="tmpfs" ino=32562 scontext=u:r:recovery:s0 tcontext=u:object_r:exported_camera_prop:s0 tclass=file permissive=1
03-09 21:49:31.229   529   529 I recovery: type=1400 audit(0.0:147): avc: denied { map } for path="/dev/__properties__/u:object_r:exported_camera_prop:s0" dev="tmpfs" ino=32562 scontext=u:r:recovery:s0 tcontext=u:object_r:exported_camera_prop:s0 tclass=file permissive=1
03-09 21:49:31.229   529   529 I recovery: type=1400 audit(0.0:148): avc: denied { open } for path="/dev/__properties__/u:object_r:exported_overlay_prop:s0" dev="tmpfs" ino=32569 scontext=u:r:recovery:s0 tcontext=u:object_r:exported_overlay_prop:s0 tclass=file permissive=1
03-09 21:49:31.229   529   529 I recovery: type=1400 audit(0.0:149): avc: denied { getattr } for path="/dev/__properties__/u:object_r:exported_overlay_prop:s0" dev="tmpfs" ino=32569 scontext=u:r:recovery:s0 tcontext=u:object_r:exported_overlay_prop:s0 tclass=file permissive=1
03-09 21:49:31.229   529   529 I recovery: type=1400 audit(0.0:150): avc: denied { map } for path="/dev/__properties__/u:object_r:exported_overlay_prop:s0" dev="tmpfs" ino=32569 scontext=u:r:recovery:s0 tcontext=u:object_r:exported_overlay_prop:s0 tclass=file permissive=1
03-09 21:49:31.229   529   529 I recovery: type=1400 audit(0.0:151): avc: denied { open } for path="/dev/__properties__/u:object_r:exported_wifi_prop:s0" dev="tmpfs" ino=32576 scontext=u:r:recovery:s0 tcontext=u:object_r:exported_wifi_prop:s0 tclass=file permissive=1
03-09 21:49:31.229   529   529 I recovery: type=1400 audit(0.0:152): avc: denied { getattr } for path="/dev/__properties__/u:object_r:exported_wifi_prop:s0" dev="tmpfs" ino=32576 scontext=u:r:recovery:s0 tcontext=u:object_r:exported_wifi_prop:s0 tclass=file permissive=1
03-09 21:49:31.229   529   529 I recovery: type=1400 audit(0.0:153): avc: denied { map } for path="/dev/__properties__/u:object_r:exported_wifi_prop:s0" dev="tmpfs" ino=32576 scontext=u:r:recovery:s0 tcontext=u:object_r:exported_wifi_prop:s0 tclass=file permissive=1
03-09 21:49:31.229   529   529 I recovery: type=1400 audit(0.0:154): avc: denied { open } for path="/dev/__properties__/u:object_r:firstboot_prop:s0" dev="tmpfs" ino=32580 scontext=u:r:recovery:s0 tcontext=u:object_r:firstboot_prop:s0 tclass=file permissive=1
03-09 21:49:31.229   529   529 I recovery: type=1400 audit(0.0:155): avc: denied { getattr } for path="/dev/__properties__/u:object_r:firstboot_prop:s0" dev="tmpfs" ino=32580 scontext=u:r:recovery:s0 tcontext=u:object_r:firstboot_prop:s0 tclass=file permissive=1
03-09 21:49:31.229   529   529 I recovery: type=1400 audit(0.0:156): avc: denied { map } for path="/dev/__properties__/u:object_r:firstboot_prop:s0" dev="tmpfs" ino=32580 scontext=u:r:recovery:s0 tcontext=u:object_r:firstboot_prop:s0 tclass=file permissive=1
03-09 21:49:31.229   529   529 I recovery: type=1400 audit(0.0:157): avc: denied { read } for name="u:object_r:graphics_config_prop:s0" dev="tmpfs" ino=32581 scontext=u:r:recovery:s0 tcontext=u:object_r:graphics_config_prop:s0 tclass=file permissive=1
03-09 21:49:31.229   529   529 I recovery: type=1400 audit(0.0:158): avc: denied { open } for path="/dev/__properties__/u:object_r:graphics_config_prop:s0" dev="tmpfs" ino=32581 scontext=u:r:recovery:s0 tcontext=u:object_r:graphics_config_prop:s0 tclass=file permissive=1
03-09 21:49:31.229   529   529 I recovery: type=1400 audit(0.0:159): avc: denied { getattr } for path="/dev/__properties__/u:object_r:graphics_config_prop:s0" dev="tmpfs" ino=32581 scontext=u:r:recovery:s0 tcontext=u:object_r:graphics_config_prop:s0 tclass=file permissive=1
03-09 21:49:31.229   529   529 I recovery: type=1400 audit(0.0:160): avc: denied { map } for path="/dev/__properties__/u:object_r:graphics_config_prop:s0" dev="tmpfs" ino=32581 scontext=u:r:recovery:s0 tcontext=u:object_r:graphics_config_prop:s0 tclass=file permissive=1
03-09 21:49:31.229   529   529 I recovery: type=1400 audit(0.0:161): avc: denied { open } for path="/dev/__properties__/u:object_r:heapprofd_enabled_prop:s0" dev="tmpfs" ino=32583 scontext=u:r:recovery:s0 tcontext=u:object_r:heapprofd_enabled_prop:s0 tclass=file permissive=1
03-09 21:49:31.229   529   529 I recovery: type=1400 audit(0.0:162): avc: denied { getattr } for path="/dev/__properties__/u:object_r:heapprofd_enabled_prop:s0" dev="tmpfs" ino=32583 scontext=u:r:recovery:s0 tcontext=u:object_r:heapprofd_enabled_prop:s0 tclass=file permissive=1
03-09 21:49:31.229   529   529 I recovery: type=1400 audit(0.0:163): avc: denied { map } for path="/dev/__properties__/u:object_r:heapprofd_enabled_prop:s0" dev="tmpfs" ino=32583 scontext=u:r:recovery:s0 tcontext=u:object_r:heapprofd_enabled_prop:s0 tclass=file permissive=1
03-09 21:49:31.229   529   529 I recovery: type=1400 audit(0.0:164): avc: denied { open } for path="/dev/__properties__/u:object_r:incremental_prop:s0" dev="tmpfs" ino=32586 scontext=u:r:recovery:s0 tcontext=u:object_r:incremental_prop:s0 tclass=file permissive=1
03-09 21:49:31.229   529   529 I recovery: type=1400 audit(0.0:165): avc: denied { getattr } for path="/dev/__properties__/u:object_r:incremental_prop:s0" dev="tmpfs" ino=32586 scontext=u:r:recovery:s0 tcontext=u:object_r:incremental_prop:s0 tclass=file permissive=1
03-09 21:49:31.229   529   529 I recovery: type=1400 audit(0.0:166): avc: denied { map } for path="/dev/__properties__/u:object_r:incremental_prop:s0" dev="tmpfs" ino=32586 scontext=u:r:recovery:s0 tcontext=u:object_r:incremental_prop:s0 tclass=file permissive=1
03-09 21:49:31.229   529   529 I recovery: type=1400 audit(0.0:167): avc: denied { open } for path="/dev/__properties__/u:object_r:init_perf_lsm_hooks_prop:s0" dev="tmpfs" ino=32587 scontext=u:r:recovery:s0 tcontext=u:object_r:init_perf_lsm_hooks_prop:s0 tclass=file permissive=1
03-09 21:49:31.229   529   529 I recovery: type=1400 audit(0.0:168): avc: denied { getattr } for path="/dev/__properties__/u:object_r:init_perf_lsm_hooks_prop:s0" dev="tmpfs" ino=32587 scontext=u:r:recovery:s0 tcontext=u:object_r:init_perf_lsm_hooks_prop:s0 tclass=file permissive=1
03-09 21:49:31.229   529   529 I recovery: type=1400 audit(0.0:169): avc: denied { map } for path="/dev/__properties__/u:object_r:init_perf_lsm_hooks_prop:s0" dev="tmpfs" ino=32587 scontext=u:r:recovery:s0 tcontext=u:object_r:init_perf_lsm_hooks_prop:s0 tclass=file permissive=1
03-09 21:49:31.229   529   529 I recovery: type=1400 audit(0.0:170): avc: denied { open } for path="/dev/__properties__/u:object_r:init_svc_debug_prop:s0" dev="tmpfs" ino=32588 scontext=u:r:recovery:s0 tcontext=u:object_r:init_svc_debug_prop:s0 tclass=file permissive=1
03-09 21:49:31.229   529   529 I recovery: type=1400 audit(0.0:171): avc: denied { getattr } for path="/dev/__properties__/u:object_r:init_svc_debug_prop:s0" dev="tmpfs" ino=32588 scontext=u:r:recovery:s0 tcontext=u:object_r:init_svc_debug_prop:s0 tclass=file permissive=1
03-09 21:49:31.229   529   529 I recovery: type=1400 audit(0.0:172): avc: denied { map } for path="/dev/__properties__/u:object_r:init_svc_debug_prop:s0" dev="tmpfs" ino=32588 scontext=u:r:recovery:s0 tcontext=u:object_r:init_svc_debug_prop:s0 tclass=file permissive=1
