m@777:~/Desktop$ sudo adb logcat
--------- beginning of kernel
08-05 22:54:44.149     0     0 I         : Booting Linux on physical CPU 0x0000000000 [0x51df805e]
08-05 22:54:44.149     0     0 I         : Linux version 4.19.110-dirty (bigbiff@nas) (Android (6443078 based on r383902) clang version 11.0.1 (https://android.googlesource.com/toolchain/llvm-project b397f81060ce6d701042b782172ed13bee898b79)) #1 SMP PREEMPT Wed Feb 24 18:49:40 EST 2021
08-05 22:54:44.149     0     0 I Machine model: Google Inc. MSM sm7250 v2 Redfin PVT
08-05 22:54:44.149     0     0 E OF      : reserved mem: OVERLAP DETECTED!
08-05 22:54:44.149     0     0 E         : disp_rdump_region@0xa0000000 (0x00000000a0000000--0x00000000a2300000) overlaps with cont_splash_region (0x00000000a0000000--0x00000000a2300000)
08-05 22:54:44.149     0     0 I Reserved memory: created CMA memory pool at 0x00000000ff800000, size 4 MiB
08-05 22:54:44.149     0     0 I OF      : reserved mem: initialized node cdsp_region, compatible id shared-dma-pool
08-05 22:54:44.149     0     0 I Reserved memory: created CMA memory pool at 0x00000000ff400000, size 4 MiB
08-05 22:54:44.149     0     0 I OF      : reserved mem: initialized node sdsp_region, compatible id shared-dma-pool
08-05 22:54:44.149     0     0 I Reserved memory: created CMA memory pool at 0x00000000fe000000, size 20 MiB
08-05 22:54:44.149     0     0 I OF      : reserved mem: initialized node qseecom_region, compatible id shared-dma-pool
08-05 22:54:44.149     0     0 I Reserved memory: created CMA memory pool at 0x00000000fb800000, size 40 MiB
08-05 22:54:44.149     0     0 I OF      : reserved mem: initialized node mem_dump_region, compatible id shared-dma-pool
08-05 22:54:44.149     0     0 I Reserved memory: created CMA memory pool at 0x00000000f9800000, size 32 MiB
08-05 22:54:44.149     0     0 I OF      : reserved mem: initialized node linux,cma, compatible id shared-dma-pool
08-05 22:54:44.149     0     0 I Reserved memory: created CMA memory pool at 0x00000000f8800000, size 16 MiB
08-05 22:54:44.149     0     0 I OF      : reserved mem: initialized node qseecom_ta_region, compatible id shared-dma-pool
08-05 22:54:44.149     0     0 I Reserved memory: created CMA memory pool at 0x00000000f7c00000, size 12 MiB
08-05 22:54:44.149     0     0 I OF      : reserved mem: initialized node adsp_region, compatible id shared-dma-pool
08-05 22:54:44.149     0     0 I Reserved memory: created CMA memory pool at 0x00000000edc00000, size 160 MiB
08-05 22:54:44.149     0     0 I OF      : reserved mem: initialized node secure_display_region, compatible id shared-dma-pool
08-05 22:54:44.149     0     0 I Removed memory: created DMA memory pool at 0x0000000080880000, size 0 MiB
08-05 22:54:44.149     0     0 I OF      : reserved mem: initialized node res_xbl_uefi_log_region@80880000, compatible id removed-dma-pool
08-05 22:54:44.149     0     0 I Removed memory: created DMA memory pool at 0x00000000808ff000, size 0 MiB
08-05 22:54:44.149     0     0 I OF      : reserved mem: initialized node sec_apps_region@808ff000, compatible id removed-dma-pool
08-05 22:54:44.149     0     0 I Removed memory: created DMA memory pool at 0x0000000086000000, size 5 MiB
08-05 22:54:44.149     0     0 I OF      : reserved mem: initialized node pil_camera_region@86000000, compatible id removed-dma-pool
08-05 22:54:44.149     0     0 I Removed memory: created DMA memory pool at 0x0000000086500000, size 5 MiB
08-05 22:54:44.149     0     0 I OF      : reserved mem: initialized node pil_npu_region@86500000, compatible id removed-dma-pool
08-05 22:54:44.149     0     0 I Removed memory: created DMA memory pool at 0x0000000086a00000, size 5 MiB
08-05 22:54:44.149     0     0 I OF      : reserved mem: initialized node pil_video_region@86a00000, compatible id removed-dma-pool
08-05 22:54:44.149     0     0 I Removed memory: created DMA memory pool at 0x0000000087400000, size 30 MiB
08-05 22:54:44.149     0     0 I OF      : reserved mem: initialized node pil_cdsp_region@87400000, compatible id removed-dma-pool
08-05 22:54:44.149     0     0 I Removed memory: created DMA memory pool at 0x0000000089200000, size 40 MiB
08-05 22:54:44.149     0     0 I OF      : reserved mem: initialized node pil_adsp_region@89200000, compatible id removed-dma-pool
08-05 22:54:44.149     0     0 I Removed memory: created DMA memory pool at 0x000000008ba00000, size 2 MiB
08-05 22:54:44.149     0     0 I OF      : reserved mem: initialized node pil_wlan_fw_region@8ba00000, compatible id removed-dma-pool
08-05 22:54:44.149     0     0 I Removed memory: created DMA memory pool at 0x000000008bc00000, size 0 MiB
08-05 22:54:44.149     0     0 I OF      : reserved mem: initialized node pil_ipa_fw_region@8bc00000, compatible id removed-dma-pool
08-05 22:54:44.149     0     0 I Removed memory: created DMA memory pool at 0x000000008bc10000, size 0 MiB
08-05 22:54:44.149     0     0 I OF      : reserved mem: initialized node pil_ipa_gsi_region@8bc10000, compatible id removed-dma-pool
08-05 22:54:44.149     0     0 I Removed memory: created DMA memory pool at 0x000000008bc15400, size 0 MiB
08-05 22:54:44.149     0     0 I OF      : reserved mem: initialized node pil_gpu_region@8bc15400, compatible id removed-dma-pool
08-05 22:54:44.149     0     0 I Removed memory: created DMA memory pool at 0x000000008bc17400, size 3 MiB
08-05 22:54:44.149     0     0 I OF      : reserved mem: initialized node reserved_pil_mem_region@8bc17400, compatible id removed-dma-pool
08-05 22:54:44.149     0     0 I Removed memory: created DMA memory pool at 0x000000008c000000, size 280 MiB
08-05 22:54:44.149     0     0 I OF      : reserved mem: initialized node modem_wlan_region@8c000000, compatible id removed-dma-pool
08-05 22:54:44.149     0     0 I Removed memory: created DMA memory pool at 0x000000009f400000, size 12 MiB
08-05 22:54:44.149     0     0 I OF      : reserved mem: initialized node cdsp_sec_regions@9f400000, compatible id removed-dma-pool
08-05 22:54:44.149     0     0 I Removed memory: created DMA memory pool at 0x00000000b7e01000, size 0 MiB
08-05 22:54:44.149     0     0 I OF      : reserved mem: initialized node debug_info@B7E01000, compatible id removed-dma-pool
08-05 22:54:44.149     0     0 I Removed memory: created DMA memory pool at 0x00000000b7e41000, size 4 MiB
08-05 22:54:44.149     0     0 I OF      : reserved mem: initialized node ramoops_region@B7E41000, compatible id removed-dma-pool
08-05 22:54:44.149     0     0 I Removed memory: created DMA memory pool at 0x00000000b8241000, size 4 MiB
08-05 22:54:44.149     0     0 I OF      : reserved mem: initialized node alt_ramoops_region@B8241000, compatible id removed-dma-pool
08-05 22:54:44.149     0     0 I Removed memory: created DMA memory pool at 0x00000000b8641000, size 0 MiB
08-05 22:54:44.149     0     0 I OF      : reserved mem: initialized node ramoops_meta_region@0xB8641000, compatible id removed-dma-pool
08-05 22:54:44.149     0     0 I Removed memory: created DMA memory pool at 0x00000000b8642000, size 0 MiB
08-05 22:54:44.149     0     0 I OF      : reserved mem: initialized node ramdumplog_region@0xb8642000, compatible id removed-dma-pool
08-05 22:54:44.149     0     0 I Removed memory: created DMA memory pool at 0x00000000c8000000, size 0 MiB
08-05 22:54:44.149     0     0 I OF      : reserved mem: initialized node kregistry_mem@C8000000, compatible id removed-dma-pool
08-05 22:54:44.149     0     0 D         : On node 0 totalpages: 1962250
08-05 22:54:44.149     0     0 D Normal zone: 30661 pages used for memmap
08-05 22:54:44.149     0     0 D Normal zone: 0 pages reserved
08-05 22:54:44.149     0     0 D Normal zone: 1962250 pages, LIFO batch:63
08-05 22:54:44.149     0     0 I psci    : probing for conduit method from DT.
08-05 22:54:44.149     0     0 I psci    : PSCIv1.1 detected in firmware.
08-05 22:54:44.149     0     0 I psci    : Using standard PSCI v0.2 function IDs
08-05 22:54:44.149     0     0 I psci    : MIGRATE_INFO_TYPE not supported.
08-05 22:54:44.149     0     0 I psci    : SMC Calling Convention v1.1
08-05 22:54:44.149     0     0 I random  : fast init done
08-05 22:54:44.149     0     0 I percpu  : Embedded 25 pages/cpu s62360 r8192 d31848 u102400
08-05 22:54:44.149     0     0 D pcpu-alloc: s62360 r8192 d31848 u102400 alloc=25*4096
08-05 22:54:44.149     0     0 D pcpu-alloc: [0] 0 [0] 1 [0] 2 [0] 3 [0] 4 [0] 5 [0] 6 [0] 7
08-05 22:54:44.149     0     0 I         : Detected VIPT I-cache on CPU0
08-05 22:54:44.149     0     0 I CPU features: kernel page table isolation disabled by kernel configuration
08-05 22:54:44.149     0     0 I         : Built 1 zonelists, mobility grouping on.  Total pages: 1931589
08-05 22:54:44.149     0     0 I         : Kernel command line: rcupdate.rcu_expedited=1 rcu_nocbs=0-7 rootwait ro init=/init androidboot.bootdevice=1d84000.ufshc androidboot.baseband=msm androidboot.keymaster=1 msm_drm.dsi_display0=qcom,mdss_dsi_s6e3hc2_dvt_dsc_1080p_cmd: androidboot.force_normal_boot=1 androidboot.serialno=0C041FDD4000V8 androidboot.slot_suffix=_b androidboot.slot_retry_count=2 androidboot.slot_successful=yes androidboot.hardware.platform=sm7250 androidboot.hardware=redfin androidboot.revision=MP1.0 androidboot.bootloader=r3-0.4-8048798 androidboot.hardware.sku=GD1YQ androidboot.hardware.radio.subtype=0 androidboot.hardware.dsds=0 androidboot.secure_boot=PRODUCTION androidboot.cdt_hwid=0x050B2800 androidboot.hardware.majorid=0x0B androidboot.dtb_idx=0 androidboot.dtbo_idx=2 androidboot.bootreason=reboot,bootloader androidboot.hardware.ddr=8GB,Hynix,LPDDR4X androidboot.ddr_info=Hynix androidboot.ddr_size=8GB androidboot.hardware.ufs=128GB,SKHynix androidboot.cid=00000000 androidboot.boottime=0BLE:51
08-05 22:54:44.149     0     0 I         : log_buf_len individual max cpu contribution: 131072 bytes
08-05 22:54:44.149     0     0 I         : log_buf_len total cpu_extra contributions: 917504 bytes
08-05 22:54:44.149     0     0 I         : log_buf_len min size: 131072 bytes
08-05 22:54:44.149     0     0 I log_buf_len: 1048576 bytes
08-05 22:54:44.149     0     0 I         : early log buf free: 122084(93%)
08-05 22:54:44.149     0     0 I         : Dentry cache hash table entries: 1048576 (order: 11, 8388608 bytes)
08-05 22:54:44.149     0     0 I         : Inode-cache hash table entries: 524288 (order: 10, 4194304 bytes)
08-05 22:54:44.149     0     0 I mem auto-init: stack:all, heap alloc:on, heap free:off
08-05 22:54:44.149     0     0 I Memory  : 7267284K/7849000K available (27196K kernel code, 2620K rwdata, 8716K rodata, 2176K init, 5853K bss, 286804K reserved, 294912K cma-reserved)
08-05 22:54:44.149     0     0 I random  : random: get_random_u64 called from __kmem_cache_create+0x8c/0x8d4 with crng_init=1
08-05 22:54:44.149     0     0 I SLUB    : HWalign=64, Order=0-3, MinObjects=0, CPUs=8, Nodes=1
08-05 22:54:44.149     0     0 I rcu     : Preemptible hierarchical RCU implementation.
08-05 22:54:44.149     0     0 I rcu     : RCU dyntick-idle grace-period acceleration is enabled.
08-05 22:54:44.149     0     0 I rcu     : RCU restricting CPUs from NR_CPUS=32 to nr_cpu_ids=8.
08-05 22:54:44.149     0     0 I         : All grace periods are expedited (rcu_expedited).
08-05 22:54:44.149     0     0 I         : Tasks RCU enabled.
08-05 22:54:44.149     0     0 I rcu     : Adjusting geometry for rcu_fanout_leaf=16, nr_cpu_ids=8
08-05 22:54:44.149     0     0 I NR_IRQS : 64, nr_irqs: 64, preallocated irqs: 0
08-05 22:54:44.149     0     0 I GICv3   : Distributor has no Range Selector support
08-05 22:54:44.149     0     0 I GICv3   : no VLPI support, no direct LPI support
08-05 22:54:44.149     0     0 I rcu     : Offload RCU callbacks from CPUs: 0-7.
08-05 22:54:44.149     0     0 I arch_timer: CPU0: Trapping CNTVCT access
08-05 22:54:44.149     0     0 I arch_timer: cp15 and mmio timer(s) running at 19.20MHz (virt/virt).
08-05 22:54:44.149     0     0 I clocksource: arch_sys_counter: mask: 0xffffffffffffff max_cycles: 0x46d987e47, max_idle_ns: 440795202767 ns
08-05 22:54:44.149     0     0 I sched_clock: 56 bits at 19MHz, resolution 52ns, wraps every 4398046511078ns
08-05 22:54:44.149     0     0 I clocksource: Switched to clocksource arch_sys_counter
08-05 22:54:44.151     0     0 I         : Calibrating delay loop (skipped), value calculated using timer frequency.. 38.00 BogoMIPS (lpj=64000)
08-05 22:54:44.151     0     0 I pid_max : default: 32768 minimum: 301
08-05 22:54:44.151     0     0 I         : Security Framework initialized
08-05 22:54:44.151     0     0 I SELinux : Initializing.
08-05 22:54:44.151     0     0 I         : Mount-cache hash table entries: 16384 (order: 5, 131072 bytes)
08-05 22:54:44.152     0     0 I         : Mountpoint-cache hash table entries: 16384 (order: 5, 131072 bytes)
08-05 22:54:44.157     0     0 W NOHZ    : local_softirq_pending 02
08-05 22:54:44.159     1     1 I         : ASID allocator initialised with 65536 entries
08-05 22:54:44.160     0     0 W NOHZ    : local_softirq_pending 02
08-05 22:54:44.161     1     1 I rcu     : Hierarchical SRCU implementation.
08-05 22:54:44.167     1     1 W         : shmbridge is enabled
08-05 22:54:44.170     1     1 I smp     : Bringing up secondary CPUs ...
08-05 22:54:44.179     0     0 I         : Detected VIPT I-cache on CPU1
08-05 22:54:44.179     0     0 I arch_timer: CPU1: Trapping CNTVCT access
08-05 22:54:44.179     0     0 I CPU1    : Booted secondary processor 0x0000000100 [0x51df805e]
08-05 22:54:44.189     0     0 I         : Detected VIPT I-cache on CPU2
08-05 22:54:44.189     0     0 I arch_timer: CPU2: Trapping CNTVCT access
08-05 22:54:44.189     0     0 I CPU2    : Booted secondary processor 0x0000000200 [0x51df805e]
08-05 22:54:44.198     0     0 I         : Detected VIPT I-cache on CPU3
08-05 22:54:44.198     0     0 I arch_timer: CPU3: Trapping CNTVCT access
08-05 22:54:44.198     0     0 I CPU3    : Booted secondary processor 0x0000000300 [0x51df805e]
08-05 22:54:44.208     0     0 I         : Detected VIPT I-cache on CPU4
08-05 22:54:44.208     0     0 I arch_timer: CPU4: Trapping CNTVCT access
08-05 22:54:44.208     0     0 I CPU4    : Booted secondary processor 0x0000000400 [0x51df805e]
08-05 22:54:44.218     0     0 I         : Detected VIPT I-cache on CPU5
08-05 22:54:44.218     0     0 I arch_timer: CPU5: Trapping CNTVCT access
08-05 22:54:44.218     0     0 I CPU5    : Booted secondary processor 0x0000000500 [0x51df805e]
08-05 22:54:44.229     0     0 I CPU features: enabling workaround for Mismatched cache type
08-05 22:54:44.229     0     0 I CPU features: enabling workaround for ARM erratum 1188873
08-05 22:54:44.229     0     0 I CPU features: detected: Hardware dirty bit management
08-05 22:54:44.229     0     0 I CPU features: detected: Speculative Store Bypassing Safe (SSBS)
08-05 22:54:44.229     0     0 I         : Detected PIPT I-cache on CPU6
08-05 22:54:44.230     0     0 W CPU features: Unsupported CPU feature variation detected.
08-05 22:54:44.230     0     0 I arch_timer: Enabling local workaround for ARM erratum 1188873
08-05 22:54:44.230     0     0 I arch_timer: CPU6: Trapping CNTVCT access
08-05 22:54:44.230     0     0 I CPU6    : Booted secondary processor 0x0000000600 [0x51ff804e]
08-05 22:54:44.240     0     0 I         : Detected PIPT I-cache on CPU7
08-05 22:54:44.240     0     0 I arch_timer: Enabling local workaround for ARM erratum 1188873
08-05 22:54:44.240     0     0 I arch_timer: CPU7: Trapping CNTVCT access
08-05 22:54:44.240     0     0 I CPU7    : Booted secondary processor 0x0000000700 [0x51ff804e]
08-05 22:54:44.240     1     1 I smp     : Brought up 1 node, 8 CPUs
08-05 22:54:44.240     1     1 I SMP     : Total of 8 processors activated.
08-05 22:54:44.240     1     1 I CPU features: detected: GIC system register CPU interface
08-05 22:54:44.240     1     1 I CPU features: detected: Privileged Access Never
08-05 22:54:44.240     1     1 I CPU features: detected: LSE atomic instructions
08-05 22:54:44.240     1     1 I CPU features: detected: User Access Override
08-05 22:54:44.240     1     1 I CPU features: detected: 32-bit EL0 Support
08-05 22:54:44.240     1     1 I CPU features: detected: RAS Extension Support
08-05 22:54:44.249     1     1 I         : CPU: All CPU(s) started at EL1
08-05 22:54:44.249    17    17 I alternatives: patching kernel code
08-05 22:54:44.261     1     1 E scm_enable_mem_protection: SCM call failed
08-05 22:54:44.325     1     1 I         : Registered cp15_barrier emulation handler
08-05 22:54:44.325     1     1 I         : Registered setend emulation handler
08-05 22:54:44.325    76    76 I PM      : Init ksuspend_mon thread
08-05 22:54:44.325     1     1 I clocksource: jiffies: mask: 0xffffffff max_cycles: 0xffffffff, max_idle_ns: 6370867519511994 ns
08-05 22:54:44.325     1     1 I         : futex hash table entries: 2048 (order: 5, 131072 bytes)
08-05 22:54:44.329     1     1 I pinctrl core: initialized pinctrl subsystem
--------- beginning of main
08-05 22:54:44.329   514   514 W auditd  : type=2000 audit(0.0:1): state=initialized audit_enabled=0 res=1
08-05 22:54:44.330     1     1 I NET     : Registered protocol family 16
08-05 22:54:44.331     1     1 I schedtune: configured to support 8 boost groups
08-05 22:54:44.331     1     1 I audit   : initializing netlink subsys (disabled)
08-05 22:54:44.331     1     1 I cpuidle : using governor menu
08-05 22:54:44.331     1     1 I cpuidle : using governor qcom
08-05 22:54:44.331     1     1 I NET     : Registered protocol family 42
08-05 22:54:44.331     1     1 I hw-breakpoint: found 6 breakpoint and 4 watchpoint registers.
08-05 22:54:44.333     1     1 I DMA     : preallocated 256 KiB pool for atomic allocations
08-05 22:54:44.334     1     1 I DMA     : preallocated 256 KiB pool for atomic allocations
08-05 22:54:44.335     1     1 I exit    : IPA_USB init success!
08-05 22:54:44.337     1     1 I platform soc: ramoops: assigned reserved memory node ramoops_region@B7E41000
08-05 22:54:44.338     1     1 I         : console [pstore-1] enabled
08-05 22:54:44.338     1     1 I pstore  : Registered ramoops as persistent store backend
08-05 22:54:44.338     1     1 I ramoops : attached 0x400000@0xb7e41000, ecc: 0/0
08-05 22:54:44.339     1     1 W bldr_log_parser: bldr_log invalid in (____ptrval____)
08-05 22:54:44.340     1     1 I platform 82200000.qseecom: assigned reserved memory node qseecom_region
08-05 22:54:44.342     1     1 I platform soc: mem_dump: assigned reserved memory node mem_dump_region
08-05 22:54:44.343     1     1 I platform 4080000.qcom,mss: assigned reserved memory node modem_wlan_region@8c000000
08-05 22:54:44.343     1     1 I platform 3000000.qcom,lpass: assigned reserved memory node pil_adsp_region@89200000
08-05 22:54:44.343     1     1 I platform 8300000.qcom,turing: assigned reserved memory node pil_cdsp_region@87400000
08-05 22:54:44.343     1     1 I platform soc: qcom,msm-adsprpc-mem: assigned reserved memory node adsp_region
08-05 22:54:44.343     1     1 I platform aae0000.qcom,venus: assigned reserved memory node pil_video_region@86a00000
08-05 22:54:44.345     1     1 I platform soc: qcom,ipa_fws: assigned reserved memory node pil_ipa_fw_region@8bc00000
08-05 22:54:44.346     1     1 I platform 9800000.qcom,npu: assigned reserved memory node pil_npu_region@86500000
08-05 22:54:44.358     1     1 I platform b7e01000.bootloader_log: assigned reserved memory node debug_info@B7E01000
08-05 22:54:44.359     1     1 I platform soc: access_ramoops@0: assigned reserved memory node ramoops_meta_region@0xB8641000
08-05 22:54:44.359     1     1 I platform soc: access_ramoops@1: assigned reserved memory node alt_ramoops_region@B8241000
08-05 22:54:44.359     1     1 I platform mem-offline: Linked as a consumer to c300000.qcom,qmp-aop
08-05 22:54:44.393     1     1 I platform 3ac0000.slim: Linked as a consumer to 15000000.apps-smmu
08-05 22:54:44.393     1     1 I platform soc: bt_wcn3990: Linked as a consumer to f000000.pinctrl
08-05 22:54:44.394     1     1 I platform 793000.qrng: Linked as a consumer to 16e0000.ad-hoc-bus
08-05 22:54:44.394     1     1 I platform 793000.qrng: Linked as a consumer to 100000.qcom,gcc
08-05 22:54:44.394     1     1 I platform 1de0000.qcedev: Linked as a consumer to 16e0000.ad-hoc-bus
08-05 22:54:44.394     1     1 I platform 1de0000.qcedev: Linked as a consumer to 15000000.apps-smmu
08-05 22:54:44.394     1     1 I platform 1de0000.qcrypto: Linked as a consumer to 16e0000.ad-hoc-bus
08-05 22:54:44.394     1     1 I platform 1de0000.qcrypto: Linked as a consumer to 15000000.apps-smmu
08-05 22:54:44.394     1     1 I platform soc: qcom,snoc_cnoc_keepalive: Linked as a consumer to 16e0000.ad-hoc-bus
08-05 22:54:44.394     1     1 I platform soc: qcom,aopclk: Linked as a consumer to c300000.qcom,qmp-aop
08-05 22:54:44.394     1     1 I platform 100000.qcom,gcc: Linked as a consumer to 3d9106c.qcom,gdsc
08-05 22:54:44.394     1     1 I platform ad00000.qcom,camcc: Linked as a consumer to 100000.qcom,gcc
08-05 22:54:44.394     1     1 I platform ab00000.qcom,videocc: Linked as a consumer to 100000.qcom,gcc
08-05 22:54:44.394     1     1 I platform ab00000.qcom,videocc: Linked as a consumer to 780000.qfprom
08-05 22:54:44.394     1     1 I platform af00000.qcom,dispcc: Linked as a consumer to 100000.qcom,gcc
08-05 22:54:44.394     1     1 I platform 3d90000.qcom,gpucc: Linked as a consumer to 3d9106c.qcom,gdsc
08-05 22:54:44.394     1     1 I platform 9980000.qcom,npucc: Linked as a consumer to 9981004.qcom,gdsc
08-05 22:54:44.394     1     1 I platform 9980000.qcom,npucc: Linked as a consumer to 780000.qfprom
08-05 22:54:44.396     1     1 I platform 1d84000.ufshc: Linked as a consumer to 100000.qcom,gcc
08-05 22:54:44.396     1     1 I platform 1d84000.ufshc: Linked as a consumer to 16e0000.ad-hoc-bus
08-05 22:54:44.396     1     1 I platform 1d84000.ufshc: Linked as a consumer to f000000.pinctrl
08-05 22:54:44.396     1     1 I platform 1d84000.ufshc: Linked as a consumer to 177004.qcom,gdsc
08-05 22:54:44.397     1     1 I platform c300000.qcom,qmp-aop: Linked as a consumer to 408000.qcom,ipcc
08-05 22:54:44.397     1     1 I platform soc: aop-msg-client: Linked as a consumer to c300000.qcom,qmp-aop
08-05 22:54:44.397     1     1 I platform 4080000.qcom,mss: Linked as a consumer to 16e0000.ad-hoc-bus
08-05 22:54:44.397     1     1 I platform 4080000.qcom,mss: Linked as a consumer to c300000.qcom,qmp-aop
08-05 22:54:44.397     1     1 I platform 3000000.qcom,lpass: Linked as a consumer to 16e0000.ad-hoc-bus
08-05 22:54:44.397     1     1 I platform 3000000.qcom,lpass: Linked as a consumer to c300000.qcom,qmp-aop
08-05 22:54:44.397     1     1 I platform 8300000.qcom,turing: Linked as a consumer to 16e0000.ad-hoc-bus
08-05 22:54:44.397     1     1 I platform 8300000.qcom,turing: Linked as a consumer to c300000.qcom,qmp-aop
08-05 22:54:44.397     1     1 I platform soc: qcom,smp2p_sleepstate: Linked as a consumer to soc:qcom,smp2p-adsp
08-05 22:54:44.397     1     1 I platform aae0000.qcom,venus: Linked as a consumer to ab00814.qcom,gdsc
08-05 22:54:44.397     1     1 I platform aae0000.qcom,venus: Linked as a consumer to ab00000.qcom,videocc
08-05 22:54:44.397     1     1 I platform aae0000.qcom,venus: Linked as a consumer to 16e0000.ad-hoc-bus
08-05 22:54:44.397     1     1 I platform 800000.qcom,gpi-dma: Linked as a consumer to 15000000.apps-smmu
08-05 22:54:44.398     1     1 I platform 900000.qcom,gpi-dma: Linked as a consumer to 15000000.apps-smmu
08-05 22:54:44.398     1     1 I platform 88e0000.qcom,msm-eud: Linked as a consumer to 100000.qcom,gcc
08-05 22:54:44.398     1     1 I platform soc: qcom,cpu-cpu-llcc-bw: Linked as a consumer to 16e0000.ad-hoc-bus
08-05 22:54:44.398     1     1 I platform soc: qcom,cpu-llcc-ddr-bw: Linked as a consumer to 16e0000.ad-hoc-bus
08-05 22:54:44.398     1     1 I platform soc: qcom,npu-npu-llcc-bw: Linked as a consumer to 16e0000.ad-hoc-bus
08-05 22:54:44.398     1     1 I platform 60400.qcom,npu-npu-llcc-bwmon: Linked as a consumer to 100000.qcom,gcc
08-05 22:54:44.398     1     1 I platform soc: qcom,npu-llcc-ddr-bw: Linked as a consumer to 16e0000.ad-hoc-bus
08-05 22:54:44.398     1     1 I platform soc: qcom,npudsp-npu-ddr-bw: Linked as a consumer to 16e0000.ad-hoc-bus
08-05 22:54:44.398     1     1 I platform 70300.qcom,npudsp-npu-ddr-bwmon: Linked as a consumer to 100000.qcom,gcc
08-05 22:54:44.398     1     1 I platform soc: qcom,cpu0-cpu-llcc-lat: Linked as a consumer to 16e0000.ad-hoc-bus
08-05 22:54:44.398     1     1 I platform soc: qcom,cpu0-llcc-ddr-lat: Linked as a consumer to 16e0000.ad-hoc-bus
08-05 22:54:44.398     1     1 I platform soc: qcom,cpu0-cpu-ddr-latfloor: Linked as a consumer to 16e0000.ad-hoc-bus
08-05 22:54:44.398     1     1 I platform soc: qcom,cpu6-cpu-llcc-lat: Linked as a consumer to 16e0000.ad-hoc-bus
08-05 22:54:44.398     1     1 I platform soc: qcom,cpu6-llcc-ddr-lat: Linked as a consumer to 16e0000.ad-hoc-bus
08-05 22:54:44.398     1     1 I platform soc: qcom,cpu6-cpu-ddr-latfloor: Linked as a consumer to 16e0000.ad-hoc-bus
08-05 22:54:44.398     1     1 I platform soc: qcom,cpu7-cpu-ddr-latfloor: Linked as a consumer to 16e0000.ad-hoc-bus
08-05 22:54:44.398     1     1 I platform soc: qcom,ipa_fws: Linked as a consumer to 16e0000.ad-hoc-bus
08-05 22:54:44.398     1     1 I platform 1e00000.qcom,ipa: Linked as a consumer to 16e0000.ad-hoc-bus
08-05 22:54:44.398     1     1 I platform soc: ipa_smmu_ap: Linked as a consumer to 15000000.apps-smmu
08-05 22:54:44.398     1     1 I platform soc: ipa_smmu_wlan: Linked as a consumer to 15000000.apps-smmu
08-05 22:54:44.398     1     1 I platform soc: ipa_smmu_uc: Linked as a consumer to 15000000.apps-smmu
08-05 22:54:44.398     1     1 I platform 18800000.qcom,icnss: Linked as a consumer to 15000000.apps-smmu
08-05 22:54:44.398     1     1 I platform 9800000.qcom,npu: Linked as a consumer to 16e0000.ad-hoc-bus
08-05 22:54:44.401     1     1 I platform ad07004.qcom,gdsc: Linked as a consumer to 100000.qcom,gcc
08-05 22:54:44.401     1     1 I platform ad08004.qcom,gdsc: Linked as a consumer to 100000.qcom,gcc
08-05 22:54:44.401     1     1 I platform ad09004.qcom,gdsc: Linked as a consumer to 100000.qcom,gcc
08-05 22:54:44.401     1     1 I platform ad0a004.qcom,gdsc: Linked as a consumer to 100000.qcom,gcc
08-05 22:54:44.401     1     1 I platform ad0b004.qcom,gdsc: Linked as a consumer to 100000.qcom,gcc
08-05 22:54:44.401     1     1 I platform ad0c1c4.qcom,gdsc: Linked as a consumer to 100000.qcom,gcc
08-05 22:54:44.401     1     1 I platform af03000.qcom,gdsc: Linked as a consumer to 100000.qcom,gcc
08-05 22:54:44.401     1     1 I platform ab00814.qcom,gdsc: Linked as a consumer to 100000.qcom,gcc
08-05 22:54:44.401     1     1 I platform ab00874.qcom,gdsc: Linked as a consumer to 100000.qcom,gcc
08-05 22:54:44.401     1     1 I platform ab008b4.qcom,gdsc: Linked as a consumer to 100000.qcom,gcc
08-05 22:54:44.401     1     1 I platform 3da0000.kgsl-smmu: Linked as a consumer to 3d9106c.qcom,gdsc
08-05 22:54:44.401     1     1 I platform 3da0000.kgsl-smmu: Linked as a consumer to 100000.qcom,gcc
08-05 22:54:44.401     1     1 I platform 3da0000.kgsl-smmu: Linked as a consumer to 3d90000.qcom,gpucc
08-05 22:54:44.401     1     1 I platform 15000000.apps-smmu: Linked as a consumer to 16e0000.ad-hoc-bus
08-05 22:54:44.401     1     1 I platform soc: kgsl_iommu_test_device: Linked as a consumer to 3da0000.kgsl-smmu
08-05 22:54:44.401     1     1 I platform soc: apps_iommu_test_device: Linked as a consumer to 15000000.apps-smmu
08-05 22:54:44.401     1     1 I platform soc: apps_iommu_coherent_test_device: Linked as a consumer to 15000000.apps-smmu
08-05 22:54:44.401     1     1 I platform soc: qcom,smp2p-mpss: Linked as a consumer to 408000.qcom,ipcc
08-05 22:54:44.401     1     1 I platform soc: qcom,smp2p-adsp: Linked as a consumer to 408000.qcom,ipcc
08-05 22:54:44.402     1     1 I platform soc: qcom,smp2p-cdsp: Linked as a consumer to 408000.qcom,ipcc
08-05 22:54:44.402     1     1 I platform soc: qcom,smp2p-npu: Linked as a consumer to 408000.qcom,ipcc
08-05 22:54:44.402     1     1 I platform soc: qcom,smp2p-npu: Linked as a consumer to 9900000.qcom,msm_npu
08-05 22:54:44.402     1     1 I platform a600000.ssusb: Linked as a consumer to 15000000.apps-smmu
08-05 22:54:44.402     1     1 I platform a600000.ssusb: Linked as a consumer to 10f004.qcom,gdsc
08-05 22:54:44.402     1     1 I platform a600000.ssusb: Linked as a consumer to 88e3000.hsphy
08-05 22:54:44.402     1     1 I platform a600000.ssusb: Linked as a consumer to 100000.qcom,gcc
08-05 22:54:44.402     1     1 I platform a600000.ssusb: Linked as a consumer to 16e0000.ad-hoc-bus
08-05 22:54:44.402     1     1 I platform a600000.ssusb: Linked as a consumer to 88e0000.qcom,msm-eud
08-05 22:54:44.402     1     1 I platform 88e8000.ssphy: Linked as a consumer to 100000.qcom,gcc
08-05 22:54:44.402     1     1 I platform 88e8000.ssphy: Linked as a consumer to soc:vdda_usb_ss_dp_core
08-05 22:54:44.402     1     1 I platform soc: usb_audio_qmi_dev: Linked as a consumer to 15000000.apps-smmu
08-05 22:54:44.402     1     1 I platform aa00000.qcom,vidc0: Linked as a consumer to ab00814.qcom,gdsc
08-05 22:54:44.402     1     1 I platform aa00000.qcom,vidc0: Linked as a consumer to ab00874.qcom,gdsc
08-05 22:54:44.402     1     1 I platform aa00000.qcom,vidc0: Linked as a consumer to ab008b4.qcom,gdsc
08-05 22:54:44.402     1     1 I platform aa00000.qcom,vidc0: Linked as a consumer to ab00000.qcom,videocc
08-05 22:54:44.402     1     1 I platform aa00000.qcom,vidc1: Linked as a consumer to ab00814.qcom,gdsc
08-05 22:54:44.402     1     1 I platform aa00000.qcom,vidc1: Linked as a consumer to ab00874.qcom,gdsc
08-05 22:54:44.402     1     1 I platform aa00000.qcom,vidc1: Linked as a consumer to ab008b4.qcom,gdsc
08-05 22:54:44.402     1     1 I platform aa00000.qcom,vidc1: Linked as a consumer to ab00000.qcom,videocc
08-05 22:54:44.402     1     1 I platform 16e0000.ad-hoc-bus: Linked as a consumer to 100000.qcom,gcc
08-05 22:54:44.404     1     1 I platform soc: qcom,kgsl-hyp: Linked as a consumer to 16e0000.ad-hoc-bus
08-05 22:54:44.404     1     1 I platform soc: qcom,gpubw: Linked as a consumer to 16e0000.ad-hoc-bus
08-05 22:54:44.404     1     1 I platform 3d00000.qcom,kgsl-3d0: Linked as a consumer to 3d90000.qcom,gpucc
08-05 22:54:44.404     1     1 I platform 3d00000.qcom,kgsl-3d0: Linked as a consumer to 100000.qcom,gcc
08-05 22:54:44.404     1     1 I platform 3d00000.qcom,kgsl-3d0: Linked as a consumer to 16e0000.ad-hoc-bus
08-05 22:54:44.404     1     1 I platform 3d00000.qcom,kgsl-3d0: Linked as a consumer to 3d9106c.qcom,gdsc
08-05 22:54:44.404     1     1 I platform 3d00000.qcom,kgsl-3d0: Linked as a consumer to 3d9100c.qcom,gdsc
08-05 22:54:44.404     1     1 I platform 3d00000.qcom,kgsl-3d0: Linked as a consumer to 3d6a000.qcom,gmu
08-05 22:54:44.404     1     1 I platform 3d00000.qcom,kgsl-3d0: Linked as a consumer to 3da0000.kgsl-smmu
08-05 22:54:44.404     1     1 I platform 3d00000.qcom,kgsl-3d0: Linked as a consumer to 780000.qfprom
08-05 22:54:44.405     1     1 I platform 3da0000.qcom,kgsl-iommu: Linked as a consumer to 100000.qcom,gcc
08-05 22:54:44.405     1     1 I platform 3da0000.qcom,kgsl-iommu: Linked as a consumer to 3d90000.qcom,gpucc
08-05 22:54:44.405     1     1 I platform 3d6a000.qcom,gmu: Linked as a consumer to 16e0000.ad-hoc-bus
08-05 22:54:44.405     1     1 I platform 3d6a000.qcom,gmu: Linked as a consumer to 3d9106c.qcom,gdsc
08-05 22:54:44.405     1     1 I platform 3d6a000.qcom,gmu: Linked as a consumer to 3d9100c.qcom,gdsc
08-05 22:54:44.405     1     1 I platform 3d6a000.qcom,gmu: Linked as a consumer to 3d90000.qcom,gpucc
08-05 22:54:44.405     1     1 I platform 3d6a000.qcom,gmu: Linked as a consumer to 100000.qcom,gcc
08-05 22:54:44.405     1     1 I platform 3d6a000.qcom,gmu: Linked as a consumer to soc:qcom,aopclk
08-05 22:54:44.405     1     1 I platform 3d6a000.qcom,gmu: Linked as a consumer to c300000.qcom,qmp-aop
08-05 22:54:44.405     1     1 I platform 9900000.qcom,msm_npu: Linked as a consumer to 15000000.apps-smmu
08-05 22:54:44.405     1     1 I platform 9900000.qcom,msm_npu: Linked as a consumer to 9980000.qcom,npucc
08-05 22:54:44.405     1     1 I platform 9900000.qcom,msm_npu: Linked as a consumer to 9981004.qcom,gdsc
08-05 22:54:44.405     1     1 I platform 9900000.qcom,msm_npu: Linked as a consumer to 408000.qcom,ipcc
08-05 22:54:44.405     1     1 I platform soc: ipcc-self-ping-apss: Linked as a consumer to 408000.qcom,ipcc
08-05 22:54:44.405     1     1 I platform soc: ipcc-self-ping-cdsp: Linked as a consumer to 408000.qcom,ipcc
08-05 22:54:44.405     1     1 I platform soc: ipcc-self-ping-adsp: Linked as a consumer to 408000.qcom,ipcc
08-05 22:54:44.405     1     1 I platform 8c0000.qcom,qupv3_0_geni_se: Linked as a consumer to 15000000.apps-smmu
08-05 22:54:44.405     1     1 I platform 888000.qcom,qup_uart: Linked as a consumer to 100000.qcom,gcc
08-05 22:54:44.405     1     1 I platform 888000.qcom,qup_uart: Linked as a consumer to f000000.pinctrl
08-05 22:54:44.405     1     1 I platform 888000.qcom,qup_uart: Linked as a consumer to 8c0000.qcom,qupv3_0_geni_se
08-05 22:54:44.406     1     1 I platform 894000.qcom,qup_uart: Linked as a consumer to 100000.qcom,gcc
08-05 22:54:44.406     1     1 I platform 894000.qcom,qup_uart: Linked as a consumer to f000000.pinctrl
08-05 22:54:44.406     1     1 I platform 894000.qcom,qup_uart: Linked as a consumer to 8c0000.qcom,qupv3_0_geni_se
08-05 22:54:44.406     1     1 I platform 880000.spi: Linked as a consumer to 100000.qcom,gcc
08-05 22:54:44.406     1     1 I platform 880000.spi: Linked as a consumer to f000000.pinctrl
08-05 22:54:44.406     1     1 I platform 880000.spi: Linked as a consumer to 8c0000.qcom,qupv3_0_geni_se
08-05 22:54:44.406     1     1 I platform 880000.spi: Linked as a consumer to 800000.qcom,gpi-dma
08-05 22:54:44.406     1     1 I platform 890000.spi: Linked as a consumer to 100000.qcom,gcc
08-05 22:54:44.406     1     1 I platform 890000.spi: Linked as a consumer to f000000.pinctrl
08-05 22:54:44.406     1     1 I platform 890000.spi: Linked as a consumer to 8c0000.qcom,qupv3_0_geni_se
08-05 22:54:44.406     1     1 I platform 890000.spi: Linked as a consumer to 800000.qcom,gpi-dma
08-05 22:54:44.406     1     1 I platform 9c0000.qcom,qupv3_1_geni_se: Linked as a consumer to 15000000.apps-smmu
08-05 22:54:44.406     1     1 I platform 984000.i2c: Linked as a consumer to 100000.qcom,gcc
08-05 22:54:44.406     1     1 I platform 984000.i2c: Linked as a consumer to 900000.qcom,gpi-dma
08-05 22:54:44.406     1     1 I platform 984000.i2c: Linked as a consumer to f000000.pinctrl
08-05 22:54:44.406     1     1 I platform 984000.i2c: Linked as a consumer to 9c0000.qcom,qupv3_1_geni_se
08-05 22:54:44.406     1     1 I platform 98c000.i2c: Linked as a consumer to 100000.qcom,gcc
08-05 22:54:44.406     1     1 I platform 98c000.i2c: Linked as a consumer to 900000.qcom,gpi-dma
08-05 22:54:44.406     1     1 I platform 98c000.i2c: Linked as a consumer to f000000.pinctrl
08-05 22:54:44.406     1     1 I platform 98c000.i2c: Linked as a consumer to 9c0000.qcom,qupv3_1_geni_se
08-05 22:54:44.407     1     1 I platform 994000.i2c: Linked as a consumer to 100000.qcom,gcc
08-05 22:54:44.407     1     1 I platform 994000.i2c: Linked as a consumer to 900000.qcom,gpi-dma
08-05 22:54:44.407     1     1 I platform 994000.i2c: Linked as a consumer to f000000.pinctrl
08-05 22:54:44.407     1     1 I platform 994000.i2c: Linked as a consumer to 9c0000.qcom,qupv3_1_geni_se
08-05 22:54:44.407     1     1 I platform 980000.spi: Linked as a consumer to 100000.qcom,gcc
08-05 22:54:44.407     1     1 I platform 980000.spi: Linked as a consumer to 9c0000.qcom,qupv3_1_geni_se
08-05 22:54:44.407     1     1 I platform 980000.spi: Linked as a consumer to 900000.qcom,gpi-dma
08-05 22:54:44.407     1     1 I amba 6046000.replicator: Linked as a consumer to soc:qcom,aopclk
08-05 22:54:44.407     1     1 I amba 6b06000.replicator: Linked as a consumer to soc:qcom,aopclk
08-05 22:54:44.407     1     1 I amba 6b05000.tmc: Linked as a consumer to soc:qcom,aopclk
08-05 22:54:44.407     1     1 I amba 6b04000.funnel: Linked as a consumer to soc:qcom,aopclk
08-05 22:54:44.407     1     1 I amba 6048000.tmc: Linked as a consumer to 15000000.apps-smmu
08-05 22:54:44.407     1     1 I amba 6048000.tmc: Linked as a consumer to soc:qcom,aopclk
08-05 22:54:44.407     1     1 I amba 6045000.funnel: Linked as a consumer to soc:qcom,aopclk
08-05 22:54:44.407     1     1 I platform 6b0c000.csr: Linked as a consumer to soc:qcom,aopclk
08-05 22:54:44.407     1     1 I amba 6041000.funnel: Linked as a consumer to soc:qcom,aopclk
08-05 22:54:44.407     1     1 I amba 6042000.funnel: Linked as a consumer to soc:qcom,aopclk
08-05 22:54:44.407     1     1 I amba 7810000.funnel: Linked as a consumer to soc:qcom,aopclk
08-05 22:54:44.408     1     1 I amba 7800000.funnel: Linked as a consumer to soc:qcom,aopclk
08-05 22:54:44.408     1     1 I amba 7040000.etm: Linked as a consumer to soc:qcom,aopclk
08-05 22:54:44.408     1     1 I amba 7140000.etm: Linked as a consumer to soc:qcom,aopclk
08-05 22:54:44.408     1     1 I amba 7240000.etm: Linked as a consumer to soc:qcom,aopclk
08-05 22:54:44.408     1     1 I amba 7340000.etm: Linked as a consumer to soc:qcom,aopclk
08-05 22:54:44.408     1     1 I amba 7440000.etm: Linked as a consumer to soc:qcom,aopclk
08-05 22:54:44.408     1     1 I amba 7540000.etm: Linked as a consumer to soc:qcom,aopclk
08-05 22:54:44.408     1     1 I amba 7640000.etm: Linked as a consumer to soc:qcom,aopclk
08-05 22:54:44.408     1     1 I amba 7740000.etm: Linked as a consumer to soc:qcom,aopclk
08-05 22:54:44.408     1     1 I platform ace0000.qcom,csiphy0: Linked as a consumer to ad0c1c4.qcom,gdsc
08-05 22:54:44.408     1     1 I platform ace0000.qcom,csiphy0: Linked as a consumer to ff1000.refgen-regulator
08-05 22:54:44.408     1     1 I platform ace0000.qcom,csiphy0: Linked as a consumer to ad00000.qcom,camcc
08-05 22:54:44.408     1     1 I platform ace2000.qcom,csiphy1: Linked as a consumer to ad0c1c4.qcom,gdsc
08-05 22:54:44.408     1     1 I platform ace2000.qcom,csiphy1: Linked as a consumer to ff1000.refgen-regulator
08-05 22:54:44.408     1     1 I platform ace2000.qcom,csiphy1: Linked as a consumer to ad00000.qcom,camcc
08-05 22:54:44.408     1     1 I platform ace4000.qcom,csiphy2: Linked as a consumer to ad0c1c4.qcom,gdsc
08-05 22:54:44.408     1     1 I platform ace4000.qcom,csiphy2: Linked as a consumer to ff1000.refgen-regulator
08-05 22:54:44.408     1     1 I platform ace4000.qcom,csiphy2: Linked as a consumer to ad00000.qcom,camcc
08-05 22:54:44.408     1     1 I platform ace6000.qcom,csiphy3: Linked as a consumer to ad0c1c4.qcom,gdsc
08-05 22:54:44.408     1     1 I platform ace6000.qcom,csiphy3: Linked as a consumer to ff1000.refgen-regulator
08-05 22:54:44.408     1     1 I platform ace6000.qcom,csiphy3: Linked as a consumer to ad00000.qcom,camcc
08-05 22:54:44.408     1     1 I platform ac4a000.qcom,cci0: Linked as a consumer to ad0c1c4.qcom,gdsc
08-05 22:54:44.408     1     1 I platform ac4a000.qcom,cci0: Linked as a consumer to ad00000.qcom,camcc
08-05 22:54:44.408     1     1 I platform ac4a000.qcom,cci0: Linked as a consumer to f000000.pinctrl
08-05 22:54:44.409     1     1 I platform ac4b000.qcom,cci1: Linked as a consumer to ad0c1c4.qcom,gdsc
08-05 22:54:44.409     1     1 I platform ac4b000.qcom,cci1: Linked as a consumer to ad00000.qcom,camcc
08-05 22:54:44.409     1     1 I platform ac4b000.qcom,cci1: Linked as a consumer to f000000.pinctrl
08-05 22:54:44.409     1     1 I platform ac48000.qcom,cpas-cdm0: Linked as a consumer to ad0c1c4.qcom,gdsc
08-05 22:54:44.409     1     1 I platform ac48000.qcom,cpas-cdm0: Linked as a consumer to ad00000.qcom,camcc
08-05 22:54:44.409     1     1 I platform acb3000.qcom,csid0: Linked as a consumer to ad0c1c4.qcom,gdsc
08-05 22:54:44.409     1     1 I platform acb3000.qcom,csid0: Linked as a consumer to ad0a004.qcom,gdsc
08-05 22:54:44.409     1     1 I platform acb3000.qcom,csid0: Linked as a consumer to ad00000.qcom,camcc
08-05 22:54:44.409     1     1 I platform acaf000.qcom,vfe0: Linked as a consumer to ad0c1c4.qcom,gdsc
08-05 22:54:44.409     1     1 I platform acaf000.qcom,vfe0: Linked as a consumer to ad0a004.qcom,gdsc
08-05 22:54:44.409     1     1 I platform acaf000.qcom,vfe0: Linked as a consumer to ad00000.qcom,camcc
08-05 22:54:44.409     1     1 I platform acba000.qcom,csid1: Linked as a consumer to ad0c1c4.qcom,gdsc
08-05 22:54:44.409     1     1 I platform acba000.qcom,csid1: Linked as a consumer to ad0b004.qcom,gdsc
08-05 22:54:44.410     1     1 I platform acba000.qcom,csid1: Linked as a consumer to ad00000.qcom,camcc
08-05 22:54:44.410     1     1 I platform acb6000.qcom,vfe1: Linked as a consumer to ad0c1c4.qcom,gdsc
08-05 22:54:44.410     1     1 I platform acb6000.qcom,vfe1: Linked as a consumer to ad0b004.qcom,gdsc
08-05 22:54:44.410     1     1 I platform acb6000.qcom,vfe1: Linked as a consumer to ad00000.qcom,camcc
08-05 22:54:44.410     1     1 I platform acc8000.qcom,csid-lite0: Linked as a consumer to ad0c1c4.qcom,gdsc
08-05 22:54:44.410     1     1 I platform acc8000.qcom,csid-lite0: Linked as a consumer to ad00000.qcom,camcc
08-05 22:54:44.410     1     1 I platform acc4000.qcom,vfe-lite0: Linked as a consumer to ad0c1c4.qcom,gdsc
08-05 22:54:44.410     1     1 I platform acc4000.qcom,vfe-lite0: Linked as a consumer to ad00000.qcom,camcc
08-05 22:54:44.410     1     1 I platform ac00000.qcom,a5: Linked as a consumer to ad0c1c4.qcom,gdsc
08-05 22:54:44.410     1     1 I platform ac00000.qcom,a5: Linked as a consumer to ad00000.qcom,camcc
08-05 22:54:44.410     1     1 I platform ac87000.qcom,ipe0: Linked as a consumer to ad08004.qcom,gdsc
08-05 22:54:44.410     1     1 I platform ac87000.qcom,ipe0: Linked as a consumer to ad00000.qcom,camcc
08-05 22:54:44.410     1     1 I platform ac91000.qcom,ipe1: Linked as a consumer to ad09004.qcom,gdsc
08-05 22:54:44.410     1     1 I platform ac91000.qcom,ipe1: Linked as a consumer to ad00000.qcom,camcc
08-05 22:54:44.410     1     1 I platform ac6f000.qcom,bps: Linked as a consumer to ad07004.qcom,gdsc
08-05 22:54:44.410     1     1 I platform ac6f000.qcom,bps: Linked as a consumer to ad00000.qcom,camcc
08-05 22:54:44.410     1     1 I platform ac4e000.qcom,jpegenc: Linked as a consumer to ad0c1c4.qcom,gdsc
08-05 22:54:44.410     1     1 I platform ac4e000.qcom,jpegenc: Linked as a consumer to ad00000.qcom,camcc
08-05 22:54:44.410     1     1 I platform ac52000.qcom,jpegdma: Linked as a consumer to ad0c1c4.qcom,gdsc
08-05 22:54:44.410     1     1 I platform ac52000.qcom,jpegdma: Linked as a consumer to ad00000.qcom,camcc
08-05 22:54:44.410     1     1 I platform ac5a000.qcom,fd: Linked as a consumer to ad0c1c4.qcom,gdsc
08-05 22:54:44.410     1     1 I platform ac5a000.qcom,fd: Linked as a consumer to ad00000.qcom,camcc
08-05 22:54:44.410     1     1 I platform ac5a000.qcom,fd: Linked as a consumer to 16e0000.ad-hoc-bus
08-05 22:54:44.410     1     1 I platform ac6b000.qcom,lrme: Linked as a consumer to ad0c1c4.qcom,gdsc
08-05 22:54:44.410     1     1 I platform ac6b000.qcom,lrme: Linked as a consumer to ad00000.qcom,camcc
08-05 22:54:44.410     1     1 I platform ac40000.qcom,cam-cpas: Linked as a consumer to ad0c1c4.qcom,gdsc
08-05 22:54:44.410     1     1 I platform ac40000.qcom,cam-cpas: Linked as a consumer to 100000.qcom,gcc
08-05 22:54:44.410     1     1 I platform ac40000.qcom,cam-cpas: Linked as a consumer to ad00000.qcom,camcc
08-05 22:54:44.410     1     1 I platform ac40000.qcom,cam-cpas: Linked as a consumer to 16e0000.ad-hoc-bus
08-05 22:54:44.414     1     1 I platform soc: qcom,msm-adsp-loader: Linked as a consumer to 780000.qfprom
08-05 22:54:44.414     1     1 I platform ae00000.qcom,mdss_mdp: Linked as a consumer to 100000.qcom,gcc
08-05 22:54:44.414     1     1 I platform ae00000.qcom,mdss_mdp: Linked as a consumer to af00000.qcom,dispcc
08-05 22:54:44.420     1     1 I platform af20000.qcom,sde_rscc: Linked as a consumer to af03000.qcom,gdsc
08-05 22:54:44.420     1     1 I platform af20000.qcom,sde_rscc: Linked as a consumer to af00000.qcom,dispcc
08-05 22:54:44.420     1     1 I platform af20000.qcom,sde_rscc: Linked as a consumer to 16e0000.ad-hoc-bus
08-05 22:54:44.420     1     1 I platform ae94000.qcom,mdss_dsi0_ctrl: Linked as a consumer to ae00000.qcom,mdss_mdp
08-05 22:54:44.420     1     1 I platform ae94000.qcom,mdss_dsi0_ctrl: Linked as a consumer to ff1000.refgen-regulator
08-05 22:54:44.420     1     1 I platform ae94000.qcom,mdss_dsi0_ctrl: Linked as a consumer to af00000.qcom,dispcc
08-05 22:54:44.420     1     1 I platform ae96000.qcom,mdss_dsi1_ctrl: Linked as a consumer to ae00000.qcom,mdss_mdp
08-05 22:54:44.420     1     1 I platform ae96000.qcom,mdss_dsi1_ctrl: Linked as a consumer to ff1000.refgen-regulator
08-05 22:54:44.420     1     1 I platform ae96000.qcom,mdss_dsi1_ctrl: Linked as a consumer to af00000.qcom,dispcc
08-05 22:54:44.420     1     1 I platform ae94900.qcom,mdss_dsi0_pll: Linked as a consumer to af00000.qcom,dispcc
08-05 22:54:44.420     1     1 I platform ae94900.qcom,mdss_dsi0_pll: Linked as a consumer to 16e0000.ad-hoc-bus
08-05 22:54:44.420     1     1 I platform ae96900.qcom,mdss_dsi1_pll: Linked as a consumer to af00000.qcom,dispcc
08-05 22:54:44.420     1     1 I platform ae96900.qcom,mdss_dsi1_pll: Linked as a consumer to 16e0000.ad-hoc-bus
08-05 22:54:44.420     1     1 I platform 88ea000.qcom,mdss_dp_pll: Linked as a consumer to af00000.qcom,dispcc
08-05 22:54:44.420     1     1 I platform 88ea000.qcom,mdss_dp_pll: Linked as a consumer to 100000.qcom,gcc
08-05 22:54:44.420     1     1 I platform 88ea000.qcom,mdss_dp_pll: Linked as a consumer to 16e0000.ad-hoc-bus
08-05 22:54:44.420     1     1 I platform soc: qcom,dsi-display-primary: Linked as a consumer to 16e0000.ad-hoc-bus
08-05 22:54:44.420     1     1 I platform soc: qcom,dsi-display-primary: Linked as a consumer to ae94900.qcom,mdss_dsi0_pll
08-05 22:54:44.420     1     1 I platform soc: qcom,dsi-display-primary: Linked as a consumer to ae96900.qcom,mdss_dsi1_pll
08-05 22:54:44.420     1     1 I platform soc: qcom,dsi-display-primary: Linked as a consumer to af00000.qcom,dispcc
08-05 22:54:44.420     1     1 I platform soc: qcom,dsi-display-primary: Linked as a consumer to 100000.qcom,gcc
08-05 22:54:44.420     1     1 I platform soc: qcom,dsi-display-primary: Linked as a consumer to f000000.pinctrl
08-05 22:54:44.420     1     1 I platform soc: fp_fpc1020: Linked as a consumer to f000000.pinctrl
08-05 22:54:44.428    79    79 E msm-dcc 1022000.dcc_v2: DCC list passed 6
08-05 22:54:44.428    79    79 I msm-dcc 1022000.dcc_v2: All values written to enable.
08-05 22:54:44.429    79    79 I set_restart_msg: set restart msg = `Unknown'
08-05 22:54:44.430    79    79 E         : Unable to find DT property: qcom,msm-imem-download_mode
08-05 22:54:44.431    79    79 E         : Unable to find DT property: qcom,msm-imem-emergency_download_mode
08-05 22:54:44.431    79    79 I msm_watchdog 17c10000.qcom,wdt: wdog absent resource not present
08-05 22:54:44.431    79    79 I msm_watchdog 17c10000.qcom,wdt: MSM Watchdog Initialized
08-05 22:54:44.431    79    79 I sps     : sps is ready.
08-05 22:54:44.432     8     8 I spmi-0  : PMIC arbiter version v5 (0x50010000)
08-05 22:54:44.439    79    79 I platform 100000.qcom,gcc: Linked as a consumer to 18200000.rsc:qcom,rpmhclk
08-05 22:54:44.439    79    79 I platform 3d90000.qcom,gpucc: Linked as a consumer to 18200000.rsc:qcom,rpmhclk
08-05 22:54:44.439    79    79 I platform soc: qcom,cc-debug: Linked as a consumer to 18200000.rsc:qcom,rpmhclk
08-05 22:54:44.441    79    79 I platform 1d84000.ufshc: Linked as a consumer to 18200000.rsc:qcom,rpmhclk
08-05 22:54:44.441    79    79 I platform 4080000.qcom,mss: Linked as a consumer to 18200000.rsc:qcom,rpmhclk
08-05 22:54:44.441    79    79 I platform 3000000.qcom,lpass: Linked as a consumer to 18200000.rsc:qcom,rpmhclk
08-05 22:54:44.441    79    79 I platform 8300000.qcom,turing: Linked as a consumer to 18200000.rsc:qcom,rpmhclk
08-05 22:54:44.441    79    79 I platform 88e3000.hsphy: Linked as a consumer to 18200000.rsc:qcom,rpmhclk
08-05 22:54:44.441    79    79 I platform 88e8000.ssphy: Linked as a consumer to 18200000.rsc:qcom,rpmhclk
08-05 22:54:44.446    79    79 I platform 88ea000.qcom,mdss_dp_pll: Linked as a consumer to 18200000.rsc:qcom,rpmhclk
08-05 22:54:44.464     8     8 I platform 1d84000.ufshc: Linked as a consumer to 1d87000.ufsphy_mem
08-05 22:54:44.468     8     8 I platform c440000.qcom,spmi: qcom,pm8150@0:clock-controller@5b00: Linked as a consumer to 18200000.rsc:qcom,rpmhclk
08-05 22:54:44.475    79    79 I platform 1d87000.ufsphy_mem: Linked as a consumer to 18200000.rsc:qcom,rpmhclk
08-05 22:54:44.475    79    79 I platform 1d87000.ufsphy_mem: Linked as a consumer to 100000.qcom,gcc
08-05 22:54:44.475     8     8 I platform ad00000.qcom,camcc: Linked as a consumer to 18200000.rsc:rpmh-regulator-cxlvl
08-05 22:54:44.475     8     8 I platform ab00000.qcom,videocc: Linked as a consumer to 18200000.rsc:rpmh-regulator-cxlvl
08-05 22:54:44.475     8     8 I platform af00000.qcom,dispcc: Linked as a consumer to 18200000.rsc:rpmh-regulator-cxlvl
08-05 22:54:44.475     8     8 I platform 3d90000.qcom,gpucc: Linked as a consumer to 18200000.rsc:rpmh-regulator-cxlvl
08-05 22:54:44.475     8     8 I platform 9980000.qcom,npucc: Linked as a consumer to 18200000.rsc:rpmh-regulator-cxlvl
08-05 22:54:44.476     8     8 I platform 4080000.qcom,mss: Linked as a consumer to 18200000.rsc:rpmh-regulator-cxlvl
08-05 22:54:44.476     8     8 I platform 8300000.qcom,turing: Linked as a consumer to 18200000.rsc:rpmh-regulator-cxlvl
