08-05 22:54:45.754     1     1 W         : Error: swapper/0: fastrpc_cb_probe: failed to create debugfs global file
08-05 22:54:45.756     1     1 I platform soc: qcom,msm_fastrpc:qcom,msm_fastrpc_compute_cb7: Linked as a consumer to 15000000.apps-smmu
08-05 22:54:45.756     1     1 I iommu   : Adding device soc:qcom,msm_fastrpc:qcom,msm_fastrpc_compute_cb7 to group 33
08-05 22:54:45.756     1     1 W         : Error: swapper/0: fastrpc_cb_probe: failed to create debugfs global file
08-05 22:54:45.758     1     1 I platform soc: qcom,msm_fastrpc:qcom,msm_fastrpc_compute_cb8: Linked as a consumer to 15000000.apps-smmu
08-05 22:54:45.758     1     1 I iommu   : Adding device soc:qcom,msm_fastrpc:qcom,msm_fastrpc_compute_cb8 to group 34
08-05 22:54:45.759     1     1 W         : Error: swapper/0: fastrpc_cb_probe: failed to create debugfs global file
08-05 22:54:45.760     1     1 I platform soc: qcom,msm_fastrpc:qcom,msm_fastrpc_compute_cb9: Linked as a consumer to 15000000.apps-smmu
08-05 22:54:45.761     1     1 I iommu   : Adding device soc:qcom,msm_fastrpc:qcom,msm_fastrpc_compute_cb9 to group 35
08-05 22:54:45.761     1     1 W         : Error: swapper/0: fastrpc_cb_probe: failed to create debugfs global file
08-05 22:54:45.763     1     1 I platform soc: qcom,msm_fastrpc:qcom,msm_fastrpc_compute_cb10: Linked as a consumer to 15000000.apps-smmu
08-05 22:54:45.763     1     1 I iommu   : Adding device soc:qcom,msm_fastrpc:qcom,msm_fastrpc_compute_cb10 to group 36
08-05 22:54:45.763     1     1 W         : Error: swapper/0: fastrpc_cb_probe: failed to create debugfs global file
08-05 22:54:45.765     1     1 I platform soc: qcom,msm_fastrpc:qcom,msm_fastrpc_compute_cb11: Linked as a consumer to 15000000.apps-smmu
08-05 22:54:45.765     1     1 I iommu   : Adding device soc:qcom,msm_fastrpc:qcom,msm_fastrpc_compute_cb11 to group 37
08-05 22:54:45.765     1     1 W         : Error: swapper/0: fastrpc_cb_probe: failed to create debugfs global file
08-05 22:54:45.767     1     1 I platform soc: qcom,msm_fastrpc:qcom,msm_fastrpc_compute_cb12: Linked as a consumer to 15000000.apps-smmu
08-05 22:54:45.767     1     1 I iommu   : Adding device soc:qcom,msm_fastrpc:qcom,msm_fastrpc_compute_cb12 to group 38
08-05 22:54:45.767     1     1 W         : Error: swapper/0: fastrpc_cb_probe: failed to create debugfs global file
08-05 22:54:45.767     1     1 I fastrpc soc: qcom,msm_fastrpc: Dropping the link to 15000000.apps-smmu
08-05 22:54:45.768     1     1 I adsprpc : fastrpc_device_init: SSR notifier registered for adsp
08-05 22:54:45.768     1     1 I adsprpc : fastrpc_device_init: SSR notifier registered for modem
08-05 22:54:45.768     1     1 I adsprpc : fastrpc_device_init: SSR notifier registered for slpi
08-05 22:54:45.768     1     1 I adsprpc : fastrpc_device_init: SSR notifier registered for cdsp
08-05 22:54:45.769     1     1 I iommu   : Adding device 3ac0000.slim to group 39
08-05 22:54:45.772     1     1 I         : [KEY] gpio_keys_setup_key, error=-524, debounce(15, 15)
08-05 22:54:45.772     1     1 I         : [KEY] keycode = 115, gpio = 0, irq = 249
08-05 22:54:45.772     1     1 I input   : gpio-keys as /devices/platform/soc/soc:gpio_keys/input/input1
08-05 22:54:45.779     1     1 I         : RNDIS_IPA module is loaded.
08-05 22:54:45.779     1     1 I         : rmnet_ipa3 started initialization
08-05 22:54:45.779     1     1 I         : msm notifier probed successfully
08-05 22:54:45.780     1     1 I cfg80211: Loading compiled-in X.509 certificates for regulatory database
08-05 22:54:45.782     1     1 I cfg80211: Loaded X.509 cert 'sforshee: 00b28ddf47aef9cea7'
08-05 22:54:45.784     1     1 I         : ALSA device list:
08-05 22:54:45.784     1     1 I         : No soundcards found.
08-05 22:54:45.784     1     1 E         : Warning: unable to open an initial console.
08-05 22:54:45.784     1     1 I         : Freeing unused kernel memory: 2176K
08-05 22:54:45.784     1     1 I         : Run /init as init process
08-05 22:54:45.794     1     1 I init    : init first stage started!
08-05 22:54:45.794     1     1 I init    : ForceNormalBoot::twrp_fastboot: 0
08-05 22:54:45.794     1     1 I init    : ForceNormalBoot::normal_boot: 1
08-05 22:54:45.795     1     1 I init    : Loading module /lib/modules/msm_ipc_logging.ko with args ""
08-05 22:54:45.795     1     1 W msm_ipc_logging: disagrees about version of symbol kmem_cache_alloc_trace
08-05 22:54:45.795     1     1 W msm_ipc_logging: Unknown symbol kmem_cache_alloc_trace (err -22)
08-05 22:54:45.795     1     1 W msm_ipc_logging: disagrees about version of symbol kmalloc_caches
08-05 22:54:45.795     1     1 W msm_ipc_logging: Unknown symbol kmalloc_caches (err -22)
08-05 22:54:45.795     1     1 E init    : Failed to insmod '/lib/modules/msm_ipc_logging.ko' with args ''
08-05 22:54:45.795     1     1 E init    : LoadWithAliases was unable to load msm_ipc_logging
08-05 22:54:45.795     1     1 I init    : ForceNormalBoot::twrp_fastboot: 0
08-05 22:54:45.795     1     1 I init    : ForceNormalBoot::normal_boot: 1
08-05 22:54:45.795     1     1 I init    : First stage mount skipped (recovery mode)
08-05 22:54:45.795     1     1 I init    : [libfs_mgr]ReadFstabFromDt(): failed to read fstab from dt
08-05 22:54:45.796     1     1 I init    : Using Android DT directory /proc/device-tree/firmware/android/
08-05 22:54:45.803   335   335 I google_battery: Profile constant charge limits:
08-05 22:54:45.803   335   335 I google_battery: |T \ V  4200  4300  4390  4410  4430  4450
08-05 22:54:45.803   335   335 I google_battery: | 0:10  1200   400     0     0     0     0
08-05 22:54:45.803   335   335 I google_battery: |10:20  2000  1200  1200  1200   600   120
08-05 22:54:45.803   335   335 I google_battery: |20:42  4000  2800  2040  1200   600   120
08-05 22:54:45.803   335   335 I google_battery: |42:46  3200  2000  2000  1200   600   120
08-05 22:54:45.803   335   335 I google_battery: |46:48  2000  2000     0     0     0     0
08-05 22:54:45.803   335   335 I google_battery: |48:55  1200     0     0     0     0     0
08-05 22:54:45.805   361   361 I sm7250_bms: CHARGE_DISABLE : disable=0 -> val=1 (0)
08-05 22:54:45.805    70    70 E google_charger: failed to get POWER_SUPPLY_PROP_PRESENT from 'battery', ret=-11
08-05 22:54:45.805   335   335 E i2c_geni 98c000.i2c: i2c error :-107
08-05 22:54:45.807   499   499 E google_charger: failed to get POWER_SUPPLY_PROP_PRESENT from 'battery', ret=-11
08-05 22:54:45.807   335   335 E i2c_geni 98c000.i2c: i2c error :-107
08-05 22:54:45.808   361   361 I google_charger: WLC overrides FCC
08-05 22:54:45.808   335   335 E i2c_geni 98c000.i2c: i2c error :-107
08-05 22:54:45.809   361   361 I google_charger: MSC_THERM_PD state=0
08-05 22:54:45.810   361   361 I google_charger: MSC_THERM_PD state=0
08-05 22:54:45.810   361   361 E google_charger: failed to get POWER_SUPPLY_PROP_DEAD_BATTERY from 'battery', ret=-11
08-05 22:54:45.810   361   361 I google_charger: dead battery mode
08-05 22:54:45.810   361   361 I google_charger: google_charger_init_work done
08-05 22:54:45.810   335   335 E i2c_geni 98c000.i2c: i2c error :-107
08-05 22:54:45.812     1     1 I init    : [libfs_avb]Returning avb_handle with status: VerificationDisabled
08-05 22:54:45.812   335   335 E i2c_geni 98c000.i2c: i2c error :-107
08-05 22:54:45.819   335   335 I chatty  : uid=1036(auditd) identical 4 lines
08-05 22:54:45.821   335   335 E i2c_geni 98c000.i2c: i2c error :-107
08-05 22:54:45.821     1     1 W init    : DM_DEV_STATUS failed for system_ext_b: No such device or address
08-05 22:54:45.821     1     1 E init    : Could not update logical partition
08-05 22:54:45.821     1     1 W init    : DM_DEV_STATUS failed for product_b: No such device or address
08-05 22:54:45.821     1     1 E init    : Could not update logical partition
08-05 22:54:45.821     1     1 I init    : Loading SELinux policy
08-05 22:54:45.822   335   335 E i2c_geni 98c000.i2c: i2c error :-107
08-05 22:54:45.829   335   335 I chatty  : uid=1036(auditd) identical 3 lines
08-05 22:54:45.831   335   335 E i2c_geni 98c000.i2c: i2c error :-107
08-05 22:54:45.831     1     1 I SELinux : policy capability network_peer_controls=1
08-05 22:54:45.831     1     1 I SELinux : policy capability open_perms=1
08-05 22:54:45.831     1     1 I SELinux : policy capability extended_socket_class=1
08-05 22:54:45.831     1     1 I SELinux : policy capability always_check_network=0
08-05 22:54:45.831     1     1 I SELinux : policy capability cgroup_seclabel=0
08-05 22:54:45.831     1     1 I SELinux : policy capability nnp_nosuid_transition=1
08-05 22:54:45.833   335   335 E i2c_geni 98c000.i2c: i2c error :-107
08-05 22:54:45.867   335   335 I chatty  : uid=1036(auditd) identical 15 lines
08-05 22:54:45.869   335   335 E i2c_geni 98c000.i2c: i2c error :-107
08-05 22:54:45.871   335   335 I logbuffer: id:ttf registered
08-05 22:54:45.871   335   335 I google_battery: RES: req:0, sample:0[0], filt_cnt:0, res_avg:0
08-05 22:54:45.872   335   335 E i2c_geni 98c000.i2c: i2c error :-107
08-05 22:54:45.873   335   335 E i2c_geni 98c000.i2c: i2c error :-107
08-05 22:54:45.878   335   335 I google_battery: init_work done
08-05 22:54:45.880    70    70 I google_charger: MSC_CHG battery present
08-05 22:54:45.880    70    70 I google_charger: dead battery cleared uptime=1
08-05 22:54:45.880    70    70 I google_charger: MSC_CHG no power source, disabling charging
08-05 22:54:45.880    70    70 I sm7250_bms: CHARGE_DISABLE : disable=1 -> val=0 (0)
08-05 22:54:45.880    70    70 I google_battery: MSC_DIN chg_state=0 f=0x0 chg_s=Unknown chg_t=Unknown vchg=0 icl=0
08-05 22:54:45.880    70    70 I google_battery: RES: req:0, sample:0[0], filt_cnt:0, res_avg:0
08-05 22:54:45.880    70    70 I google_battery: MSC_VOTE fv_uv=-1 cc_max=0 update_interval=-1
08-05 22:54:45.893   514   514 W auditd  : type=1403 audit(0.0:2): auid=4294967295 ses=4294967295 lsm=selinux res=1
08-05 22:54:45.893   514   514 W auditd  : type=1404 audit(0.0:3): enforcing=1 old_enforcing=0 auid=4294967295 ses=4294967295 enabled=1 old-enabled=1 lsm=selinux res=1
08-05 22:54:45.898     1     1 I selinux : SELinux: Loaded policy from /sepolicy
08-05 22:54:45.898     1     1 I selinux :  
08-05 22:54:45.899     1     1 I selinux : SELinux: Loaded file_contexts
08-05 22:54:45.899     1     1 I selinux :  
08-05 22:54:45.910     1     1 I init    : init second stage started!
08-05 22:54:45.918     1     1 I init    : Using Android DT directory /proc/device-tree/firmware/android/
08-05 22:54:45.918     1     1 W init    : Couldn't load property file '/system/etc/prop.default': open() failed: No such file or directory: No such file or directory
08-05 22:54:45.920     1     1 W init    : Overriding previous 'ro.' property 'debug.sf.hw':'0' with new value '1'
08-05 22:54:45.920     1     1 W init    : Overriding previous 'ro.' property 'ro.config.notification_sound':'OnTheHunt.ogg' with new value 'pixiedust.ogg'
08-05 22:54:45.920     1     1 W init    : Overriding previous 'ro.' property 'ro.postinstall.fstab.prefix':'/system' with new value '/product'
08-05 22:54:45.920     1     1 W init    : Couldn't load property file '/system/build.prop': open() failed: No such file or directory: No such file or directory
08-05 22:54:45.920     1     1 W init    : Couldn't load property file '/system_ext/build.prop': open() failed: No such file or directory: No such file or directory
08-05 22:54:45.920     1     1 W init    : Couldn't load property file '/vendor/default.prop': open() failed: No such file or directory: No such file or directory
08-05 22:54:45.920     1     1 W init    : Couldn't load property file '/vendor/build.prop': open() failed: No such file or directory: No such file or directory
08-05 22:54:45.920     1     1 W init    : Couldn't load property file '/odm/etc/build.prop': open() failed: No such file or directory: No such file or directory
08-05 22:54:45.920     1     1 W init    : Couldn't load property file '/product/build.prop': open() failed: No such file or directory: No such file or directory
08-05 22:54:45.921     1     1 W init    : Couldn't load property file '/factory/factory.prop': open() failed: No such file or directory: No such file or directory
08-05 22:54:45.921     1     1 I init    : Setting product property ro.product.brand to 'Android' (from ro.product.product.brand)
08-05 22:54:45.921     1     1 I init    : Setting product property ro.product.device to 'redfin' (from ro.product.product.device)
08-05 22:54:45.921     1     1 I init    : Setting product property ro.product.manufacturer to 'Google' (from ro.product.product.manufacturer)
08-05 22:54:45.921     1     1 I init    : Setting product property ro.product.model to 'AOSP on redfin' (from ro.product.product.model)
08-05 22:54:45.921     1     1 I init    : Setting product property ro.product.name to 'twrp_redfin' (from ro.product.product.name)
08-05 22:54:45.921     1     1 I init    : Setting property 'ro.build.fingerprint' to 'Android/twrp_redfin/redfin:127/RQ1A.210205.004/8:eng/test-keys'
08-05 22:54:45.922     1     1 I selinux : SELinux: Loaded file_contexts
08-05 22:54:45.922     1     1 I selinux :  
08-05 22:54:45.922     1     1 I init    : Running restorecon...
08-05 22:54:45.926     1     1 E selinux : SELinux: Could not get canonical path for /metadata/ota/rollback-indicator restorecon: No such file or directory.
08-05 22:54:45.926     1     1 E selinux :  
08-05 22:54:45.926     1     1 E selinux : SELinux:  Could not stat /metadata/gsi: No such file or directory.
08-05 22:54:45.926     1     1 E selinux :  
08-05 22:54:45.926     1     1 I init    : Created socket '/dev/socket/property_service', mode 666, user 0, group 0
08-05 22:54:45.931     1     1 I init    : SetupMountNamespaces done
08-05 22:54:45.931     1     1 I init    : Forked subcontext for 'u:r:vendor_init:s0' with pid 502
08-05 22:54:45.931     1     1 I init    : Parsing file /system/etc/init/hw/init.rc...
08-05 22:54:45.931     1     1 I init    : Added '/init.recovery.logd.rc' to import list
08-05 22:54:45.931     1     1 I init    : Added '/init.recovery.ldconfig.rc' to import list
08-05 22:54:45.931     1     1 I init    : Added '/init.recovery.mksh.rc' to import list
08-05 22:54:45.931     1     1 I init    : Added '/init.recovery.usb.rc' to import list
08-05 22:54:45.931     1     1 I init    : Added '/init.recovery.service.rc' to import list
08-05 22:54:45.931     1     1 I init    : Added '/init.recovery.vold_decrypt.rc' to import list
08-05 22:54:45.931     1     1 I init    : Added '/init.recovery.redfin.rc' to import list
08-05 22:54:45.931     1     1 I init    : Parsing file /init.recovery.logd.rc...
08-05 22:54:45.932     1     1 I init    : Parsing file /init.recovery.ldconfig.rc...
08-05 22:54:45.932     1     1 I init    : Parsing file /init.recovery.mksh.rc...
08-05 22:54:45.932     1     1 I init    : Unable to read config file '/init.recovery.mksh.rc': open() failed: No such file or directory
08-05 22:54:45.932     1     1 I init    : Parsing file /init.recovery.usb.rc...
08-05 22:54:45.932     1     1 I init    : Parsing file /init.recovery.service.rc...
08-05 22:54:45.932     1     1 I init    : Parsing file /init.recovery.vold_decrypt.rc...
08-05 22:54:45.932     1     1 I init    : Unable to read config file '/init.recovery.vold_decrypt.rc': open() failed: No such file or directory
08-05 22:54:45.932     1     1 I init    : Parsing file /init.recovery.redfin.rc...
08-05 22:54:45.932     1     1 I init    : Parsing directory /system/etc/init...
08-05 22:54:45.932     1     1 I init    : Parsing file /system/etc/init/android.hardware.boot@1.0-service.rc...
08-05 22:54:45.932     1     1 I init    : Parsing file /system/etc/init/android.hardware.boot@1.1-service.rc...
08-05 22:54:45.932     1     1 I init    : Parsing file /system/etc/init/android.hardware.health@2.0-service.rc...
08-05 22:54:45.932     1     1 I init    : Parsing file /system/etc/init/android.hardware.health@2.1-service.rc...
08-05 22:54:45.932     1     1 I init    : Parsing file /system/etc/init/hwservicemanager.rc...
08-05 22:54:45.932     1     1 I init    : Parsing file /system/etc/init/lpdumpd.rc...
08-05 22:54:45.932     1     1 I init    : Parsing file /system/etc/init/nano.rc...
08-05 22:54:45.932     1     1 I init    : Parsing file /system/etc/init/servicemanager.rc...
08-05 22:54:45.932     1     1 I init    : Parsing file /system/etc/init/vndservicemanager.rc...
08-05 22:54:45.932     1     1 I init    : Parsing file /system_ext/etc/init...
08-05 22:54:45.932     1     1 I init    : Unable to read config file '/system_ext/etc/init': open() failed: No such file or directory
08-05 22:54:45.932     1     1 I init    : Parsing file /product/etc/init...
08-05 22:54:45.932     1     1 I init    : Unable to read config file '/product/etc/init': open() failed: No such file or directory
08-05 22:54:45.932     1     1 I init    : Parsing file /odm/etc/init...
08-05 22:54:45.932     1     1 I init    : Unable to read config file '/odm/etc/init': open() failed: No such file or directory
08-05 22:54:45.932     1     1 I init    : Parsing file /vendor/etc/init...
08-05 22:54:45.932     1     1 I init    : Unable to read config file '/vendor/etc/init': open() failed: No such file or directory
08-05 22:54:45.933     1     1 I init    : processing action (SetupCgroups) from (<Builtin Action>:0)
08-05 22:54:45.933     1     1 E libprocessgroup: restored ownership for cgroup2 cgroup
08-05 22:54:45.934     1     1 I init    : processing action (SetKptrRestrict) from (<Builtin Action>:0)
08-05 22:54:45.934     1     1 I init    : processing action (TestPerfEventSelinux) from (<Builtin Action>:0)
08-05 22:54:45.934     1     1 I init    : processing action (early-init) from (/system/etc/init/hw/init.rc:9)
08-05 22:54:45.934     1     1 I init    : Command 'mount cgroup none /acct cpuacct' action=early-init (/system/etc/init/hw/init.rc:14) took 0ms and failed: mount() failed: Device or resource busy
08-05 22:54:45.935     1     1 I init    : starting service 'ueventd'...
08-05 22:54:45.937     1     1 I init    : processing action (early-init) from (/init.recovery.redfin.rc:16)
08-05 22:54:45.937     1     1 I init    : wait for '/sys/class/drm/card0' took 0ms
08-05 22:54:45.937     1     1 I init    : processing action (wait_for_coldboot_done) from (<Builtin Action>:0)
08-05 22:54:45.951   503   503 I ueventd : ueventd started!
08-05 22:54:45.952   503   503 I selinux : SELinux: Loaded file_contexts
08-05 22:54:45.952   503   503 I selinux :  
08-05 22:54:45.952   503   503 I ueventd : Parsing file /system/etc/ueventd.rc...
08-05 22:54:45.952   503   503 I ueventd : Parsing file /vendor/ueventd.rc...
08-05 22:54:45.952   503   503 I ueventd : Unable to read config file '/vendor/ueventd.rc': open() failed: No such file or directory
08-05 22:54:45.952   503   503 I ueventd : Parsing file /odm/ueventd.rc...
08-05 22:54:45.952   503   503 I ueventd : Unable to read config file '/odm/ueventd.rc': open() failed: No such file or directory
08-05 22:54:45.952   503   503 I ueventd : Parsing file /ueventd.redfin.rc...
08-05 22:54:45.952   503   503 I ueventd : Unable to read config file '/ueventd.redfin.rc': open() failed: No such file or directory
08-05 22:54:45.992   503   503 W synth uevent: /devices/platform/soc/98c000.i2c/i2c-1/1-003b/power_supply/wireless: failed to send uevent
08-05 22:54:45.992   503   503 E power_supply wireless: uevent: failed to send synthetic uevent
08-05 22:54:46.003   503   503 E qcom,qpnp-smb5 c440000.qcom,spmi: qcom,pm7250b@2:qcom,qpnp-smb5: Couldn't get POWER_SUPPLY_PROP_VOLTAGE_REGULATION, rc=-22
08-05 22:54:46.003   503   503 E qcom,qpnp-smb5 c440000.qcom,spmi: qcom,pm7250b@2:qcom,qpnp-smb5: Couldn't get VOLTAGE_MAX, rc=-19
08-05 22:54:46.003   503   503 E qcom,qpnp-smb5 c440000.qcom,spmi: qcom,pm7250b@2:qcom,qpnp-smb5: Couldn't get POWER_SUPPLY_PROP_VOLTAGE_REGULATION, rc=-22
08-05 22:54:46.009   503   503 I sm7250_bms: MSC_PCS chg_state=e9701020000 [0x0:1:2:3735:0] chg=
08-05 22:54:46.009   503   503 I sm7250_bms: CHGR_ENG_CHARGING_CFG_REG = 0x04
08-05 22:54:46.086   512   512 I ueventd : firmware: loading 'drv2624.bin' for '/devices/platform/soc/98c000.i2c/i2c-1/1-005a/firmware/drv2624.bin'
08-05 22:54:46.113   501   501 I init    : Wait for property 'ro.cold_boot_done=true' took 175ms
08-05 22:54:46.113     1     1 I init    : processing action (MixHwrngIntoLinuxRng) from (<Builtin Action>:0)
08-05 22:54:46.113   503   503 I ueventd : Coldboot took 0.16 seconds
08-05 22:54:46.118     1     1 I init    : Mixed 512 bytes from /dev/hw_random into /dev/urandom
08-05 22:54:46.118     1     1 I init    : processing action (SetMmapRndBits) from (<Builtin Action>:0)
08-05 22:54:46.118     1     1 I init    : processing action (KeychordInit) from (<Builtin Action>:0)
08-05 22:54:46.118     1     1 I init    : processing action (init) from (/system/etc/init/hw/init.rc:24)
08-05 22:54:46.120     1     1 I init    : Command 'symlink /system/bin /bin' action=init (/system/etc/init/hw/init.rc:36) took 0ms and failed: symlink() failed: File exists
08-05 22:54:46.120     1     1 I init    : Command 'symlink /system/etc /etc' action=init (/system/etc/init/hw/init.rc:37) took 0ms and failed: symlink() failed: File exists
08-05 22:54:46.120     1     1 I init    : Command 'mount cgroup none /acct cpuacct' action=init (/system/etc/init/hw/init.rc:39) took 0ms and failed: mount() failed: Device or resource busy
08-05 22:54:46.123   514   514 I init    : type=1400 audit(0.0:4): avc: denied { entrypoint } for path="/system/bin/logd" dev="rootfs" ino=15699 scontext=u:r:logd:s0 tcontext=u:object_r:rootfs:s0 tclass=file permissive=1
08-05 22:54:46.123   514   514 I logd    : type=1400 audit(0.0:5): avc: denied { map } for path="/system/bin/logd" dev="rootfs" ino=15699 scontext=u:r:logd:s0 tcontext=u:object_r:rootfs:s0 tclass=file permissive=1
08-05 22:54:46.123   514   514 I logd    : type=1400 audit(0.0:6): avc: denied { read } for path="/system/bin/logd" dev="rootfs" ino=15699 scontext=u:r:logd:s0 tcontext=u:object_r:rootfs:s0 tclass=file permissive=1
08-05 22:54:46.123   514   514 I logd    : type=1400 audit(0.0:7): avc: denied { execute } for path="/system/bin/logd" dev="rootfs" ino=15699 scontext=u:r:logd:s0 tcontext=u:object_r:rootfs:s0 tclass=file permissive=1
08-05 22:54:46.123   514   514 I logd    : type=1400 audit(0.0:8): avc: denied { getattr } for path="/system/bin/logd" dev="rootfs" ino=15699 scontext=u:r:logd:s0 tcontext=u:object_r:rootfs:s0 tclass=file permissive=1
08-05 22:54:46.123   514   514 I logd    : type=1400 audit(0.0:9): avc: denied { read } for name="bin" dev="rootfs" ino=15193 scontext=u:r:logd:s0 tcontext=u:object_r:rootfs:s0 tclass=dir permissive=1
08-05 22:54:46.123   514   514 I logd    : type=1400 audit(0.0:10): avc: denied { open } for path="/system/lib64/libsysutils.so" dev="rootfs" ino=15477 scontext=u:r:logd:s0 tcontext=u:object_r:rootfs:s0 tclass=file permissive=1
08-05 22:54:46.124     1     1 I init    : processing action (init) from (/init.recovery.logd.rc:1)
08-05 22:54:46.124     1     1 I init    : starting service 'logd'...
08-05 22:54:46.124     1     1 I init    : Created socket '/dev/socket/logdr', mode 666, user 0, group 0
08-05 22:54:46.124     1     1 I init    : Created socket '/dev/socket/logdw', mode 222, user 0, group 0
08-05 22:54:46.124     1     1 I init    : Opened file '/proc/kmsg', flags 0
08-05 22:54:46.124     1     1 I init    : Opened file '/dev/kmsg', flags 1
08-05 22:54:46.127     1     1 I init    : processing action (init) from (/init.recovery.redfin.rc:5)
08-05 22:54:46.128     1     1 I init    : processing action (init) from (/init.recovery.redfin.rc:41)
08-05 22:54:46.129     1     1 I init    : processing action (init) from (/system/etc/init/hwservicemanager.rc:1)
08-05 22:54:46.129     1     1 I init    : starting service 'hwservicemanager'...
08-05 22:54:46.129   514   514 E libprocessgroup: Failed to read task profiles from /etc/task_profiles.json
08-05 22:54:46.129   514   514 E libprocessgroup: Loading /etc/task_profiles.json for [514] failed
08-05 22:54:46.129   514   514 W libprocessgroup: Failed to find SCHED_SP_BACKGROUNDtask profile: No such file or directory
08-05 22:54:46.129   514   514 D logd    : Cannot read /system/etc/event-log-tags
08-05 22:54:46.130   514   514 I logd.auditd: start
08-05 22:54:46.131     1     1 I init    : processing action (init) from (/system/etc/init/servicemanager.rc:1)
08-05 22:54:46.131     1     1 I init    : starting service 'servicemanager'...
08-05 22:54:46.133   520   520 I servicemanager: type=1400 audit(0.0:16): avc: denied { create } for scontext=u:r:recovery:s0 tcontext=u:r:recovery:s0 tclass=netlink_selinux_socket permissive=1
08-05 22:54:46.133   520   520 I servicemanager: type=1400 audit(0.0:17): avc: denied { bind } for scontext=u:r:recovery:s0 tcontext=u:r:recovery:s0 tclass=netlink_selinux_socket permissive=1
08-05 22:54:46.133   520   520 I servicemanager: type=1400 audit(0.0:18): avc: denied { read } for name="perms" dev="selinuxfs" ino=67112389 scontext=u:r:recovery:s0 tcontext=u:object_r:selinuxfs:s0 tclass=dir permissive=1
08-05 22:54:46.133   520   520 I servicemanager: type=1400 audit(0.0:19): avc: denied { open } for path="/sys/fs/selinux/class/service_manager/perms" dev="selinuxfs" ino=67112389 scontext=u:r:recovery:s0 tcontext=u:object_r:selinuxfs:s0 tclass=dir permissive=1
08-05 22:54:46.133   520   520 I servicemanager: type=1400 audit(0.0:20): avc: denied { write } for name="access" dev="selinuxfs" ino=6 scontext=u:r:recovery:s0 tcontext=u:object_r:selinuxfs:s0 tclass=file permissive=1
08-05 22:54:46.133   520   520 I servicemanager: type=1400 audit(0.0:21): avc: denied { compute_av } for scontext=u:r:recovery:s0 tcontext=u:object_r:kernel:s0 tclass=security permissive=1
08-05 22:54:46.133   520   520 I servicemanager: type=1400 audit(0.0:22): avc: denied { set_context_mgr } for scontext=u:r:recovery:s0 tcontext=u:r:recovery:s0 tclass=binder permissive=1
08-05 22:54:46.133     1     1 I init    : processing action (init) from (/system/etc/init/vndservicemanager.rc:1)
08-05 22:54:46.133     1     1 I init    : starting service 'vndservicemanager'...
08-05 22:54:46.134   521   521 E init    : failed to write pid to files: couldn't write 521 to /dev/cpuset/system-background/tasks: No such file or directory
08-05 22:54:46.135     1     1 I init    : processing action (MixHwrngIntoLinuxRng) from (<Builtin Action>:0)
08-05 22:54:46.136   521   521 I vndservicemanag: type=1400 audit(0.0:23): avc: denied { read } for name="vndbinder" dev="binder" ino=6 scontext=u:r:recovery:s0 tcontext=u:object_r:vndbinder_device:s0 tclass=chr_file permissive=1
08-05 22:54:46.136   521   521 I vndservicemanag: type=1400 audit(0.0:24): avc: denied { write } for name="vndbinder" dev="binder" ino=6 scontext=u:r:recovery:s0 tcontext=u:object_r:vndbinder_device:s0 tclass=chr_file permissive=1
08-05 22:54:46.136   521   521 I vndservicemanag: type=1400 audit(0.0:25): avc: denied { open } for path="/dev/binderfs/vndbinder" dev="binder" ino=6 scontext=u:r:recovery:s0 tcontext=u:object_r:vndbinder_device:s0 tclass=chr_file permissive=1
08-05 22:54:46.136   521   521 I vndservicemanag: type=1400 audit(0.0:26): avc: denied { ioctl } for path="/dev/binderfs/vndbinder" dev="binder" ino=6 ioctlcmd=0x6209 scontext=u:r:recovery:s0 tcontext=u:object_r:vndbinder_device:s0 tclass=chr_file permissive=1
08-05 22:54:46.136   521   521 I vndservicemanag: type=1400 audit(0.0:27): avc: denied { map } for path="/dev/binderfs/vndbinder" dev="binder" ino=6 scontext=u:r:recovery:s0 tcontext=u:object_r:vndbinder_device:s0 tclass=chr_file permissive=1
08-05 22:54:46.136     1     1 I init    : Mixed 512 bytes from /dev/hw_random into /dev/urandom
08-05 22:54:46.136     1     1 I init    : processing action (late-init) from (/system/etc/init/hw/init.rc:80)
08-05 22:54:46.137     1     1 I init    : processing action (queue_property_triggers) from (<Builtin Action>:0)
08-05 22:54:46.137     1     1 I init    : processing action (ro.debuggable=1 && fs) from (/system/etc/init/hw/init.rc:113)
08-05 22:54:46.137   520   520 I SELinux : SELinux: Loaded service_contexts from:
08-05 22:54:46.137   520   520 I SELinux :     /system/etc/selinux/plat_service_contexts
08-05 22:54:46.137     1     1 I init    : processing action (sys.usb.configfs=1 && fs) from (/system/etc/init/hw/init.rc:125)
08-05 22:54:46.137   520   520 E SELinux : avc:  denied  { add } for pid=520 uid=0 name=manager scontext=u:r:recovery:s0 tcontext=u:object_r:service_manager_service:s0 tclass=service_manager permissive=1
08-05 22:54:46.140     1     1 I         : file system registered
08-05 22:54:46.141     1     1 I init    : processing action (fs) from (/system/etc/init/hw/init.rc:145)
08-05 22:54:46.141   521   521 I SELinux : SELinux: Loaded service_contexts from:
08-05 22:54:46.141   521   521 I SELinux :     /vendor/etc/selinux/vndservice_contexts
08-05 22:54:46.141   521   521 E SELinux : avc:  denied  { add } for pid=521 uid=0 name=manager scontext=u:r:recovery:s0 tcontext=u:object_r:service_manager_vndservice:s0 tclass=service_manager permissive=1
08-05 22:54:46.143     1     1 I init    : processing action (fs) from (/init.recovery.ldconfig.rc:1)
08-05 22:54:46.143     1     1 I init    : processing action (fs) from (/init.recovery.usb.rc:17)
08-05 22:54:46.148     1     1 I f_cdev_alloc: port_name:at_usb0 (0000000000000000) portno:(0)
08-05 22:54:46.149     1     1 I f_cdev_alloc: port_name:at_usb1 (0000000000000000) portno:(1)
08-05 22:54:46.150     1     1 I unknown : type=1107 audit(0.0:28): uid=0 auid=4294967295 ses=4294967295 subj=u:r:init:s0 msg='avc: denied { set } for property=hwservicemanager.ready pid=519 uid=0 gid=0 scontext=u:r:recovery:s0 tcontext=u:object_r:hwservicemanager_prop:s0 tclass=property_service permissive=1'
08-05 22:54:46.153   519   519 E SELinux : avc:  denied  { add } for interface=android.hidl.base::IBase sid=u:r:recovery:s0 pid=519 scontext=u:r:recovery:s0 tcontext=u:object_r:hidl_base_hwservice:s0 tclass=hwservice_manager permissive=1
08-05 22:54:46.154   519   519 E SELinux : avc:  denied  { add } for interface=android.hidl.manager::IServiceManager sid=u:r:recovery:s0 pid=519 scontext=u:r:recovery:s0 tcontext=u:object_r:hidl_manager_hwservice:s0 tclass=hwservice_manager permissive=1
08-05 22:54:46.154     1     1 I init    : processing action (fs) from (/init.recovery.redfin.rc:1)
08-05 22:54:46.154   519   519 E SELinux : avc:  denied  { add } for interface=android.hidl.token::ITokenManager sid=u:r:recovery:s0 pid=519 scontext=u:r:recovery:s0 tcontext=u:object_r:hidl_token_hwservice:s0 tclass=hwservice_manager permissive=1
08-05 22:54:46.154     1     1 I init    : wait for '/dev/block/platform/soc/1d84000.ufshc' took 0ms
08-05 22:54:46.154     1     1 I init    : processing action (fs) from (/init.recovery.redfin.rc:30)
08-05 22:54:46.154     1     1 I init    : wait for '/dev/block/platform/soc/1d84000.ufshc' took 0ms
08-05 22:54:46.155   519   519 I hwservicemanager: hwservicemanager is ready now.
08-05 22:54:46.155     1     1 I init    : Command 'symlink /dev/block/platform/soc/${ro.boot.bootdevice} /dev/block/bootdevice' action=fs (/init.recovery.redfin.rc:32) took 0ms and failed: symlink() failed: File exists
08-05 22:54:46.156     1     1 I init    : processing action (fs) from (/system/etc/init/nano.rc:1)
08-05 22:54:46.156     1     1 I init    : processing action (post-fs-data) from (/system/etc/init/hw/init.rc:92)
08-05 22:54:46.156     1     1 I init    : processing action (firmware_mounts_complete) from (/system/etc/init/hw/init.rc:76)
08-05 22:54:46.156     1     1 I init    : processing action (boot) from (/system/etc/init/hw/init.rc:69)
08-05 22:54:46.157     1     1 I init    : starting service 'recovery'...
08-05 22:54:46.157     1     1 I init    : Created socket '/dev/socket/recovery', mode 422, user 1000, group 1000
08-05 22:54:46.159     1     1 I init    : processing action (boot) from (/init.recovery.redfin.rc:26)
08-05 22:54:46.160     1     1 I init    : processing action (enable_property_trigger) from (<Builtin Action>:0)
08-05 22:54:46.160     1     1 I init    : processing action (ro.debuggable=1) from (/system/etc/init/hw/init.rc:107)
08-05 22:54:46.160     1     1 I init    : processing action (sys.usb.config=adb) from (/system/etc/init/hw/init.rc:153)
08-05 22:54:46.160     1     1 I init    : starting service 'adbd'...
08-05 22:54:46.161     1     1 I init    : Created socket '/dev/socket/adbd', mode 660, user 1000, group 1000
08-05 22:54:46.162     1     1 I init    : processing action (service.adb.root=1) from (/system/etc/init/hw/init.rc:122)
08-05 22:54:46.162     1     1 I init    : Sending signal 9 to service 'adbd' (pid 530) process group...
08-05 22:54:46.168     1     1 I libprocessgroup: Successfully killed process cgroup uid 0 pid 530 in 5ms
08-05 22:54:46.168     1     1 I init    : Service 'adbd' (pid 530) received signal 9
08-05 22:54:46.187   512   512 E ueventd : firmware: could not find firmware for drv2624.bin
08-05 22:54:46.187   512   512 E ueventd : firmware: attempted /etc/firmware/drv2624.bin, open failed: No such file or directory
08-05 22:54:46.187   512   512 E ueventd : firmware: attempted /odm/firmware/drv2624.bin, open failed: No such file or directory
08-05 22:54:46.187   512   512 E ueventd : firmware: attempted /vendor/firmware/drv2624.bin, open failed: No such file or directory
08-05 22:54:46.187   512   512 E ueventd : firmware: attempted /firmware/image/drv2624.bin, open failed: No such file or directory
08-05 22:54:46.187   512   512 I ueventd : loading /devices/platform/soc/98c000.i2c/i2c-1/1-005a/firmware/drv2624.bin took 101ms
08-05 22:54:46.187   126   126 E drv2624 1-005a: drv2624_firmware_load, ERROR!! firmware not found
08-05 22:54:46.187     1     1 I init    : Untracked pid 512 exited with status 0
08-05 22:54:46.203   529   529 I recovery: type=1400 audit(0.0:29): avc: denied { read } for name="backlight" dev="sysfs" ino=28270 scontext=u:r:recovery:s0 tcontext=u:object_r:sysfs:s0 tclass=dir permissive=1
08-05 22:54:46.203   529   529 I recovery: type=1400 audit(0.0:30): avc: denied { open } for path="/sys/class/backlight" dev="sysfs" ino=28270 scontext=u:r:recovery:s0 tcontext=u:object_r:sysfs:s0 tclass=dir permissive=1
08-05 22:54:46.206     1     1 I unknown : type=1107 audit(0.0:31): uid=0 auid=4294967295 ses=4294967295 subj=u:r:init:s0 msg='avc: denied { set } for property=ro.twrp.boot pid=529 uid=0 gid=0 scontext=u:r:recovery:s0 tcontext=u:object_r:default_prop:s0 tclass=property_service permissive=1'
08-05 22:54:46.246   447   447 I [drm:dsi_display_set_mode] [msm-dsi-info]: mdp_transfer_time_us=14000 us
08-05 22:54:46.246   447   447 I [drm:dsi_display_set_mode] [msm-dsi-info]: hactive= 1080,vactive= 2340,fps=60
08-05 22:54:46.482   447   447 I dsi_backlight_update_status: 468: req:389 bl:391 state:0x0
08-05 22:54:46.502   529   529 I dsi_backlight_update_status: 468: req:80 bl:83 state:0x0
08-05 22:54:46.510   529   529 I recovery: type=1400 audit(0.0:32): avc: denied { execmem } for scontext=u:r:recovery:s0 tcontext=u:r:recovery:s0 tclass=process permissive=1
08-05 22:54:46.510   529   529 I recovery: type=1400 audit(0.0:33): avc: denied { execute } for path="/dev/ashmem8569a003-ccd9-4934-ba3f-6e9c25e4f779" dev="tmpfs" ino=32864 scontext=u:r:recovery:s0 tcontext=u:object_r:ashmem_libcutils_device:s0 tclass=chr_file permissive=1
08-05 22:54:46.514   529   529 I ArmToArm64Assembler: generated scanline__00000077:03010101_00008001_00000000 [195 ipp] (241 ins) at [0x78f55313c0:0x78f5531784] in 30990ns
08-05 22:54:46.530   529   529 I ArmToArm64Assembler: generated scanline__00000077:03545401_00000A01_00000000 [ 69 ipp] (113 ins) at [0x78f5531790:0x78f5531954] in 37813ns
08-05 22:54:46.535   529   529 I ArmToArm64Assembler: generated scanline__00000077:03545401_00000A08_00000000 [ 69 ipp] (116 ins) at [0x78f5531960:0x78f5531b30] in 25729ns
08-05 22:54:46.537   529   529 I [KEY] gpio_keys_gpio_report_event: key 1-73, (0) changed to 0
08-05 22:54:46.670   529   529 I recovery: type=1400 audit(0.0:34): avc: denied { search } for name="battery" dev="sysfs" ino=64380 scontext=u:r:recovery:s0 tcontext=u:object_r:sysfs_batteryinfo:s0 tclass=dir permissive=1
08-05 22:54:46.737     7     7 I qcom,qpnp-smb5 c440000.qcom,spmi: qcom,pm7250b@2:qcom,qpnp-smb5: smblib_lpd_detach_work lpd_stage=0 lpd_reason=0
08-05 22:54:46.869   415   415 I qcom,qpnp-smb5 c440000.qcom,spmi: qcom,pm7250b@2:qcom,qpnp-smb5: typec_attach_detach_irq_handler lpd_stage=2 lpd_reason=0
08-05 22:54:46.870   534   534 I google_charger: MSC_CHG disable_charging -1 -> 0
08-05 22:54:46.870   534   534 I google_charger: MSC_CHG disable_pwrsrc -1 -> 0
08-05 22:54:46.874   534   534 I google_charger: usbchg=USB typec=C usbv=5016 usbc=393 usbMv=5000 usbMc=100
08-05 22:54:46.874   534   534 I sm7250_bms: MSC_PCS chg_state=640e9c01030001 [0x1:1:3:3740:100] chg=u
08-05 22:54:46.874   534   534 I google_battery: MSC_DIN chg_state=640e9c01030001 f=0x1 chg_s=Not Charging chg_t=None vchg=3740 icl=100
08-05 22:54:46.874   534   534 I google_battery: RES: req:1, sample:0[0], filt_cnt:0, res_avg:0
08-05 22:54:46.875   533   533 I google,overheat_mitigation soc: google,overheat_mitigation: Update USB port temp:256
08-05 22:54:46.879   534   534 I google_battery: MSC_JEITA temp=250 ok, enabling charging
08-05 22:54:46.879   534   534 I google_battery: MSC_SEED temp=250 vbatt=3740923 temp_idx:-1->2, vbatt_idx:-1->0
08-05 22:54:46.879   534   534 I google_battery: MSC_LOGIC cv_cnt=3 ov_cnt=0 temp_idx:-1->2, vbatt_idx:-1->0, fv=-1->4200000, cc_max=4000000
08-05 22:54:46.879   534   534 I google_battery: MSC_VOTE fv_uv=4200000 cc_max=4000000 update_interval=30000
08-05 22:54:46.879   534   534 I sm7250_bms: CONSTANT_CHARGE_CURRENT_MAX : ivalue=3900000, val=78 pause=0 (0)
08-05 22:54:46.879   534   534 I sm7250_bms: CONSTANT_CHARGE_VOLTAGE_MAX : ivalue=4200000, val=60 (0)
08-05 22:54:46.879   534   534 I google_charger: MSC_CHG fv_uv=-1->4200000 cc_max=-1->4000000 rc=0
08-05 22:54:46.879   534   534 I google_charger: MSC_CHG fv_uv=4200000, cc_max=4000000, rerun in 2000 ms (0)
08-05 22:54:46.879   534   534 I google_charger: MSC_CHG power source usb=1 wlc=0, enabling charging
08-05 22:54:46.879   534   534 I sm7250_bms: CHARGE_DISABLE : disable=0 -> val=1 (0)
08-05 22:54:46.881    54    54 I google,overheat_mitigation soc: google,overheat_mitigation: Update USB port temp:256
08-05 22:54:46.883   535   535 I google_battery: ttf_soc: estimate=157104
08-05 22:54:46.886   534   534 I google_charger: usbchg=USB typec=C usbv=5016 usbc=392 usbMv=5000 usbMc=100
08-05 22:54:46.886   534   534 I sm7250_bms: MSC_PCS chg_state=640e9c01030011 [0x11:1:3:3740:100] chg=u
08-05 22:54:46.886   534   534 I google_battery: MSC_DIN chg_state=640e9c01030011 f=0x11 chg_s=Not Charging chg_t=None vchg=3740 icl=100
08-05 22:54:46.892   534   534 I google_battery: MSC_DSG vbatt_idx:0->0 vbatt=3740923 ibatt=498657 fv_uv=4200000 cv_cnt=3 ov_cnt=0
08-05 22:54:46.892   534   534 I google_battery: MSC_LOGIC cv_cnt=3 ov_cnt=0 temp_idx:2->2, vbatt_idx:0->0, fv=4200000->4200000, cc_max=4000000
08-05 22:54:46.892   534   534 I google_battery: MSC_VOTE fv_uv=4200000 cc_max=4000000 update_interval=30000
08-05 22:54:46.892   534   534 I google_charger: MSC_CHG fv_uv=4200000, cc_max=4000000, rerun in 2000 ms (0)
08-05 22:54:46.894   536   536 I google_charger: usbchg=USB typec=C usbv=5016 usbc=392 usbMv=5000 usbMc=100
08-05 22:54:46.894   536   536 I sm7250_bms: MSC_PCS chg_state=640e9c01030011 [0x11:1:3:3740:100] chg=u
08-05 22:54:46.894   536   536 I google_battery: MSC_DIN chg_state=640e9c01030011 f=0x11 chg_s=Not Charging chg_t=None vchg=3740 icl=100
08-05 22:54:46.895   536   536 I google_battery: MSC_DSG vbatt_idx:0->0 vbatt=3740923 ibatt=498657 fv_uv=4200000 cv_cnt=3 ov_cnt=0
08-05 22:54:46.895   536   536 I google_battery: MSC_LOGIC cv_cnt=3 ov_cnt=0 temp_idx:2->2, vbatt_idx:0->0, fv=4200000->4200000, cc_max=4000000
08-05 22:54:46.895   536   536 I google_battery: MSC_VOTE fv_uv=4200000 cc_max=4000000 update_interval=30000
08-05 22:54:46.895   536   536 I google_charger: MSC_CHG fv_uv=4200000, cc_max=4000000, rerun in 2000 ms (0)
08-05 22:54:46.970   529   529 I recovery: type=1400 audit(0.0:35): avc: denied { getattr } for path="/system/bin/init" dev="rootfs" ino=15260 scontext=u:r:recovery:s0 tcontext=u:object_r:init_exec:s0 tclass=file permissive=1
08-05 22:54:46.970   529   529 I recovery: type=1400 audit(0.0:36): avc: denied { getattr } for path="/linkerconfig" dev="tmpfs" ino=32691 scontext=u:r:recovery:s0 tcontext=u:object_r:linkerconfig_file:s0 tclass=dir permissive=1
08-05 22:54:47.069   330   330 E msm-usb-ssphy-qmp 88e8000.ssphy: USB DP QMP PHY: Update TYPEC CTRL(3)
08-05 22:54:47.071   330   330 I msm-dwc3 a600000.ssusb: DWC3 exited from low power mode
08-05 22:54:47.080   529   529 I recovery: type=1400 audit(0.0:37): avc: denied { open } for path="/dev/__properties__/u:object_r:adbd_prop:s0" dev="tmpfs" ino=32493 scontext=u:r:recovery:s0 tcontext=u:object_r:adbd_prop:s0 tclass=file permissive=1
08-05 22:54:47.080   529   529 I recovery: type=1400 audit(0.0:38): avc: denied { getattr } for path="/dev/__properties__/u:object_r:adbd_prop:s0" dev="tmpfs" ino=32493 scontext=u:r:recovery:s0 tcontext=u:object_r:adbd_prop:s0 tclass=file permissive=1
08-05 22:54:47.080   529   529 I recovery: type=1400 audit(0.0:39): avc: denied { map } for path="/dev/__properties__/u:object_r:adbd_prop:s0" dev="tmpfs" ino=32493 scontext=u:r:recovery:s0 tcontext=u:object_r:adbd_prop:s0 tclass=file permissive=1
08-05 22:54:47.080   529   529 I recovery: type=1400 audit(0.0:40): avc: denied { open } for path="/dev/__properties__/u:object_r:apexd_prop:s0" dev="tmpfs" ino=32494 scontext=u:r:recovery:s0 tcontext=u:object_r:apexd_prop:s0 tclass=file permissive=1
08-05 22:54:47.080   529   529 I recovery: type=1400 audit(0.0:41): avc: denied { getattr } for path="/dev/__properties__/u:object_r:apexd_prop:s0" dev="tmpfs" ino=32494 scontext=u:r:recovery:s0 tcontext=u:object_r:apexd_prop:s0 tclass=file permissive=1
08-05 22:54:47.080   529   529 I recovery: type=1400 audit(0.0:42): avc: denied { map } for path="/dev/__properties__/u:object_r:apexd_prop:s0" dev="tmpfs" ino=32494 scontext=u:r:recovery:s0 tcontext=u:object_r:apexd_prop:s0 tclass=file permissive=1
08-05 22:54:47.080   529   529 I recovery: type=1400 audit(0.0:43): avc: denied { open } for path="/dev/__properties__/u:object_r:apk_verity_prop:s0" dev="tmpfs" ino=32495 scontext=u:r:recovery:s0 tcontext=u:object_r:apk_verity_prop:s0 tclass=file permissive=1
08-05 22:54:47.080   529   529 I recovery: type=1400 audit(0.0:44): avc: denied { getattr } for path="/dev/__properties__/u:object_r:apk_verity_prop:s0" dev="tmpfs" ino=32495 scontext=u:r:recovery:s0 tcontext=u:object_r:apk_verity_prop:s0 tclass=file permissive=1
08-05 22:54:47.080   529   529 I recovery: type=1400 audit(0.0:45): avc: denied { map } for path="/dev/__properties__/u:object_r:apk_verity_prop:s0" dev="tmpfs" ino=32495 scontext=u:r:recovery:s0 tcontext=u:object_r:apk_verity_prop:s0 tclass=file permissive=1
08-05 22:54:47.080   529   529 I recovery: type=1400 audit(0.0:46): avc: denied { open } for path="/dev/__properties__/u:object_r:bluetooth_a2dp_offload_prop:s0" dev="tmpfs" ino=32500 scontext=u:r:recovery:s0 tcontext=u:object_r:bluetooth_a2dp_offload_prop:s0 tclass=file permissive=1
08-05 22:54:47.080   529   529 I recovery: type=1400 audit(0.0:47): avc: denied { getattr } for path="/dev/__properties__/u:object_r:bluetooth_a2dp_offload_prop:s0" dev="tmpfs" ino=32500 scontext=u:r:recovery:s0 tcontext=u:object_r:bluetooth_a2dp_offload_prop:s0 tclass=file permissive=1
08-05 22:54:47.080   529   529 I recovery: type=1400 audit(0.0:48): avc: denied { map } for path="/dev/__properties__/u:object_r:bluetooth_a2dp_offload_prop:s0" dev="tmpfs" ino=32500 scontext=u:r:recovery:s0 tcontext=u:object_r:bluetooth_a2dp_offload_prop:s0 tclass=file permissive=1
08-05 22:54:47.080   529   529 I recovery: type=1400 audit(0.0:49): avc: denied { open } for path="/dev/__properties__/u:object_r:bluetooth_audio_hal_prop:s0" dev="tmpfs" ino=32501 scontext=u:r:recovery:s0 tcontext=u:object_r:bluetooth_audio_hal_prop:s0 tclass=file permissive=1
08-05 22:54:47.080   529   529 I recovery: type=1400 audit(0.0:50): avc: denied { getattr } for path="/dev/__properties__/u:object_r:bluetooth_audio_hal_prop:s0" dev="tmpfs" ino=32501 scontext=u:r:recovery:s0 tcontext=u:object_r:bluetooth_audio_hal_prop:s0 tclass=file permissive=1
08-05 22:54:47.080   529   529 I recovery: type=1400 audit(0.0:51): avc: denied { map } for path="/dev/__properties__/u:object_r:bluetooth_audio_hal_prop:s0" dev="tmpfs" ino=32501 scontext=u:r:recovery:s0 tcontext=u:object_r:bluetooth_audio_hal_prop:s0 tclass=file permissive=1
08-05 22:54:47.080   529   529 I recovery: type=1400 audit(0.0:52): avc: denied { open } for path="/dev/__properties__/u:object_r:bluetooth_prop:s0" dev="tmpfs" ino=32502 scontext=u:r:recovery:s0 tcontext=u:object_r:bluetooth_prop:s0 tclass=file permissive=1
08-05 22:54:47.080   529   529 I recovery: type=1400 audit(0.0:53): avc: denied { getattr } for path="/dev/__properties__/u:object_r:bluetooth_prop:s0" dev="tmpfs" ino=32502 scontext=u:r:recovery:s0 tcontext=u:object_r:bluetooth_prop:s0 tclass=file permissive=1
08-05 22:54:47.080   529   529 I recovery: type=1400 audit(0.0:54): avc: denied { map } for path="/dev/__properties__/u:object_r:bluetooth_prop:s0" dev="tmpfs" ino=32502 scontext=u:r:recovery:s0 tcontext=u:object_r:bluetooth_prop:s0 tclass=file permissive=1
08-05 22:54:47.080   529   529 I recovery: type=1400 audit(0.0:55): avc: denied { open } for path="/dev/__properties__/u:object_r:boottime_prop:s0" dev="tmpfs" ino=32504 scontext=u:r:recovery:s0 tcontext=u:object_r:boottime_prop:s0 tclass=file permissive=1
08-05 22:54:47.080   529   529 I recovery: type=1400 audit(0.0:56): avc: denied { getattr } for path="/dev/__properties__/u:object_r:boottime_prop:s0" dev="tmpfs" ino=32504 scontext=u:r:recovery:s0 tcontext=u:object_r:boottime_prop:s0 tclass=file permissive=1
08-05 22:54:47.080   529   529 I recovery: type=1400 audit(0.0:57): avc: denied { map } for path="/dev/__properties__/u:object_r:boottime_prop:s0" dev="tmpfs" ino=32504 scontext=u:r:recovery:s0 tcontext=u:object_r:boottime_prop:s0 tclass=file permissive=1
08-05 22:54:47.080   529   529 I recovery: type=1400 audit(0.0:58): avc: denied { open } for path="/dev/__properties__/u:object_r:boottime_public_prop:s0" dev="tmpfs" ino=32505 scontext=u:r:recovery:s0 tcontext=u:object_r:boottime_public_prop:s0 tclass=file permissive=1
08-05 22:54:47.080   529   529 I recovery: type=1400 audit(0.0:59): avc: denied { getattr } for path="/dev/__properties__/u:object_r:boottime_public_prop:s0" dev="tmpfs" ino=32505 scontext=u:r:recovery:s0 tcontext=u:object_r:boottime_public_prop:s0 tclass=file permissive=1
08-05 22:54:47.080   529   529 I recovery: type=1400 audit(0.0:60): avc: denied { map } for path="/dev/__properties__/u:object_r:boottime_public_prop:s0" dev="tmpfs" ino=32505 scontext=u:r:recovery:s0 tcontext=u:object_r:boottime_public_prop:s0 tclass=file permissive=1
08-05 22:54:47.080   529   529 I recovery: type=1400 audit(0.0:61): avc: denied { open } for path="/dev/__properties__/u:object_r:bpf_progs_loaded_prop:s0" dev="tmpfs" ino=32506 scontext=u:r:recovery:s0 tcontext=u:object_r:bpf_progs_loaded_prop:s0 tclass=file permissive=1
08-05 22:54:47.080   529   529 I recovery: type=1400 audit(0.0:62): avc: denied { getattr } for path="/dev/__properties__/u:object_r:bpf_progs_loaded_prop:s0" dev="tmpfs" ino=32506 scontext=u:r:recovery:s0 tcontext=u:object_r:bpf_progs_loaded_prop:s0 tclass=file permissive=1
08-05 22:54:47.080   529   529 I recovery: type=1400 audit(0.0:63): avc: denied { map } for path="/dev/__properties__/u:object_r:bpf_progs_loaded_prop:s0" dev="tmpfs" ino=32506 scontext=u:r:recovery:s0 tcontext=u:object_r:bpf_progs_loaded_prop:s0 tclass=file permissive=1
08-05 22:54:47.080   529   529 I recovery: type=1400 audit(0.0:64): avc: denied { open } for path="/dev/__properties__/u:object_r:charger_prop:s0" dev="tmpfs" ino=32508 scontext=u:r:recovery:s0 tcontext=u:object_r:charger_prop:s0 tclass=file permissive=1
08-05 22:54:47.080   529   529 I recovery: type=1400 audit(0.0:65): avc: denied { getattr } for path="/dev/__properties__/u:object_r:charger_prop:s0" dev="tmpfs" ino=32508 scontext=u:r:recovery:s0 tcontext=u:object_r:charger_prop:s0 tclass=file permissive=1
08-05 22:54:47.080   529   529 I recovery: type=1400 audit(0.0:66): avc: denied { map } for path="/dev/__properties__/u:object_r:charger_prop:s0" dev="tmpfs" ino=32508 scontext=u:r:recovery:s0 tcontext=u:object_r:charger_prop:s0 tclass=file permissive=1
08-05 22:54:47.080   529   529 I recovery: type=1400 audit(0.0:67): avc: denied { open } for path="/dev/__properties__/u:object_r:cold_boot_done_prop:s0" dev="tmpfs" ino=32509 scontext=u:r:recovery:s0 tcontext=u:object_r:cold_boot_done_prop:s0 tclass=file permissive=1
08-05 22:54:47.080   529   529 I recovery: type=1400 audit(0.0:68): avc: denied { getattr } for path="/dev/__properties__/u:object_r:cold_boot_done_prop:s0" dev="tmpfs" ino=32509 scontext=u:r:recovery:s0 tcontext=u:object_r:cold_boot_done_prop:s0 tclass=file permissive=1
08-05 22:54:47.080   529   529 I recovery: type=1400 audit(0.0:69): avc: denied { map } for path="/dev/__properties__/u:object_r:cold_boot_done_prop:s0" dev="tmpfs" ino=32509 scontext=u:r:recovery:s0 tcontext=u:object_r:cold_boot_done_prop:s0 tclass=file permissive=1
